Archive member included to satisfy reference by file (symbol)

c:/program files (x86)/atmel/studio/7.0/toolchain/arm/arm-gnu-toolchain/bin/../lib/gcc/arm-none-eabi/5.3.1/../../../../arm-none-eabi/lib/armv7e-m\libm.a(lib_a-s_atan.o)
                              main.o (atan)
c:/program files (x86)/atmel/studio/7.0/toolchain/arm/arm-gnu-toolchain/bin/../lib/gcc/arm-none-eabi/5.3.1/../../../../arm-none-eabi/lib/armv7e-m\libm.a(lib_a-s_fabs.o)
                              c:/program files (x86)/atmel/studio/7.0/toolchain/arm/arm-gnu-toolchain/bin/../lib/gcc/arm-none-eabi/5.3.1/../../../../arm-none-eabi/lib/armv7e-m\libm.a(lib_a-s_atan.o) (fabs)
c:/program files (x86)/atmel/studio/7.0/toolchain/arm/arm-gnu-toolchain/bin/../lib/gcc/arm-none-eabi/5.3.1/../../../../arm-none-eabi/lib/armv7e-m\libm.a(lib_a-w_atan2.o)
                              main.o (atan2)
c:/program files (x86)/atmel/studio/7.0/toolchain/arm/arm-gnu-toolchain/bin/../lib/gcc/arm-none-eabi/5.3.1/../../../../arm-none-eabi/lib/armv7e-m\libm.a(lib_a-w_sqrt.o)
                              main.o (sqrt)
c:/program files (x86)/atmel/studio/7.0/toolchain/arm/arm-gnu-toolchain/bin/../lib/gcc/arm-none-eabi/5.3.1/../../../../arm-none-eabi/lib/armv7e-m\libm.a(lib_a-e_atan2.o)
                              c:/program files (x86)/atmel/studio/7.0/toolchain/arm/arm-gnu-toolchain/bin/../lib/gcc/arm-none-eabi/5.3.1/../../../../arm-none-eabi/lib/armv7e-m\libm.a(lib_a-w_atan2.o) (__ieee754_atan2)
c:/program files (x86)/atmel/studio/7.0/toolchain/arm/arm-gnu-toolchain/bin/../lib/gcc/arm-none-eabi/5.3.1/../../../../arm-none-eabi/lib/armv7e-m\libm.a(lib_a-e_sqrt.o)
                              c:/program files (x86)/atmel/studio/7.0/toolchain/arm/arm-gnu-toolchain/bin/../lib/gcc/arm-none-eabi/5.3.1/../../../../arm-none-eabi/lib/armv7e-m\libm.a(lib_a-w_sqrt.o) (__ieee754_sqrt)
c:/program files (x86)/atmel/studio/7.0/toolchain/arm/arm-gnu-toolchain/bin/../lib/gcc/arm-none-eabi/5.3.1/../../../../arm-none-eabi/lib/armv7e-m\libm.a(lib_a-s_lib_ver.o)
                              c:/program files (x86)/atmel/studio/7.0/toolchain/arm/arm-gnu-toolchain/bin/../lib/gcc/arm-none-eabi/5.3.1/../../../../arm-none-eabi/lib/armv7e-m\libm.a(lib_a-w_sqrt.o) (__fdlib_version)
c:/program files (x86)/atmel/studio/7.0/toolchain/arm/arm-gnu-toolchain/bin/../lib/gcc/arm-none-eabi/5.3.1/../../../../arm-none-eabi/lib/armv7e-m\libm.a(lib_a-s_matherr.o)
                              c:/program files (x86)/atmel/studio/7.0/toolchain/arm/arm-gnu-toolchain/bin/../lib/gcc/arm-none-eabi/5.3.1/../../../../arm-none-eabi/lib/armv7e-m\libm.a(lib_a-w_sqrt.o) (matherr)
c:/program files (x86)/atmel/studio/7.0/toolchain/arm/arm-gnu-toolchain/bin/../lib/gcc/arm-none-eabi/5.3.1/armv7e-m\libgcc.a(_arm_addsubdf3.o)
                              main.o (__aeabi_dsub)
c:/program files (x86)/atmel/studio/7.0/toolchain/arm/arm-gnu-toolchain/bin/../lib/gcc/arm-none-eabi/5.3.1/armv7e-m\libgcc.a(_arm_muldivdf3.o)
                              main.o (__aeabi_dmul)
c:/program files (x86)/atmel/studio/7.0/toolchain/arm/arm-gnu-toolchain/bin/../lib/gcc/arm-none-eabi/5.3.1/armv7e-m\libgcc.a(_arm_cmpdf2.o)
                              main.o (__aeabi_dcmplt)
c:/program files (x86)/atmel/studio/7.0/toolchain/arm/arm-gnu-toolchain/bin/../lib/gcc/arm-none-eabi/5.3.1/armv7e-m\libgcc.a(_arm_unorddf2.o)
                              c:/program files (x86)/atmel/studio/7.0/toolchain/arm/arm-gnu-toolchain/bin/../lib/gcc/arm-none-eabi/5.3.1/../../../../arm-none-eabi/lib/armv7e-m\libm.a(lib_a-w_sqrt.o) (__aeabi_dcmpun)
c:/program files (x86)/atmel/studio/7.0/toolchain/arm/arm-gnu-toolchain/bin/../lib/gcc/arm-none-eabi/5.3.1/armv7e-m\libgcc.a(_arm_fixdfsi.o)
                              main.o (__aeabi_d2iz)
c:/program files (x86)/atmel/studio/7.0/toolchain/arm/arm-gnu-toolchain/bin/../lib/gcc/arm-none-eabi/5.3.1/armv7e-m\libgcc.a(_arm_fixunsdfsi.o)
                              main.o (__aeabi_d2uiz)
c:/program files (x86)/atmel/studio/7.0/toolchain/arm/arm-gnu-toolchain/bin/../lib/gcc/arm-none-eabi/5.3.1/armv7e-m\libgcc.a(_arm_truncdfsf2.o)
                              main.o (__aeabi_d2f)
c:/program files (x86)/atmel/studio/7.0/toolchain/arm/arm-gnu-toolchain/bin/../lib/gcc/arm-none-eabi/5.3.1/armv7e-m\libgcc.a(_arm_addsubsf3.o)
                              src/misc/Kalman.o (__aeabi_fsub)
c:/program files (x86)/atmel/studio/7.0/toolchain/arm/arm-gnu-toolchain/bin/../lib/gcc/arm-none-eabi/5.3.1/armv7e-m\libgcc.a(_arm_muldivsf3.o)
                              src/misc/Kalman.o (__aeabi_fmul)
c:/program files (x86)/atmel/studio/7.0/toolchain/arm/arm-gnu-toolchain/bin/../lib/gcc/arm-none-eabi/5.3.1/../../../../arm-none-eabi/lib/armv7e-m\libc.a(lib_a-errno.o)
                              c:/program files (x86)/atmel/studio/7.0/toolchain/arm/arm-gnu-toolchain/bin/../lib/gcc/arm-none-eabi/5.3.1/../../../../arm-none-eabi/lib/armv7e-m\libm.a(lib_a-w_sqrt.o) (__errno)
[...]
Memory Configuration

Name             Origin             Length             Attributes
rom              0x00400000         0x00100000         xr
ram              0x20400000         0x00060000         xrw
*default*        0x00000000         0xffffffff

Linker script and memory map

LOAD c:/program files (x86)/atmel/studio/7.0/toolchain/arm/arm-gnu-toolchain/bin/../lib/gcc/arm-none-eabi/5.3.1/armv7e-m/crti.o
LOAD c:/program files (x86)/atmel/studio/7.0/toolchain/arm/arm-gnu-toolchain/bin/../lib/gcc/arm-none-eabi/5.3.1/armv7e-m/crtbegin.o
LOAD c:/program files (x86)/atmel/studio/7.0/toolchain/arm/arm-gnu-toolchain/bin/../lib/gcc/arm-none-eabi/5.3.1/../../../../arm-none-eabi/lib/armv7e-m/crt0.o
LOAD Device_Startup/startup_same70n20.o
LOAD main.o
LOAD src/ASF/common/services/sleepmgr/sam/sleepmgr.o
LOAD src/ASF/common/services/spi/sam_spi/spi_master.o
LOAD src/ASF/sam/drivers/afec/afec.o
LOAD src/ASF/sam/drivers/spi/spi.o
LOAD src/misc/Helper.o
LOAD src/misc/Kalman.o
LOAD src/misc/PID_v1.o
LOAD src/ASF/sam/drivers/twihs/twihs.o
LOAD src/ASF/sam/drivers/wdt/wdt.o
LOAD src/hw-interfaces/pcbtop_stabilizer.o
LOAD src/ASF/sam/drivers/tc/tc.o
LOAD src/ASF/sam/drivers/usart/usart.o
LOAD src/ASF/common/services/serial/usart_serial.o
LOAD src/ASF/common/services/clock/same70/sysclk.o
LOAD src/ASF/sam/drivers/pio/pio_handler.o
LOAD src/ASF/sam/drivers/matrix/matrix.o
LOAD src/ASF/sam/drivers/pio/pio.o
LOAD src/ASF/sam/drivers/pmc/pmc.o
LOAD src/ASF/sam/drivers/pwm/pwm.o
LOAD src/ASF/sam/drivers/rtc/rtc.o
LOAD src/ASF/sam/drivers/uart/uart.o
LOAD src/ASF/sam/drivers/pmc/sleep.o
LOAD src/ASF/common/boards/user_board/init.o
LOAD src/ASF/common/utils/interrupt/interrupt_sam_nvic.o
LOAD src/ASF/sam/utils/cmsis/same70/source/templates/system_same70.o
LOAD src/ASF/sam/utils/syscalls/gcc/syscalls.o
START GROUP
LOAD ..\src\ASF\thirdparty\CMSIS\Lib\GCC\libarm_cortexM7lfsp_math_softfp.a
END GROUP
LOAD c:/program files (x86)/atmel/studio/7.0/toolchain/arm/arm-gnu-toolchain/bin/../lib/gcc/arm-none-eabi/5.3.1/../../../../arm-none-eabi/lib/armv7e-m\libstdc++.a
LOAD c:/program files (x86)/atmel/studio/7.0/toolchain/arm/arm-gnu-toolchain/bin/../lib/gcc/arm-none-eabi/5.3.1/../../../../arm-none-eabi/lib/armv7e-m\libm.a
START GROUP
LOAD c:/program files (x86)/atmel/studio/7.0/toolchain/arm/arm-gnu-toolchain/bin/../lib/gcc/arm-none-eabi/5.3.1/armv7e-m\libgcc.a
LOAD c:/program files (x86)/atmel/studio/7.0/toolchain/arm/arm-gnu-toolchain/bin/../lib/gcc/arm-none-eabi/5.3.1/../../../../arm-none-eabi/lib/armv7e-m\libc.a
END GROUP
LOAD c:/program files (x86)/atmel/studio/7.0/toolchain/arm/arm-gnu-toolchain/bin/../lib/gcc/arm-none-eabi/5.3.1/armv7e-m/crtend.o
LOAD c:/program files (x86)/atmel/studio/7.0/toolchain/arm/arm-gnu-toolchain/bin/../lib/gcc/arm-none-eabi/5.3.1/armv7e-m/crtn.o
                0x00002000                STACK_SIZE = DEFINED (STACK_SIZE)?STACK_SIZE:0x2000
                0x2045fffc                __ram_end__ = ((ORIGIN (ram) + LENGTH (ram)) - 0x4)
                0x00000200                HEAP_SIZE = DEFINED (HEAP_SIZE)?HEAP_SIZE:0x200

.text           0x00400000     0x4028
                0x00400000                . = ALIGN (0x4)
                0x00400000                _sfixed = .
 *(.vectors .vectors.*)
 .vectors       0x00400000      0x140 Device_Startup/startup_same70n20.o
                0x00400000                exception_table
 *(.text .text.* .gnu.linkonce.t.*)
 .text          0x00400140       0x5c c:/program files (x86)/atmel/studio/7.0/toolchain/arm/arm-gnu-toolchain/bin/../lib/gcc/arm-none-eabi/5.3.1/armv7e-m/crtbegin.o
 .text.Dummy_Handler
                0x0040019c        0x2 Device_Startup/startup_same70n20.o
                0x0040019c                DACC_Handler
                0x0040019c                DebugMon_Handler
                0x0040019c                UART3_Handler
                0x0040019c                UART2_Handler
                0x0040019c                TRNG_Handler
                0x0040019c                HardFault_Handler
                0x0040019c                TC2_Handler
                0x0040019c                PendSV_Handler
                0x0040019c                NMI_Handler
                0x0040019c                QSPI_Handler
                0x0040019c                ISI_Handler
                0x0040019c                TC9_Handler
                0x0040019c                RSWDT_Handler
                0x0040019c                MCAN1_Handler
                0x0040019c                USART0_Handler
                0x0040019c                RTT_Handler
                0x0040019c                USBHS_Handler
                0x0040019c                RTC_Handler
                0x0040019c                UsageFault_Handler
                0x0040019c                WDT_Handler
                0x0040019c                TC1_Handler
                0x0040019c                HSMCI_Handler
                0x0040019c                UART1_Handler
                0x0040019c                Dummy_Handler
                0x0040019c                TWIHS1_Handler
                0x0040019c                XDMAC_Handler
                0x0040019c                UART4_Handler
                0x0040019c                PWM1_Handler
                0x0040019c                USART1_Handler
                0x0040019c                PWM0_Handler
                0x0040019c                SSC_Handler
                0x0040019c                TC11_Handler
                0x0040019c                ACC_Handler
                0x0040019c                PMC_Handler
                0x0040019c                GMAC_Handler
                0x0040019c                MemManage_Handler
                0x0040019c                SUPC_Handler
                0x0040019c                SVC_Handler
                0x0040019c                EFC_Handler
                0x0040019c                USART2_Handler
                0x0040019c                SPI1_Handler
                0x0040019c                MCAN0_Handler
                0x0040019c                TC10_Handler
                0x0040019c                TWIHS2_Handler
                0x0040019c                BusFault_Handler
                0x0040019c                RSTC_Handler
                0x0040019c                TC0_Handler
                0x0040019c                ICM_Handler
                0x0040019c                AES_Handler
                0x0040019c                TWIHS0_Handler
                0x0040019c                SPI0_Handler
 *fill*         0x0040019e        0x2 
 .text.Reset_Handler
                0x004001a0       0x68 Device_Startup/startup_same70n20.o
                0x004001a0                Reset_Handler
 .text._ZN10TinkerUart7printlnEPKc.isra.2
                0x00400208       0x20 main.o
 .text._ZN12TinkerBMI1604initEv.isra.4
                0x00400228       0x60 main.o
 .text._ZN10TinkerUart11printNumberEm
                0x00400288       0x20 main.o
                0x00400288                TinkerUart::printNumber(unsigned long)
 .text._ZN10TinkerUart13printlnDoubleEd
                0x004002a8      0x148 main.o
                0x004002a8                TinkerUart::printlnDouble(double)
 .text._ZN12TinkerBMI1606updateEv
                0x004003f0      0x120 main.o
                0x004003f0                TinkerBMI160::update()
 .text._ZN14DroniSensIMU114initEv
                0x00400510       0x70 main.o
                0x00400510                DroniSensIMU11::init()
 .text._ZN13DroniAttitude4initEv
                0x00400580      0x2c0 main.o
                0x00400580                DroniAttitude::init()
 .text._Z11parseAnglesPc
                0x00400840      0x108 main.o
                0x00400840                parseAngles(char*)
 .text.UART0_Handler
                0x00400948       0xb8 main.o
                0x00400948                UART0_Handler
 .text._ZN13DroniAttitudeC2Ev
                0x00400a00       0xa0 main.o
                0x00400a00                DroniAttitude::DroniAttitude()
                0x00400a00                DroniAttitude::DroniAttitude()
 .text._Z22task1_estimateAttitudev
                0x00400aa0      0x50c main.o
                0x00400aa0                task1_estimateAttitude()
 .text._Z26task4_update_target_anglesv
                0x00400fac       0x70 main.o
                0x00400fac                task4_update_target_angles()
 .text._Z12task0_tracesv
                0x0040101c      0x14c main.o
                0x0040101c                task0_traces()
 .text._Z13task2_computev
                0x00401168      0x22c main.o
                0x00401168                task2_compute()
 .text._Z20task3_control_motorsv
                0x00401394       0xf0 main.o
                0x00401394                task3_control_motors()
 .text.startup.main
                0x00401484      0x160 main.o
                0x00401484                main
 .text.startup._GLOBAL__sub_I__Z11parseAnglesPc
                0x004015e4       0x54 main.o
 .text.afec_process_callback
                0x00401638       0x60 src/ASF/sam/drivers/afec/afec.o
 .text.AFEC0_Handler
                0x00401698       0x10 src/ASF/sam/drivers/afec/afec.o
                0x00401698                AFEC0_Handler
 .text.AFEC1_Handler
                0x004016a8       0x10 src/ASF/sam/drivers/afec/afec.o
                0x004016a8                AFEC1_Handler
 .text.SysTick_Handler
                0x004016b8       0x10 src/misc/Helper.o
                0x004016b8                SysTick_Handler
 .text._Z6mdelaym
                0x004016c8       0x14 src/misc/Helper.o
                0x004016c8                mdelay(unsigned long)
 .text._Z6microsv
                0x004016dc        0xc src/misc/Helper.o
                0x004016dc                micros()
 .text._Z5_itoaPcl
                0x004016e8       0x46 src/misc/Helper.o
                0x004016e8                _itoa(char*, long)
 *fill*         0x0040172e        0x2 
 .text._Z5_atofPc
                0x00401730       0xe4 src/misc/Helper.o
                0x00401730                _atof(char*)
 .text._ZN6KalmanC2Ev
                0x00401814       0x28 src/misc/Kalman.o
                0x00401814                Kalman::Kalman()
                0x00401814                Kalman::Kalman()
 .text._ZN6Kalman8getAngleEfff
                0x0040183c      0x104 src/misc/Kalman.o
                0x0040183c                Kalman::getAngle(float, float, float)
 .text._ZN6Kalman8setAngleEf
                0x00401940        0x4 src/misc/Kalman.o
                0x00401940                Kalman::setAngle(float)
 .text.twihs_set_speed
                0x00401944       0x90 src/ASF/sam/drivers/twihs/twihs.o
                0x00401944                twihs_set_speed
 .text.twihs_master_init
                0x004019d4       0x30 src/ASF/sam/drivers/twihs/twihs.o
                0x004019d4                twihs_master_init
 .text.twihs_master_read
                0x00401a04       0x8a src/ASF/sam/drivers/twihs/twihs.o
                0x00401a04                twihs_master_read
 .text.twihs_master_write
                0x00401a8e       0x7e src/ASF/sam/drivers/twihs/twihs.o
                0x00401a8e                twihs_master_write
 .text.wdt_restart
                0x00401b0c       0x14 src/ASF/sam/drivers/wdt/wdt.o
                0x00401b0c                wdt_restart
 .text.ioport_set_pin_mode
                0x00401b20       0x70 src/hw-interfaces/pcbtop_stabilizer.o
 .text.tinkerPwmInit
                0x00401b90       0xe4 src/hw-interfaces/pcbtop_stabilizer.o
                0x00401b90                tinkerPwmInit
 .text.tinkerPwmWrite
                0x00401c74       0x58 src/hw-interfaces/pcbtop_stabilizer.o
                0x00401c74                tinkerPwmWrite
 .text.tinkerUartInit
                0x00401ccc       0x58 src/hw-interfaces/pcbtop_stabilizer.o
                0x00401ccc                tinkerUartInit
 .text.tinkerUartPutChar
                0x00401d24       0x5c src/hw-interfaces/pcbtop_stabilizer.o
                0x00401d24                tinkerUartPutChar
 .text.tinkerUartPutBuffer
                0x00401d80       0x20 src/hw-interfaces/pcbtop_stabilizer.o
                0x00401d80                tinkerUartPutBuffer
 .text.tinkerUartPutString
                0x00401da0       0x28 src/hw-interfaces/pcbtop_stabilizer.o
                0x00401da0                tinkerUartPutString
 .text.tinkerInitI2C
                0x00401dc8       0x84 src/hw-interfaces/pcbtop_stabilizer.o
                0x00401dc8                tinkerInitI2C
 .text.tinkerReadI2C
                0x00401e4c       0x30 src/hw-interfaces/pcbtop_stabilizer.o
                0x00401e4c                tinkerReadI2C
 .text.tinkerWriteI2C
                0x00401e7c       0x28 src/hw-interfaces/pcbtop_stabilizer.o
                0x00401e7c                tinkerWriteI2C
 .text.sysclk_init
                0x00401ea4       0x70 src/ASF/common/services/clock/same70/sysclk.o
                0x00401ea4                sysclk_init
 .text.pio_handler_process
                0x00401f14       0x5c src/ASF/sam/drivers/pio/pio_handler.o
                0x00401f14                pio_handler_process
 .text.PIOA_Handler
                0x00401f70       0x10 src/ASF/sam/drivers/pio/pio_handler.o
                0x00401f70                PIOA_Handler
 .text.PIOB_Handler
                0x00401f80       0x10 src/ASF/sam/drivers/pio/pio_handler.o
                0x00401f80                PIOB_Handler
 .text.PIOD_Handler
                0x00401f90       0x10 src/ASF/sam/drivers/pio/pio_handler.o
                0x00401f90                PIOD_Handler
 .text.pio_set_peripheral
                0x00401fa0       0x7c src/ASF/sam/drivers/pio/pio.o
                0x00401fa0                pio_set_peripheral
 .text.pio_set_input
                0x0040201c       0x30 src/ASF/sam/drivers/pio/pio.o
                0x0040201c                pio_set_input
 .text.pio_set_output
                0x0040204c       0x24 src/ASF/sam/drivers/pio/pio.o
                0x0040204c                pio_set_output
 .text.pio_get_interrupt_status
                0x00402070        0x4 src/ASF/sam/drivers/pio/pio.o
                0x00402070                pio_get_interrupt_status
 .text.pio_get_interrupt_mask
                0x00402074        0x4 src/ASF/sam/drivers/pio/pio.o
                0x00402074                pio_get_interrupt_mask
 .text.pio_configure_pin
                0x00402078       0xb4 src/ASF/sam/drivers/pio/pio.o
                0x00402078                pio_configure_pin
 .text.pmc_mck_set_division
                0x0040212c       0x2c src/ASF/sam/drivers/pmc/pmc.o
                0x0040212c                pmc_mck_set_division
 .text.pmc_switch_mck_to_pllack
                0x00402158       0x44 src/ASF/sam/drivers/pmc/pmc.o
                0x00402158                pmc_switch_mck_to_pllack
 .text.pmc_switch_mainck_to_xtal
                0x0040219c       0x50 src/ASF/sam/drivers/pmc/pmc.o
                0x0040219c                pmc_switch_mainck_to_xtal
 .text.pmc_osc_is_ready_mainck
                0x004021ec       0x10 src/ASF/sam/drivers/pmc/pmc.o
                0x004021ec                pmc_osc_is_ready_mainck
 .text.pmc_disable_pllack
                0x004021fc       0x10 src/ASF/sam/drivers/pmc/pmc.o
                0x004021fc                pmc_disable_pllack
 .text.pmc_is_locked_pllack
                0x0040220c       0x10 src/ASF/sam/drivers/pmc/pmc.o
                0x0040220c                pmc_is_locked_pllack
 .text.pmc_enable_periph_clk
                0x0040221c       0x40 src/ASF/sam/drivers/pmc/pmc.o
                0x0040221c                pmc_enable_periph_clk
 .text.pwm_clocks_generate
                0x0040225c       0x4c src/ASF/sam/drivers/pwm/pwm.o
 .text.pwm_init
                0x004022a8       0x40 src/ASF/sam/drivers/pwm/pwm.o
                0x004022a8                pwm_init
 .text.pwm_channel_init
                0x004022e8      0x150 src/ASF/sam/drivers/pwm/pwm.o
                0x004022e8                pwm_channel_init
 .text.pwm_channel_enable
                0x00402438        0xa src/ASF/sam/drivers/pwm/pwm.o
                0x00402438                pwm_channel_enable
 .text.pwm_channel_disable
                0x00402442        0xa src/ASF/sam/drivers/pwm/pwm.o
                0x00402442                pwm_channel_disable
 .text.uart_init
                0x0040244c       0x2c src/ASF/sam/drivers/uart/uart.o
                0x0040244c                uart_init
 .text.uart_enable_interrupt
                0x00402478        0x4 src/ASF/sam/drivers/uart/uart.o
                0x00402478                uart_enable_interrupt
 .text.uart_write
                0x0040247c       0x10 src/ASF/sam/drivers/uart/uart.o
                0x0040247c                uart_write
 .text.uart_read
                0x0040248c       0x12 src/ASF/sam/drivers/uart/uart.o
                0x0040248c                uart_read
 .text.board_init
                0x0040249e        0x2 src/ASF/common/boards/user_board/init.o
                0x0040249e                board_init
 .text.SystemCoreClockUpdate
                0x004024a0       0xcc src/ASF/sam/utils/cmsis/same70/source/templates/system_same70.o
                0x004024a0                SystemCoreClockUpdate
 .text.system_init_flash
                0x0040256c       0x64 src/ASF/sam/utils/cmsis/same70/source/templates/system_same70.o
                0x0040256c                system_init_flash
 .text.atan     0x004025d0      0x33c c:/program files (x86)/atmel/studio/7.0/toolchain/arm/arm-gnu-toolchain/bin/../lib/gcc/arm-none-eabi/5.3.1/../../../../arm-none-eabi/lib/armv7e-m\libm.a(lib_a-s_atan.o)
                0x004025d0                atan
 .text.fabs     0x0040290c        0x8 c:/program files (x86)/atmel/studio/7.0/toolchain/arm/arm-gnu-toolchain/bin/../lib/gcc/arm-none-eabi/5.3.1/../../../../arm-none-eabi/lib/armv7e-m\libm.a(lib_a-s_fabs.o)
                0x0040290c                fabs
 .text.atan2    0x00402914        0x4 c:/program files (x86)/atmel/studio/7.0/toolchain/arm/arm-gnu-toolchain/bin/../lib/gcc/arm-none-eabi/5.3.1/../../../../arm-none-eabi/lib/armv7e-m\libm.a(lib_a-w_atan2.o)
                0x00402914                atan2
 .text.sqrt     0x00402918       0xb8 c:/program files (x86)/atmel/studio/7.0/toolchain/arm/arm-gnu-toolchain/bin/../lib/gcc/arm-none-eabi/5.3.1/../../../../arm-none-eabi/lib/armv7e-m\libm.a(lib_a-w_sqrt.o)
                0x00402918                sqrt
 .text.__ieee754_atan2
                0x004029d0      0x194 c:/program files (x86)/atmel/studio/7.0/toolchain/arm/arm-gnu-toolchain/bin/../lib/gcc/arm-none-eabi/5.3.1/../../../../arm-none-eabi/lib/armv7e-m\libm.a(lib_a-e_atan2.o)
                0x004029d0                __ieee754_atan2
 .text.__ieee754_sqrt
                0x00402b64      0x180 c:/program files (x86)/atmel/studio/7.0/toolchain/arm/arm-gnu-toolchain/bin/../lib/gcc/arm-none-eabi/5.3.1/../../../../arm-none-eabi/lib/armv7e-m\libm.a(lib_a-e_sqrt.o)
                0x00402b64                __ieee754_sqrt
 .text.matherr  0x00402ce4        0x4 c:/program files (x86)/atmel/studio/7.0/toolchain/arm/arm-gnu-toolchain/bin/../lib/gcc/arm-none-eabi/5.3.1/../../../../arm-none-eabi/lib/armv7e-m\libm.a(lib_a-s_matherr.o)
                0x00402ce4                matherr
 .text          0x00402ce8      0x370 c:/program files (x86)/atmel/studio/7.0/toolchain/arm/arm-gnu-toolchain/bin/../lib/gcc/arm-none-eabi/5.3.1/armv7e-m\libgcc.a(_arm_addsubdf3.o)
                0x00402ce8                __aeabi_drsub
                0x00402cf0                __aeabi_dsub
                0x00402cf0                __subdf3
                0x00402cf4                __aeabi_dadd
                0x00402cf4                __adddf3
                0x00402f6c                __floatunsidf
                0x00402f6c                __aeabi_ui2d
                0x00402f8c                __floatsidf
                0x00402f8c                __aeabi_i2d
                0x00402fb0                __aeabi_f2d
                0x00402fb0                __extendsfdf2
                0x00402fec                __floatundidf
                0x00402fec                __aeabi_ul2d
                0x00402ffc                __floatdidf
                0x00402ffc                __aeabi_l2d
 .text          0x00403058      0x424 c:/program files (x86)/atmel/studio/7.0/toolchain/arm/arm-gnu-toolchain/bin/../lib/gcc/arm-none-eabi/5.3.1/armv7e-m\libgcc.a(_arm_muldivdf3.o)
                0x00403058                __aeabi_dmul
                0x00403058                __muldf3
                0x004032ac                __divdf3
                0x004032ac                __aeabi_ddiv
 .text          0x0040347c      0x110 c:/program files (x86)/atmel/studio/7.0/toolchain/arm/arm-gnu-toolchain/bin/../lib/gcc/arm-none-eabi/5.3.1/armv7e-m\libgcc.a(_arm_cmpdf2.o)
                0x0040347c                __gtdf2
                0x0040347c                __gedf2
                0x00403484                __ltdf2
                0x00403484                __ledf2
                0x0040348c                __nedf2
                0x0040348c                __eqdf2
                0x0040348c                __cmpdf2
                0x00403508                __aeabi_cdrcmple
                0x00403518                __aeabi_cdcmpeq
                0x00403518                __aeabi_cdcmple
                0x00403528                __aeabi_dcmpeq
                0x0040353c                __aeabi_dcmplt
                0x00403550                __aeabi_dcmple
                0x00403564                __aeabi_dcmpge
                0x00403578                __aeabi_dcmpgt
 .text          0x0040358c       0x2c c:/program files (x86)/atmel/studio/7.0/toolchain/arm/arm-gnu-toolchain/bin/../lib/gcc/arm-none-eabi/5.3.1/armv7e-m\libgcc.a(_arm_unorddf2.o)
                0x0040358c                __unorddf2
                0x0040358c                __aeabi_dcmpun
 .text          0x004035b8       0x50 c:/program files (x86)/atmel/studio/7.0/toolchain/arm/arm-gnu-toolchain/bin/../lib/gcc/arm-none-eabi/5.3.1/armv7e-m\libgcc.a(_arm_fixdfsi.o)
                0x004035b8                __aeabi_d2iz
                0x004035b8                __fixdfsi
 .text          0x00403608       0x40 c:/program files (x86)/atmel/studio/7.0/toolchain/arm/arm-gnu-toolchain/bin/../lib/gcc/arm-none-eabi/5.3.1/armv7e-m\libgcc.a(_arm_fixunsdfsi.o)
                0x00403608                __aeabi_d2uiz
                0x00403608                __fixunsdfsi
 .text          0x00403648       0xa0 c:/program files (x86)/atmel/studio/7.0/toolchain/arm/arm-gnu-toolchain/bin/../lib/gcc/arm-none-eabi/5.3.1/armv7e-m\libgcc.a(_arm_truncdfsf2.o)
                0x00403648                __truncdfsf2
                0x00403648                __aeabi_d2f
 .text          0x004036e8      0x21c c:/program files (x86)/atmel/studio/7.0/toolchain/arm/arm-gnu-toolchain/bin/../lib/gcc/arm-none-eabi/5.3.1/armv7e-m\libgcc.a(_arm_addsubsf3.o)
                0x004036e8                __aeabi_frsub
                0x004036f0                __subsf3
                0x004036f0                __aeabi_fsub
                0x004036f4                __aeabi_fadd
                0x004036f4                __addsf3
                0x00403854                __aeabi_ui2f
                0x00403854                __floatunsisf
                0x0040385c                __aeabi_i2f
                0x0040385c                __floatsisf
                0x00403878                __aeabi_ul2f
                0x00403878                __floatundisf
                0x00403888                __aeabi_l2f
                0x00403888                __floatdisf
 .text          0x00403904      0x2a0 c:/program files (x86)/atmel/studio/7.0/toolchain/arm/arm-gnu-toolchain/bin/../lib/gcc/arm-none-eabi/5.3.1/armv7e-m\libgcc.a(_arm_muldivsf3.o)
                0x00403904                __mulsf3
                0x00403904                __aeabi_fmul
                0x00403a6c                __aeabi_fdiv
                0x00403a6c                __divsf3
 .text.__errno  0x00403ba4        0xc c:/program files (x86)/atmel/studio/7.0/toolchain/arm/arm-gnu-toolchain/bin/../lib/gcc/arm-none-eabi/5.3.1/../../../../arm-none-eabi/lib/armv7e-m\libc.a(lib_a-errno.o)
                0x00403ba4                __errno
 .text.__libc_init_array
                0x00403bb0       0x50 c:/program files (x86)/atmel/studio/7.0/toolchain/arm/arm-gnu-toolchain/bin/../lib/gcc/arm-none-eabi/5.3.1/../../../../arm-none-eabi/lib/armv7e-m\libc.a(lib_a-init.o)
                0x00403bb0                __libc_init_array
 .text.strcat   0x00403c00       0x40 c:/program files (x86)/atmel/studio/7.0/toolchain/arm/arm-gnu-toolchain/bin/../lib/gcc/arm-none-eabi/5.3.1/../../../../arm-none-eabi/lib/armv7e-m\libc.a(lib_a-strcat.o)
                0x00403c00                strcat
 .text.strcpy   0x00403c40       0xbc c:/program files (x86)/atmel/studio/7.0/toolchain/arm/arm-gnu-toolchain/bin/../lib/gcc/arm-none-eabi/5.3.1/../../../../arm-none-eabi/lib/armv7e-m\libc.a(lib_a-strcpy.o)
                0x00403c40                strcpy
 *fill*         0x00403cfc        0x4 
 .text          0x00403d00       0xdc c:/program files (x86)/atmel/studio/7.0/toolchain/arm/arm-gnu-toolchain/bin/../lib/gcc/arm-none-eabi/5.3.1/../../../../arm-none-eabi/lib/armv7e-m\libc.a(lib_a-strlen.o)
                0x00403d00                strlen
 .text.startup.register_fini
                0x00403ddc       0x14 c:/program files (x86)/atmel/studio/7.0/toolchain/arm/arm-gnu-toolchain/bin/../lib/gcc/arm-none-eabi/5.3.1/../../../../arm-none-eabi/lib/armv7e-m\libc.a(lib_a-__call_atexit.o)
 .text.atexit   0x00403df0        0xc c:/program files (x86)/atmel/studio/7.0/toolchain/arm/arm-gnu-toolchain/bin/../lib/gcc/arm-none-eabi/5.3.1/../../../../arm-none-eabi/lib/armv7e-m\libc.a(lib_a-atexit.o)
                0x00403df0                atexit
 .text.__libc_fini_array
                0x00403dfc       0x28 c:/program files (x86)/atmel/studio/7.0/toolchain/arm/arm-gnu-toolchain/bin/../lib/gcc/arm-none-eabi/5.3.1/../../../../arm-none-eabi/lib/armv7e-m\libc.a(lib_a-fini.o)
                0x00403dfc                __libc_fini_array
 .text.__register_exitproc
                0x00403e24       0xa4 c:/program files (x86)/atmel/studio/7.0/toolchain/arm/arm-gnu-toolchain/bin/../lib/gcc/arm-none-eabi/5.3.1/../../../../arm-none-eabi/lib/armv7e-m\libc.a(lib_a-__atexit.o)
                0x00403e24                __register_exitproc
 *(.glue_7t)
 .glue_7t       0x00403ec8        0x0 linker stubs
 *(.glue_7)
 .glue_7        0x00403ec8        0x0 linker stubs
 *(.rodata .rodata* .gnu.linkonce.r.*)
 .rodata.str1.1
                0x00403ec8       0xb6 main.o
                                 0xb8 (size before relaxing)
 .rodata.CSWTCH.6
                0x00403f7e        0x6 src/ASF/sam/drivers/pmc/pmc.o
 .rodata        0x00403f84       0x2c src/ASF/sam/drivers/pwm/pwm.o
 .rodata.atanlo
                0x00403fb0       0x20 c:/program files (x86)/atmel/studio/7.0/toolchain/arm/arm-gnu-toolchain/bin/../lib/gcc/arm-none-eabi/5.3.1/../../../../arm-none-eabi/lib/armv7e-m\libm.a(lib_a-s_atan.o)
 .rodata.atanhi
                0x00403fd0       0x20 c:/program files (x86)/atmel/studio/7.0/toolchain/arm/arm-gnu-toolchain/bin/../lib/gcc/arm-none-eabi/5.3.1/../../../../arm-none-eabi/lib/armv7e-m\libm.a(lib_a-s_atan.o)
 .rodata.str1.4
                0x00403ff0        0x5 c:/program files (x86)/atmel/studio/7.0/toolchain/arm/arm-gnu-toolchain/bin/../lib/gcc/arm-none-eabi/5.3.1/../../../../arm-none-eabi/lib/armv7e-m\libm.a(lib_a-w_sqrt.o)
 *fill*         0x00403ff5        0x3 
 .rodata.str1.4
                0x00403ff8        0x4 c:/program files (x86)/atmel/studio/7.0/toolchain/arm/arm-gnu-toolchain/bin/../lib/gcc/arm-none-eabi/5.3.1/../../../../arm-none-eabi/lib/armv7e-m\libc.a(lib_a-impure.o)
                                  0x2 (size before relaxing)
 .rodata._global_impure_ptr
                0x00403ffc        0x4 c:/program files (x86)/atmel/studio/7.0/toolchain/arm/arm-gnu-toolchain/bin/../lib/gcc/arm-none-eabi/5.3.1/../../../../arm-none-eabi/lib/armv7e-m\libc.a(lib_a-impure.o)
                0x00403ffc                _global_impure_ptr
 *(.ARM.extab* .gnu.linkonce.armextab.*)
                0x00404000                . = ALIGN (0x4)
 *(.init)
 .init          0x00404000        0x4 c:/program files (x86)/atmel/studio/7.0/toolchain/arm/arm-gnu-toolchain/bin/../lib/gcc/arm-none-eabi/5.3.1/armv7e-m/crti.o
                0x00404000                _init
 .init          0x00404004        0x8 c:/program files (x86)/atmel/studio/7.0/toolchain/arm/arm-gnu-toolchain/bin/../lib/gcc/arm-none-eabi/5.3.1/armv7e-m/crtn.o
                0x0040400c                . = ALIGN (0x4)
                0x0040400c                __preinit_array_start = .
 *(.preinit_array)
                0x0040400c                __preinit_array_end = .
                0x0040400c                . = ALIGN (0x4)
                0x0040400c                __init_array_start = .
 *(SORT(.init_array.*))
 .init_array.00000
                0x0040400c        0x4 c:/program files (x86)/atmel/studio/7.0/toolchain/arm/arm-gnu-toolchain/bin/../lib/gcc/arm-none-eabi/5.3.1/../../../../arm-none-eabi/lib/armv7e-m\libc.a(lib_a-__call_atexit.o)
 *(.init_array)
 .init_array    0x00404010        0x4 c:/program files (x86)/atmel/studio/7.0/toolchain/arm/arm-gnu-toolchain/bin/../lib/gcc/arm-none-eabi/5.3.1/armv7e-m/crtbegin.o
 .init_array    0x00404014        0x4 main.o
                0x00404018                __init_array_end = .
                0x00404018                . = ALIGN (0x4)
 *crtbegin.o(.ctors)
 *(EXCLUDE_FILE(*crtend.o) .ctors)
 *(SORT(.ctors.*))
 *crtend.o(.ctors)
                0x00404018                . = ALIGN (0x4)
 *(.fini)
 .fini          0x00404018        0x4 c:/program files (x86)/atmel/studio/7.0/toolchain/arm/arm-gnu-toolchain/bin/../lib/gcc/arm-none-eabi/5.3.1/armv7e-m/crti.o
                0x00404018                _fini
 .fini          0x0040401c        0x8 c:/program files (x86)/atmel/studio/7.0/toolchain/arm/arm-gnu-toolchain/bin/../lib/gcc/arm-none-eabi/5.3.1/armv7e-m/crtn.o
                0x00404024                . = ALIGN (0x4)
                0x00404024                __fini_array_start = .
 *(.fini_array)
 .fini_array    0x00404024        0x4 c:/program files (x86)/atmel/studio/7.0/toolchain/arm/arm-gnu-toolchain/bin/../lib/gcc/arm-none-eabi/5.3.1/armv7e-m/crtbegin.o
 *(SORT(.fini_array.*))
                0x00404028                __fini_array_end = .
 *crtbegin.o(.dtors)
 *(EXCLUDE_FILE(*crtend.o) .dtors)
 *(SORT(.dtors.*))
 *crtend.o(.dtors)
                0x00404028                . = ALIGN (0x4)
                0x00404028                _efixed = .
                [!provide]                PROVIDE (__exidx_start, .)

.vfp11_veneer   0x00404028        0x0
 .vfp11_veneer  0x00404028        0x0 linker stubs

.v4_bx          0x00404028        0x0
 .v4_bx         0x00404028        0x0 linker stubs

.iplt           0x00404028        0x0
 .iplt          0x00404028        0x0 c:/program files (x86)/atmel/studio/7.0/toolchain/arm/arm-gnu-toolchain/bin/../lib/gcc/arm-none-eabi/5.3.1/armv7e-m/crtbegin.o

.eh_frame       0x00404028        0x0
 .eh_frame      0x00404028        0x0 c:/program files (x86)/atmel/studio/7.0/toolchain/arm/arm-gnu-toolchain/bin/../lib/gcc/arm-none-eabi/5.3.1/armv7e-m/crtbegin.o

.rel.dyn        0x00404028        0x0
 .rel.iplt      0x00404028        0x0 c:/program files (x86)/atmel/studio/7.0/toolchain/arm/arm-gnu-toolchain/bin/../lib/gcc/arm-none-eabi/5.3.1/armv7e-m/crtbegin.o

.jcr            0x00404028        0x0
 .jcr           0x00404028        0x0 c:/program files (x86)/atmel/studio/7.0/toolchain/arm/arm-gnu-toolchain/bin/../lib/gcc/arm-none-eabi/5.3.1/armv7e-m/crtbegin.o

.igot.plt       0x00404028        0x0
 .igot.plt      0x00404028        0x0 c:/program files (x86)/atmel/studio/7.0/toolchain/arm/arm-gnu-toolchain/bin/../lib/gcc/arm-none-eabi/5.3.1/armv7e-m/crtbegin.o

.ARM.exidx
 *(.ARM.exidx* .gnu.linkonce.armexidx.*)
                [!provide]                PROVIDE (__exidx_end, .)
                0x00404028                . = ALIGN (0x4)
                0x00404028                _etext = .

.relocate       0x20400000      0x434 load address 0x00404028
                0x20400000                . = ALIGN (0x4)
                0x20400000                _srelocate = .
 *(.ramfunc .ramfunc.*)
 *(.data .data.*)
 .data.SystemCoreClock
                0x20400000        0x4 src/ASF/sam/utils/cmsis/same70/source/templates/system_same70.o
                0x20400000                SystemCoreClock
 .data.__fdlib_version
                0x20400004        0x1 c:/program files (x86)/atmel/studio/7.0/toolchain/arm/arm-gnu-toolchain/bin/../lib/gcc/arm-none-eabi/5.3.1/../../../../arm-none-eabi/lib/armv7e-m\libm.a(lib_a-s_lib_ver.o)
                0x20400004                __fdlib_version
 *fill*         0x20400005        0x3 
 .data.impure_data
                0x20400008      0x428 c:/program files (x86)/atmel/studio/7.0/toolchain/arm/arm-gnu-toolchain/bin/../lib/gcc/arm-none-eabi/5.3.1/../../../../arm-none-eabi/lib/armv7e-m\libc.a(lib_a-impure.o)
 .data._impure_ptr
                0x20400430        0x4 c:/program files (x86)/atmel/studio/7.0/toolchain/arm/arm-gnu-toolchain/bin/../lib/gcc/arm-none-eabi/5.3.1/../../../../arm-none-eabi/lib/armv7e-m\libc.a(lib_a-impure.o)
                0x20400430                _impure_ptr
                0x20400434                . = ALIGN (0x4)
                0x20400434                _erelocate = .

.bss            0x20400438      0x4d0 load address 0x00404460
                0x20400438                . = ALIGN (0x4)
                0x20400438                _sbss = .
                0x20400438                _szero = .
 *(.bss .bss.*)
 .bss           0x20400438       0x1c c:/program files (x86)/atmel/studio/7.0/toolchain/arm/arm-gnu-toolchain/bin/../lib/gcc/arm-none-eabi/5.3.1/armv7e-m/crtbegin.o
 *fill*         0x20400454        0x4 
 .bss           0x20400458      0x350 main.o
                0x204005a0                droniAtt
 .bss           0x204007a8        0xc src/misc/Helper.o
                0x204007a8                g_ul_us_ticks
 .bss.twihs1_packet_write
                0x204007b4       0x14 src/hw-interfaces/pcbtop_stabilizer.o
 .bss.pwm_channel_instance
                0x204007c8       0x3c src/hw-interfaces/pcbtop_stabilizer.o
 .bss.twihs1_packet_read
                0x20400804       0x14 src/hw-interfaces/pcbtop_stabilizer.o
 .bss.gs_interrupt_sources
                0x20400818       0x70 src/ASF/sam/drivers/pio/pio_handler.o
 *(COMMON)
 COMMON         0x20400888       0x80 src/ASF/sam/drivers/afec/afec.o
                0x20400888                afec_callback_pointer
                0x20400908                . = ALIGN (0x4)
                0x20400908                _ebss = .
                0x20400908                _ezero = .

.stack          0x20400908     0x2000 load address 0x00404930
                0x20400908                . = ALIGN (0x8)
                0x20400908                _sstack = .
                0x20402908                . = (. + STACK_SIZE)
 *fill*         0x20400908     0x2000 
                0x20402908                . = ALIGN (0x8)
                0x20402908                _estack = .

.heap           0x20402908      0x200 load address 0x00406930
                0x20402908                . = ALIGN (0x8)
                0x20402908                _sheap = .
                0x20402b08                . = (. + HEAP_SIZE)
 *fill*         0x20402908      0x200 
                0x20402b08                . = ALIGN (0x8)
                0x20402b08                _eheap = .
                0x20402b08                . = ALIGN (0x4)
                0x20402b08                _end = .
                0x2045ffff                _ram_end_ = ((ORIGIN (ram) + LENGTH (ram)) - 0x1)
OUTPUT(DRONI-1.1-STABILIZER.elf elf32-littlearm)

.ARM.attributes
                0x00000000       0x2e
 .ARM.attributes
                0x00000000       0x1e c:/program files (x86)/atmel/studio/7.0/toolchain/arm/arm-gnu-toolchain/bin/../lib/gcc/arm-none-eabi/5.3.1/armv7e-m/crti.o
 .ARM.attributes
                0x0000001e       0x2e c:/program files (x86)/atmel/studio/7.0/toolchain/arm/arm-gnu-toolchain/bin/../lib/gcc/arm-none-eabi/5.3.1/armv7e-m/crtbegin.o
 .ARM.attributes
                0x0000004c       0x37 Device_Startup/startup_same70n20.o
 .ARM.attributes
                0x00000083       0x33 main.o
 .ARM.attributes
                0x000000b6       0x37 src/ASF/sam/drivers/afec/afec.o
 .ARM.attributes
                0x000000ed       0x33 src/misc/Helper.o
 .ARM.attributes
                0x00000120       0x33 src/misc/Kalman.o
 .ARM.attributes
                0x00000153       0x37 src/ASF/sam/drivers/twihs/twihs.o
 .ARM.attributes
                0x0000018a       0x37 src/ASF/sam/drivers/wdt/wdt.o
 .ARM.attributes
                0x000001c1       0x37 src/hw-interfaces/pcbtop_stabilizer.o
 .ARM.attributes
                0x000001f8       0x37 src/ASF/common/services/clock/same70/sysclk.o
 .ARM.attributes
                0x0000022f       0x37 src/ASF/sam/drivers/pio/pio_handler.o
 .ARM.attributes
                0x00000266       0x37 src/ASF/sam/drivers/pio/pio.o
 .ARM.attributes
                0x0000029d       0x37 src/ASF/sam/drivers/pmc/pmc.o
 .ARM.attributes
                0x000002d4       0x37 src/ASF/sam/drivers/pwm/pwm.o
 .ARM.attributes
                0x0000030b       0x37 src/ASF/sam/drivers/uart/uart.o
 .ARM.attributes
                0x00000342       0x37 src/ASF/common/boards/user_board/init.o
 .ARM.attributes
                0x00000379       0x37 src/ASF/sam/utils/cmsis/same70/source/templates/system_same70.o
 .ARM.attributes
                0x000003b0       0x2e c:/program files (x86)/atmel/studio/7.0/toolchain/arm/arm-gnu-toolchain/bin/../lib/gcc/arm-none-eabi/5.3.1/../../../../arm-none-eabi/lib/armv7e-m\libm.a(lib_a-s_atan.o)
 .ARM.attributes
                0x000003de       0x2e c:/program files (x86)/atmel/studio/7.0/toolchain/arm/arm-gnu-toolchain/bin/../lib/gcc/arm-none-eabi/5.3.1/../../../../arm-none-eabi/lib/armv7e-m\libm.a(lib_a-s_fabs.o)
 .ARM.attributes
                0x0000040c       0x2e c:/program files (x86)/atmel/studio/7.0/toolchain/arm/arm-gnu-toolchain/bin/../lib/gcc/arm-none-eabi/5.3.1/../../../../arm-none-eabi/lib/armv7e-m\libm.a(lib_a-w_atan2.o)
 .ARM.attributes
                0x0000043a       0x2e c:/program files (x86)/atmel/studio/7.0/toolchain/arm/arm-gnu-toolchain/bin/../lib/gcc/arm-none-eabi/5.3.1/../../../../arm-none-eabi/lib/armv7e-m\libm.a(lib_a-w_sqrt.o)
 .ARM.attributes
                0x00000468       0x2e c:/program files (x86)/atmel/studio/7.0/toolchain/arm/arm-gnu-toolchain/bin/../lib/gcc/arm-none-eabi/5.3.1/../../../../arm-none-eabi/lib/armv7e-m\libm.a(lib_a-e_atan2.o)
 .ARM.attributes
                0x00000496       0x2e c:/program files (x86)/atmel/studio/7.0/toolchain/arm/arm-gnu-toolchain/bin/../lib/gcc/arm-none-eabi/5.3.1/../../../../arm-none-eabi/lib/armv7e-m\libm.a(lib_a-e_sqrt.o)
 .ARM.attributes
                0x000004c4       0x2e c:/program files (x86)/atmel/studio/7.0/toolchain/arm/arm-gnu-toolchain/bin/../lib/gcc/arm-none-eabi/5.3.1/../../../../arm-none-eabi/lib/armv7e-m\libm.a(lib_a-s_lib_ver.o)
 .ARM.attributes
                0x000004f2       0x2e c:/program files (x86)/atmel/studio/7.0/toolchain/arm/arm-gnu-toolchain/bin/../lib/gcc/arm-none-eabi/5.3.1/../../../../arm-none-eabi/lib/armv7e-m\libm.a(lib_a-s_matherr.o)
 .ARM.attributes
                0x00000520       0x1e c:/program files (x86)/atmel/studio/7.0/toolchain/arm/arm-gnu-toolchain/bin/../lib/gcc/arm-none-eabi/5.3.1/armv7e-m\libgcc.a(_arm_addsubdf3.o)
 .ARM.attributes
                0x0000053e       0x1e c:/program files (x86)/atmel/studio/7.0/toolchain/arm/arm-gnu-toolchain/bin/../lib/gcc/arm-none-eabi/5.3.1/armv7e-m\libgcc.a(_arm_muldivdf3.o)
 .ARM.attributes
                0x0000055c       0x1e c:/program files (x86)/atmel/studio/7.0/toolchain/arm/arm-gnu-toolchain/bin/../lib/gcc/arm-none-eabi/5.3.1/armv7e-m\libgcc.a(_arm_cmpdf2.o)
 .ARM.attributes
                0x0000057a       0x1e c:/program files (x86)/atmel/studio/7.0/toolchain/arm/arm-gnu-toolchain/bin/../lib/gcc/arm-none-eabi/5.3.1/armv7e-m\libgcc.a(_arm_unorddf2.o)
 .ARM.attributes
                0x00000598       0x1e c:/program files (x86)/atmel/studio/7.0/toolchain/arm/arm-gnu-toolchain/bin/../lib/gcc/arm-none-eabi/5.3.1/armv7e-m\libgcc.a(_arm_fixdfsi.o)
 .ARM.attributes
                0x000005b6       0x1e c:/program files (x86)/atmel/studio/7.0/toolchain/arm/arm-gnu-toolchain/bin/../lib/gcc/arm-none-eabi/5.3.1/armv7e-m\libgcc.a(_arm_fixunsdfsi.o)
 .ARM.attributes
                0x000005d4       0x1e c:/program files (x86)/atmel/studio/7.0/toolchain/arm/arm-gnu-toolchain/bin/../lib/gcc/arm-none-eabi/5.3.1/armv7e-m\libgcc.a(_arm_truncdfsf2.o)
 .ARM.attributes
                0x000005f2       0x1e c:/program files (x86)/atmel/studio/7.0/toolchain/arm/arm-gnu-toolchain/bin/../lib/gcc/arm-none-eabi/5.3.1/armv7e-m\libgcc.a(_arm_addsubsf3.o)
 .ARM.attributes
                0x00000610       0x1e c:/program files (x86)/atmel/studio/7.0/toolchain/arm/arm-gnu-toolchain/bin/../lib/gcc/arm-none-eabi/5.3.1/armv7e-m\libgcc.a(_arm_muldivsf3.o)
 .ARM.attributes
                0x0000062e       0x2e c:/program files (x86)/atmel/studio/7.0/toolchain/arm/arm-gnu-toolchain/bin/../lib/gcc/arm-none-eabi/5.3.1/../../../../arm-none-eabi/lib/armv7e-m\libc.a(lib_a-errno.o)
 .ARM.attributes
                0x0000065c       0x2e c:/program files (x86)/atmel/studio/7.0/toolchain/arm/arm-gnu-toolchain/bin/../lib/gcc/arm-none-eabi/5.3.1/../../../../arm-none-eabi/lib/armv7e-m\libc.a(lib_a-impure.o)
 .ARM.attributes
                0x0000068a       0x2e c:/program files (x86)/atmel/studio/7.0/toolchain/arm/arm-gnu-toolchain/bin/../lib/gcc/arm-none-eabi/5.3.1/../../../../arm-none-eabi/lib/armv7e-m\libc.a(lib_a-init.o)
 .ARM.attributes
                0x000006b8       0x2e c:/program files (x86)/atmel/studio/7.0/toolchain/arm/arm-gnu-toolchain/bin/../lib/gcc/arm-none-eabi/5.3.1/../../../../arm-none-eabi/lib/armv7e-m\libc.a(lib_a-strcat.o)
 .ARM.attributes
                0x000006e6       0x2e c:/program files (x86)/atmel/studio/7.0/toolchain/arm/arm-gnu-toolchain/bin/../lib/gcc/arm-none-eabi/5.3.1/../../../../arm-none-eabi/lib/armv7e-m\libc.a(lib_a-strcpy.o)
 .ARM.attributes
                0x00000714       0x1c c:/program files (x86)/atmel/studio/7.0/toolchain/arm/arm-gnu-toolchain/bin/../lib/gcc/arm-none-eabi/5.3.1/../../../../arm-none-eabi/lib/armv7e-m\libc.a(lib_a-strlen.o)
 .ARM.attributes
                0x00000730       0x2e c:/program files (x86)/atmel/studio/7.0/toolchain/arm/arm-gnu-toolchain/bin/../lib/gcc/arm-none-eabi/5.3.1/../../../../arm-none-eabi/lib/armv7e-m\libc.a(lib_a-__call_atexit.o)
 .ARM.attributes
                0x0000075e       0x2e c:/program files (x86)/atmel/studio/7.0/toolchain/arm/arm-gnu-toolchain/bin/../lib/gcc/arm-none-eabi/5.3.1/../../../../arm-none-eabi/lib/armv7e-m\libc.a(lib_a-atexit.o)
 .ARM.attributes
                0x0000078c       0x2e c:/program files (x86)/atmel/studio/7.0/toolchain/arm/arm-gnu-toolchain/bin/../lib/gcc/arm-none-eabi/5.3.1/../../../../arm-none-eabi/lib/armv7e-m\libc.a(lib_a-fini.o)
 .ARM.attributes
                0x000007ba       0x2e c:/program files (x86)/atmel/studio/7.0/toolchain/arm/arm-gnu-toolchain/bin/../lib/gcc/arm-none-eabi/5.3.1/../../../../arm-none-eabi/lib/armv7e-m\libc.a(lib_a-__atexit.o)
 .ARM.attributes
                0x000007e8       0x1e c:/program files (x86)/atmel/studio/7.0/toolchain/arm/arm-gnu-toolchain/bin/../lib/gcc/arm-none-eabi/5.3.1/armv7e-m/crtn.o

.comment        0x00000000       0x59
 .comment       0x00000000       0x59 Device_Startup/startup_same70n20.o
                                 0x5a (size before relaxing)
 .comment       0x00000059       0x5a main.o
 .comment       0x00000059       0x5a src/ASF/sam/drivers/afec/afec.o
 .comment       0x00000059       0x5a src/misc/Helper.o
 .comment       0x00000059       0x5a src/misc/Kalman.o
 .comment       0x00000059       0x5a src/ASF/sam/drivers/twihs/twihs.o
 .comment       0x00000059       0x5a src/ASF/sam/drivers/wdt/wdt.o
 .comment       0x00000059       0x5a src/hw-interfaces/pcbtop_stabilizer.o
 .comment       0x00000059       0x5a src/ASF/common/services/clock/same70/sysclk.o
 .comment       0x00000059       0x5a src/ASF/sam/drivers/pio/pio_handler.o
 .comment       0x00000059       0x5a src/ASF/sam/drivers/pio/pio.o
 .comment       0x00000059       0x5a src/ASF/sam/drivers/pmc/pmc.o
 .comment       0x00000059       0x5a src/ASF/sam/drivers/pwm/pwm.o
 .comment       0x00000059       0x5a src/ASF/sam/drivers/uart/uart.o
 .comment       0x00000059       0x5a src/ASF/common/boards/user_board/init.o
 .comment       0x00000059       0x5a src/ASF/sam/utils/cmsis/same70/source/templates/system_same70.o

.debug_frame    0x00000000      0x2c4
 .debug_frame   0x00000000       0x38 c:/program files (x86)/atmel/studio/7.0/toolchain/arm/arm-gnu-toolchain/bin/../lib/gcc/arm-none-eabi/5.3.1/../../../../arm-none-eabi/lib/armv7e-m\libm.a(lib_a-s_atan.o)
 .debug_frame   0x00000038       0x20 c:/program files (x86)/atmel/studio/7.0/toolchain/arm/arm-gnu-toolchain/bin/../lib/gcc/arm-none-eabi/5.3.1/../../../../arm-none-eabi/lib/armv7e-m\libm.a(lib_a-s_fabs.o)
 .debug_frame   0x00000058       0x20 c:/program files (x86)/atmel/studio/7.0/toolchain/arm/arm-gnu-toolchain/bin/../lib/gcc/arm-none-eabi/5.3.1/../../../../arm-none-eabi/lib/armv7e-m\libm.a(lib_a-w_atan2.o)
 .debug_frame   0x00000078       0x44 c:/program files (x86)/atmel/studio/7.0/toolchain/arm/arm-gnu-toolchain/bin/../lib/gcc/arm-none-eabi/5.3.1/../../../../arm-none-eabi/lib/armv7e-m\libm.a(lib_a-w_sqrt.o)
 .debug_frame   0x000000bc       0x48 c:/program files (x86)/atmel/studio/7.0/toolchain/arm/arm-gnu-toolchain/bin/../lib/gcc/arm-none-eabi/5.3.1/../../../../arm-none-eabi/lib/armv7e-m\libm.a(lib_a-e_atan2.o)
 .debug_frame   0x00000104       0x34 c:/program files (x86)/atmel/studio/7.0/toolchain/arm/arm-gnu-toolchain/bin/../lib/gcc/arm-none-eabi/5.3.1/../../../../arm-none-eabi/lib/armv7e-m\libm.a(lib_a-e_sqrt.o)
 .debug_frame   0x00000138       0x20 c:/program files (x86)/atmel/studio/7.0/toolchain/arm/arm-gnu-toolchain/bin/../lib/gcc/arm-none-eabi/5.3.1/../../../../arm-none-eabi/lib/armv7e-m\libm.a(lib_a-s_matherr.o)
 .debug_frame   0x00000158       0x20 c:/program files (x86)/atmel/studio/7.0/toolchain/arm/arm-gnu-toolchain/bin/../lib/gcc/arm-none-eabi/5.3.1/../../../../arm-none-eabi/lib/armv7e-m\libc.a(lib_a-errno.o)
 .debug_frame   0x00000178       0x2c c:/program files (x86)/atmel/studio/7.0/toolchain/arm/arm-gnu-toolchain/bin/../lib/gcc/arm-none-eabi/5.3.1/../../../../arm-none-eabi/lib/armv7e-m\libc.a(lib_a-init.o)
 .debug_frame   0x000001a4       0x28 c:/program files (x86)/atmel/studio/7.0/toolchain/arm/arm-gnu-toolchain/bin/../lib/gcc/arm-none-eabi/5.3.1/../../../../arm-none-eabi/lib/armv7e-m\libc.a(lib_a-strcat.o)
 .debug_frame   0x000001cc       0x20 c:/program files (x86)/atmel/studio/7.0/toolchain/arm/arm-gnu-toolchain/bin/../lib/gcc/arm-none-eabi/5.3.1/../../../../arm-none-eabi/lib/armv7e-m\libc.a(lib_a-strcpy.o)
 .debug_frame   0x000001ec       0x50 c:/program files (x86)/atmel/studio/7.0/toolchain/arm/arm-gnu-toolchain/bin/../lib/gcc/arm-none-eabi/5.3.1/../../../../arm-none-eabi/lib/armv7e-m\libc.a(lib_a-__call_atexit.o)
 .debug_frame   0x0000023c       0x20 c:/program files (x86)/atmel/studio/7.0/toolchain/arm/arm-gnu-toolchain/bin/../lib/gcc/arm-none-eabi/5.3.1/../../../../arm-none-eabi/lib/armv7e-m\libc.a(lib_a-atexit.o)
 .debug_frame   0x0000025c       0x34 c:/program files (x86)/atmel/studio/7.0/toolchain/arm/arm-gnu-toolchain/bin/../lib/gcc/arm-none-eabi/5.3.1/../../../../arm-none-eabi/lib/armv7e-m\libc.a(lib_a-fini.o)
 .debug_frame   0x00000290       0x34 c:/program files (x86)/atmel/studio/7.0/toolchain/arm/arm-gnu-toolchain/bin/../lib/gcc/arm-none-eabi/5.3.1/../../../../arm-none-eabi/lib/armv7e-m\libc.a(lib_a-__atexit.o)
