Archive member included to satisfy reference by file (symbol)

c:/program files (x86)/atmel/studio/7.0/toolchain/arm/arm-gnu-toolchain/bin/../lib/gcc/arm-none-eabi/5.3.1/../../../../arm-none-eabi/lib/armv7e-m\libm.a(lib_a-s_atan.o)
                              main.o (atan)
c:/program files (x86)/atmel/studio/7.0/toolchain/arm/arm-gnu-toolchain/bin/../lib/gcc/arm-none-eabi/5.3.1/../../../../arm-none-eabi/lib/armv7e-m\libm.a(lib_a-s_fabs.o)
                              c:/program files (x86)/atmel/studio/7.0/toolchain/arm/arm-gnu-toolchain/bin/../lib/gcc/arm-none-eabi/5.3.1/../../../../arm-none-eabi/lib/armv7e-m\libm.a(lib_a-s_atan.o) (fabs)
c:/program files (x86)/atmel/studio/7.0/toolchain/arm/arm-gnu-toolchain/bin/../lib/gcc/arm-none-eabi/5.3.1/../../../../arm-none-eabi/lib/armv7e-m\libm.a(lib_a-w_atan2.o)
                              main.o (atan2)
c:/program files (x86)/atmel/studio/7.0/toolchain/arm/arm-gnu-toolchain/bin/../lib/gcc/arm-none-eabi/5.3.1/../../../../arm-none-eabi/lib/armv7e-m\libm.a(lib_a-w_sqrt.o)
                              main.o (sqrt)
c:/program files (x86)/atmel/studio/7.0/toolchain/arm/arm-gnu-toolchain/bin/../lib/gcc/arm-none-eabi/5.3.1/../../../../arm-none-eabi/lib/armv7e-m\libm.a(lib_a-e_atan2.o)
                              c:/program files (x86)/atmel/studio/7.0/toolchain/arm/arm-gnu-toolchain/bin/../lib/gcc/arm-none-eabi/5.3.1/../../../../arm-none-eabi/lib/armv7e-m\libm.a(lib_a-w_atan2.o) (__ieee754_atan2)
c:/program files (x86)/atmel/studio/7.0/toolchain/arm/arm-gnu-toolchain/bin/../lib/gcc/arm-none-eabi/5.3.1/../../../../arm-none-eabi/lib/armv7e-m\libm.a(lib_a-e_sqrt.o)
                              c:/program files (x86)/atmel/studio/7.0/toolchain/arm/arm-gnu-toolchain/bin/../lib/gcc/arm-none-eabi/5.3.1/../../../../arm-none-eabi/lib/armv7e-m\libm.a(lib_a-w_sqrt.o) (__ieee754_sqrt)
c:/program files (x86)/atmel/studio/7.0/toolchain/arm/arm-gnu-toolchain/bin/../lib/gcc/arm-none-eabi/5.3.1/../../../../arm-none-eabi/lib/armv7e-m\libm.a(lib_a-s_lib_ver.o)
                              c:/program files (x86)/atmel/studio/7.0/toolchain/arm/arm-gnu-toolchain/bin/../lib/gcc/arm-none-eabi/5.3.1/../../../../arm-none-eabi/lib/armv7e-m\libm.a(lib_a-w_sqrt.o) (__fdlib_version)
c:/program files (x86)/atmel/studio/7.0/toolchain/arm/arm-gnu-toolchain/bin/../lib/gcc/arm-none-eabi/5.3.1/../../../../arm-none-eabi/lib/armv7e-m\libm.a(lib_a-s_matherr.o)
                              c:/program files (x86)/atmel/studio/7.0/toolchain/arm/arm-gnu-toolchain/bin/../lib/gcc/arm-none-eabi/5.3.1/../../../../arm-none-eabi/lib/armv7e-m\libm.a(lib_a-w_sqrt.o) (matherr)
c:/program files (x86)/atmel/studio/7.0/toolchain/arm/arm-gnu-toolchain/bin/../lib/gcc/arm-none-eabi/5.3.1/armv7e-m\libgcc.a(_arm_addsubdf3.o)
                              main.o (__aeabi_dsub)
c:/program files (x86)/atmel/studio/7.0/toolchain/arm/arm-gnu-toolchain/bin/../lib/gcc/arm-none-eabi/5.3.1/armv7e-m\libgcc.a(_arm_muldivdf3.o)
                              main.o (__aeabi_dmul)
c:/program files (x86)/atmel/studio/7.0/toolchain/arm/arm-gnu-toolchain/bin/../lib/gcc/arm-none-eabi/5.3.1/armv7e-m\libgcc.a(_arm_cmpdf2.o)
                              main.o (__aeabi_dcmplt)
c:/program files (x86)/atmel/studio/7.0/toolchain/arm/arm-gnu-toolchain/bin/../lib/gcc/arm-none-eabi/5.3.1/armv7e-m\libgcc.a(_arm_unorddf2.o)
                              c:/program files (x86)/atmel/studio/7.0/toolchain/arm/arm-gnu-toolchain/bin/../lib/gcc/arm-none-eabi/5.3.1/../../../../arm-none-eabi/lib/armv7e-m\libm.a(lib_a-w_sqrt.o) (__aeabi_dcmpun)
c:/program files (x86)/atmel/studio/7.0/toolchain/arm/arm-gnu-toolchain/bin/../lib/gcc/arm-none-eabi/5.3.1/armv7e-m\libgcc.a(_arm_fixdfsi.o)
                              main.o (__aeabi_d2iz)
c:/program files (x86)/atmel/studio/7.0/toolchain/arm/arm-gnu-toolchain/bin/../lib/gcc/arm-none-eabi/5.3.1/armv7e-m\libgcc.a(_arm_fixunsdfsi.o)
                              main.o (__aeabi_d2uiz)
c:/program files (x86)/atmel/studio/7.0/toolchain/arm/arm-gnu-toolchain/bin/../lib/gcc/arm-none-eabi/5.3.1/armv7e-m\libgcc.a(_arm_truncdfsf2.o)
                              main.o (__aeabi_d2f)
c:/program files (x86)/atmel/studio/7.0/toolchain/arm/arm-gnu-toolchain/bin/../lib/gcc/arm-none-eabi/5.3.1/../../../../arm-none-eabi/lib/armv7e-m\libc.a(lib_a-atof.o)
                              main.o (atof)
c:/program files (x86)/atmel/studio/7.0/toolchain/arm/arm-gnu-toolchain/bin/../lib/gcc/arm-none-eabi/5.3.1/../../../../arm-none-eabi/lib/armv7e-m\libc.a(lib_a-errno.o)
                              c:/program files (x86)/atmel/studio/7.0/toolchain/arm/arm-gnu-toolchain/bin/../lib/gcc/arm-none-eabi/5.3.1/../../../../arm-none-eabi/lib/armv7e-m\libm.a(lib_a-w_sqrt.o) (__errno)
c:/program files (x86)/atmel/studio/7.0/toolchain/arm/arm-gnu-toolchain/bin/../lib/gcc/arm-none-eabi/5.3.1/../../../../arm-none-eabi/lib/armv7e-m\libc.a(lib_a-exit.o)
[...]
Memory Configuration

Name             Origin             Length             Attributes
rom              0x00400000         0x00100000         xr
ram              0x20400000         0x00060000         xrw
*default*        0x00000000         0xffffffff

Linker script and memory map

LOAD c:/program files (x86)/atmel/studio/7.0/toolchain/arm/arm-gnu-toolchain/bin/../lib/gcc/arm-none-eabi/5.3.1/armv7e-m/crti.o
LOAD c:/program files (x86)/atmel/studio/7.0/toolchain/arm/arm-gnu-toolchain/bin/../lib/gcc/arm-none-eabi/5.3.1/armv7e-m/crtbegin.o
LOAD c:/program files (x86)/atmel/studio/7.0/toolchain/arm/arm-gnu-toolchain/bin/../lib/gcc/arm-none-eabi/5.3.1/../../../../arm-none-eabi/lib/armv7e-m/crt0.o
LOAD Device_Startup/startup_same70n20.o
LOAD main.o
LOAD src/ASF/common/services/sleepmgr/sam/sleepmgr.o
LOAD src/ASF/common/services/spi/sam_spi/spi_master.o
LOAD src/ASF/sam/drivers/afec/afec.o
LOAD src/ASF/sam/drivers/spi/spi.o
LOAD src/misc/Helper.o
LOAD src/misc/Kalman.o
LOAD src/misc/PID_v1.o
LOAD src/ASF/sam/drivers/twihs/twihs.o
LOAD src/ASF/sam/drivers/wdt/wdt.o
LOAD src/hw-interfaces/pcbtop_stabilizer.o
LOAD src/ASF/sam/drivers/tc/tc.o
LOAD src/ASF/sam/drivers/usart/usart.o
LOAD src/ASF/common/services/serial/usart_serial.o
LOAD src/ASF/common/services/clock/same70/sysclk.o
LOAD src/ASF/sam/drivers/pio/pio_handler.o
LOAD src/ASF/sam/drivers/matrix/matrix.o
LOAD src/ASF/sam/drivers/pio/pio.o
LOAD src/ASF/sam/drivers/pmc/pmc.o
LOAD src/ASF/sam/drivers/pwm/pwm.o
LOAD src/ASF/sam/drivers/rtc/rtc.o
LOAD src/ASF/sam/drivers/uart/uart.o
LOAD src/ASF/sam/drivers/pmc/sleep.o
LOAD src/ASF/common/boards/user_board/init.o
LOAD src/ASF/common/utils/interrupt/interrupt_sam_nvic.o
LOAD src/ASF/sam/utils/cmsis/same70/source/templates/system_same70.o
LOAD src/ASF/sam/utils/syscalls/gcc/syscalls.o
START GROUP
LOAD ..\src\ASF\thirdparty\CMSIS\Lib\GCC\libarm_cortexM7lfsp_math_softfp.a
END GROUP
LOAD c:/program files (x86)/atmel/studio/7.0/toolchain/arm/arm-gnu-toolchain/bin/../lib/gcc/arm-none-eabi/5.3.1/../../../../arm-none-eabi/lib/armv7e-m\libstdc++.a
LOAD c:/program files (x86)/atmel/studio/7.0/toolchain/arm/arm-gnu-toolchain/bin/../lib/gcc/arm-none-eabi/5.3.1/../../../../arm-none-eabi/lib/armv7e-m\libm.a
START GROUP
LOAD c:/program files (x86)/atmel/studio/7.0/toolchain/arm/arm-gnu-toolchain/bin/../lib/gcc/arm-none-eabi/5.3.1/armv7e-m\libgcc.a
LOAD c:/program files (x86)/atmel/studio/7.0/toolchain/arm/arm-gnu-toolchain/bin/../lib/gcc/arm-none-eabi/5.3.1/../../../../arm-none-eabi/lib/armv7e-m\libc.a
END GROUP
LOAD c:/program files (x86)/atmel/studio/7.0/toolchain/arm/arm-gnu-toolchain/bin/../lib/gcc/arm-none-eabi/5.3.1/armv7e-m/crtend.o
LOAD c:/program files (x86)/atmel/studio/7.0/toolchain/arm/arm-gnu-toolchain/bin/../lib/gcc/arm-none-eabi/5.3.1/armv7e-m/crtn.o
                0x00000400                STACK_SIZE = DEFINED (STACK_SIZE)?STACK_SIZE:0x400
                0x2045fffc                __ram_end__ = ((ORIGIN (ram) + LENGTH (ram)) - 0x4)
                0x00000200                HEAP_SIZE = DEFINED (HEAP_SIZE)?HEAP_SIZE:0x200

.text           0x00400000     0x6874
                0x00400000                . = ALIGN (0x4)
                0x00400000                _sfixed = .
 *(.vectors .vectors.*)
 .vectors       0x00400000      0x140 Device_Startup/startup_same70n20.o
                0x00400000                exception_table
 *(.text .text.* .gnu.linkonce.t.*)
 .text          0x00400140       0x5c c:/program files (x86)/atmel/studio/7.0/toolchain/arm/arm-gnu-toolchain/bin/../lib/gcc/arm-none-eabi/5.3.1/armv7e-m/crtbegin.o
 .text.Dummy_Handler
                0x0040019c        0x2 Device_Startup/startup_same70n20.o
                0x0040019c                DACC_Handler
                0x0040019c                DebugMon_Handler
                0x0040019c                UART3_Handler
                0x0040019c                UART2_Handler
                0x0040019c                TRNG_Handler
                0x0040019c                HardFault_Handler
                0x0040019c                TC2_Handler
                0x0040019c                PendSV_Handler
                0x0040019c                NMI_Handler
                0x0040019c                QSPI_Handler
                0x0040019c                ISI_Handler
                0x0040019c                TC9_Handler
                0x0040019c                RSWDT_Handler
                0x0040019c                MCAN1_Handler
                0x0040019c                USART0_Handler
                0x0040019c                RTT_Handler
                0x0040019c                USBHS_Handler
                0x0040019c                RTC_Handler
                0x0040019c                UsageFault_Handler
                0x0040019c                WDT_Handler
                0x0040019c                TC1_Handler
                0x0040019c                HSMCI_Handler
                0x0040019c                UART1_Handler
                0x0040019c                Dummy_Handler
                0x0040019c                TWIHS1_Handler
                0x0040019c                XDMAC_Handler
                0x0040019c                UART4_Handler
                0x0040019c                PWM1_Handler
                0x0040019c                USART1_Handler
                0x0040019c                PWM0_Handler
                0x0040019c                SSC_Handler
                0x0040019c                TC11_Handler
                0x0040019c                ACC_Handler
                0x0040019c                PMC_Handler
                0x0040019c                GMAC_Handler
                0x0040019c                MemManage_Handler
                0x0040019c                SUPC_Handler
                0x0040019c                SVC_Handler
                0x0040019c                EFC_Handler
                0x0040019c                USART2_Handler
                0x0040019c                SPI1_Handler
                0x0040019c                MCAN0_Handler
                0x0040019c                TC10_Handler
                0x0040019c                TWIHS2_Handler
                0x0040019c                BusFault_Handler
                0x0040019c                RSTC_Handler
                0x0040019c                TC0_Handler
                0x0040019c                ICM_Handler
                0x0040019c                AES_Handler
                0x0040019c                TWIHS0_Handler
                0x0040019c                SPI0_Handler
 *fill*         0x0040019e        0x2 
 .text.Reset_Handler
                0x004001a0       0x68 Device_Startup/startup_same70n20.o
                0x004001a0                Reset_Handler
 .text._ZN10TinkerUart7printlnEPKc.isra.2
                0x00400208       0x20 main.o
 .text._ZN12TinkerBMI1604initEv.isra.4
                0x00400228       0x60 main.o
 .text._ZN10TinkerUart11printNumberEm
                0x00400288       0x20 main.o
                0x00400288                TinkerUart::printNumber(unsigned long)
 .text._ZN10TinkerUart13printlnDoubleEd
                0x004002a8      0x14c main.o
                0x004002a8                TinkerUart::printlnDouble(double)
 *fill*         0x004003f4        0x4 
 .text._ZN12TinkerBMI1606updateEv
                0x004003f8      0x120 main.o
                0x004003f8                TinkerBMI160::update()
 .text._ZN14DroniSensIMU114initEv
                0x00400518       0x70 main.o
                0x00400518                DroniSensIMU11::init()
 .text._ZN13DroniAttitude4initEv
                0x00400588      0x2a8 main.o
                0x00400588                DroniAttitude::init()
 .text._Z11parseAnglesPc
                0x00400830      0x11c main.o
                0x00400830                parseAngles(char*)
 .text.UART0_Handler
                0x0040094c       0xc4 main.o
                0x0040094c                UART0_Handler
 .text._ZN13DroniAttitudeC2Ev
                0x00400a10       0x8c main.o
                0x00400a10                DroniAttitude::DroniAttitude()
                0x00400a10                DroniAttitude::DroniAttitude()
 *fill*         0x00400a9c        0x4 
 .text._Z22task1_estimateAttitudev
                0x00400aa0      0x4ec main.o
                0x00400aa0                task1_estimateAttitude()
 .text._Z26task4_update_target_anglesv
                0x00400f8c       0x74 main.o
                0x00400f8c                task4_update_target_angles()
 .text._Z12task0_tracesv
                0x00401000      0x17c main.o
                0x00401000                task0_traces()
 .text._Z13task2_computev
                0x0040117c      0x244 main.o
                0x0040117c                task2_compute()
 .text._Z20task3_control_motorsv
                0x004013c0      0x114 main.o
                0x004013c0                task3_control_motors()
 .text.startup.main
                0x004014d4      0x224 main.o
                0x004014d4                main
 .text.startup._GLOBAL__sub_I__Z11parseAnglesPc
                0x004016f8       0x6c main.o
 .text.afec_process_callback
                0x00401764       0x60 src/ASF/sam/drivers/afec/afec.o
 .text.AFEC0_Handler
                0x004017c4       0x10 src/ASF/sam/drivers/afec/afec.o
                0x004017c4                AFEC0_Handler
 .text.AFEC1_Handler
                0x004017d4       0x10 src/ASF/sam/drivers/afec/afec.o
                0x004017d4                AFEC1_Handler
 .text.SysTick_Handler
                0x004017e4       0x10 src/misc/Helper.o
                0x004017e4                SysTick_Handler
 .text._Z6mdelaym
                0x004017f4       0x14 src/misc/Helper.o
                0x004017f4                mdelay(unsigned long)
 .text._Z6microsv
                0x00401808        0xc src/misc/Helper.o
                0x00401808                micros()
 .text._Z5_itoaPcl
                0x00401814       0x46 src/misc/Helper.o
                0x00401814                _itoa(char*, long)
 *fill*         0x0040185a        0x2 
 .text._ZN6KalmanC2Ev
                0x0040185c       0x28 src/misc/Kalman.o
                0x0040185c                Kalman::Kalman()
                0x0040185c                Kalman::Kalman()
 .text._ZN6Kalman8getAngleEfff
                0x00401884       0xae src/misc/Kalman.o
                0x00401884                Kalman::getAngle(float, float, float)
 .text._ZN6Kalman8setAngleEf
                0x00401932        0x4 src/misc/Kalman.o
                0x00401932                Kalman::setAngle(float)
 *fill*         0x00401936        0x2 
 .text.twihs_set_speed
                0x00401938       0x90 src/ASF/sam/drivers/twihs/twihs.o
                0x00401938                twihs_set_speed
 .text.twihs_master_init
                0x004019c8       0x30 src/ASF/sam/drivers/twihs/twihs.o
                0x004019c8                twihs_master_init
 .text.twihs_master_read
                0x004019f8       0x8a src/ASF/sam/drivers/twihs/twihs.o
                0x004019f8                twihs_master_read
 .text.twihs_master_write
                0x00401a82       0x7e src/ASF/sam/drivers/twihs/twihs.o
                0x00401a82                twihs_master_write
 .text.wdt_restart
                0x00401b00       0x14 src/ASF/sam/drivers/wdt/wdt.o
                0x00401b00                wdt_restart
 .text.ioport_set_pin_mode
                0x00401b14       0x70 src/hw-interfaces/pcbtop_stabilizer.o
 .text.tinkerPwmInit
                0x00401b84       0xe4 src/hw-interfaces/pcbtop_stabilizer.o
                0x00401b84                tinkerPwmInit
 .text.tinkerPwmWrite
                0x00401c68       0x58 src/hw-interfaces/pcbtop_stabilizer.o
                0x00401c68                tinkerPwmWrite
 .text.tinkerUartInit
                0x00401cc0       0x58 src/hw-interfaces/pcbtop_stabilizer.o
                0x00401cc0                tinkerUartInit
 .text.tinkerUartPutChar
                0x00401d18       0x5c src/hw-interfaces/pcbtop_stabilizer.o
                0x00401d18                tinkerUartPutChar
 .text.tinkerUartPutBuffer
                0x00401d74       0x20 src/hw-interfaces/pcbtop_stabilizer.o
                0x00401d74                tinkerUartPutBuffer
 .text.tinkerUartPutString
                0x00401d94       0x28 src/hw-interfaces/pcbtop_stabilizer.o
                0x00401d94                tinkerUartPutString
 .text.tinkerInitI2C
                0x00401dbc       0x84 src/hw-interfaces/pcbtop_stabilizer.o
                0x00401dbc                tinkerInitI2C
 .text.tinkerReadI2C
                0x00401e40       0x30 src/hw-interfaces/pcbtop_stabilizer.o
                0x00401e40                tinkerReadI2C
 .text.tinkerWriteI2C
                0x00401e70       0x28 src/hw-interfaces/pcbtop_stabilizer.o
                0x00401e70                tinkerWriteI2C
 .text.sysclk_init
                0x00401e98       0x70 src/ASF/common/services/clock/same70/sysclk.o
                0x00401e98                sysclk_init
 .text.pio_handler_process
                0x00401f08       0x5c src/ASF/sam/drivers/pio/pio_handler.o
                0x00401f08                pio_handler_process
 .text.PIOA_Handler
                0x00401f64       0x10 src/ASF/sam/drivers/pio/pio_handler.o
                0x00401f64                PIOA_Handler
 .text.PIOB_Handler
                0x00401f74       0x10 src/ASF/sam/drivers/pio/pio_handler.o
                0x00401f74                PIOB_Handler
 .text.PIOD_Handler
                0x00401f84       0x10 src/ASF/sam/drivers/pio/pio_handler.o
                0x00401f84                PIOD_Handler
 .text.pio_set_peripheral
                0x00401f94       0x7c src/ASF/sam/drivers/pio/pio.o
                0x00401f94                pio_set_peripheral
 .text.pio_set_input
                0x00402010       0x30 src/ASF/sam/drivers/pio/pio.o
                0x00402010                pio_set_input
 .text.pio_set_output
                0x00402040       0x24 src/ASF/sam/drivers/pio/pio.o
                0x00402040                pio_set_output
 .text.pio_get_interrupt_status
                0x00402064        0x4 src/ASF/sam/drivers/pio/pio.o
                0x00402064                pio_get_interrupt_status
 .text.pio_get_interrupt_mask
                0x00402068        0x4 src/ASF/sam/drivers/pio/pio.o
                0x00402068                pio_get_interrupt_mask
 .text.pio_configure_pin
                0x0040206c       0xb4 src/ASF/sam/drivers/pio/pio.o
                0x0040206c                pio_configure_pin
 .text.pmc_mck_set_division
                0x00402120       0x2c src/ASF/sam/drivers/pmc/pmc.o
                0x00402120                pmc_mck_set_division
 .text.pmc_switch_mck_to_pllack
                0x0040214c       0x44 src/ASF/sam/drivers/pmc/pmc.o
                0x0040214c                pmc_switch_mck_to_pllack
 .text.pmc_switch_mainck_to_xtal
                0x00402190       0x50 src/ASF/sam/drivers/pmc/pmc.o
                0x00402190                pmc_switch_mainck_to_xtal
 .text.pmc_osc_is_ready_mainck
                0x004021e0       0x10 src/ASF/sam/drivers/pmc/pmc.o
                0x004021e0                pmc_osc_is_ready_mainck
 .text.pmc_disable_pllack
                0x004021f0       0x10 src/ASF/sam/drivers/pmc/pmc.o
                0x004021f0                pmc_disable_pllack
 .text.pmc_is_locked_pllack
                0x00402200       0x10 src/ASF/sam/drivers/pmc/pmc.o
                0x00402200                pmc_is_locked_pllack
 .text.pmc_enable_periph_clk
                0x00402210       0x40 src/ASF/sam/drivers/pmc/pmc.o
                0x00402210                pmc_enable_periph_clk
 .text.pwm_clocks_generate
                0x00402250       0x4c src/ASF/sam/drivers/pwm/pwm.o
 .text.pwm_init
                0x0040229c       0x40 src/ASF/sam/drivers/pwm/pwm.o
                0x0040229c                pwm_init
 .text.pwm_channel_init
                0x004022dc      0x150 src/ASF/sam/drivers/pwm/pwm.o
                0x004022dc                pwm_channel_init
 .text.pwm_channel_enable
                0x0040242c        0xa src/ASF/sam/drivers/pwm/pwm.o
                0x0040242c                pwm_channel_enable
 .text.pwm_channel_disable
                0x00402436        0xa src/ASF/sam/drivers/pwm/pwm.o
                0x00402436                pwm_channel_disable
 .text.uart_init
                0x00402440       0x2c src/ASF/sam/drivers/uart/uart.o
                0x00402440                uart_init
 .text.uart_enable_interrupt
                0x0040246c        0x4 src/ASF/sam/drivers/uart/uart.o
                0x0040246c                uart_enable_interrupt
 .text.uart_write
                0x00402470       0x10 src/ASF/sam/drivers/uart/uart.o
                0x00402470                uart_write
 .text.uart_read
                0x00402480       0x12 src/ASF/sam/drivers/uart/uart.o
                0x00402480                uart_read
 .text.board_init
                0x00402492        0x2 src/ASF/common/boards/user_board/init.o
                0x00402492                board_init
 .text.SystemCoreClockUpdate
                0x00402494       0xcc src/ASF/sam/utils/cmsis/same70/source/templates/system_same70.o
                0x00402494                SystemCoreClockUpdate
 .text.system_init_flash
                0x00402560       0x64 src/ASF/sam/utils/cmsis/same70/source/templates/system_same70.o
                0x00402560                system_init_flash
 .text._sbrk    0x004025c4       0x2c src/ASF/sam/utils/syscalls/gcc/syscalls.o
                0x004025c4                _sbrk
 .text.atan     0x004025f0      0x33c c:/program files (x86)/atmel/studio/7.0/toolchain/arm/arm-gnu-toolchain/bin/../lib/gcc/arm-none-eabi/5.3.1/../../../../arm-none-eabi/lib/armv7e-m\libm.a(lib_a-s_atan.o)
                0x004025f0                atan
 .text.fabs     0x0040292c        0x8 c:/program files (x86)/atmel/studio/7.0/toolchain/arm/arm-gnu-toolchain/bin/../lib/gcc/arm-none-eabi/5.3.1/../../../../arm-none-eabi/lib/armv7e-m\libm.a(lib_a-s_fabs.o)
                0x0040292c                fabs
 .text.atan2    0x00402934        0x4 c:/program files (x86)/atmel/studio/7.0/toolchain/arm/arm-gnu-toolchain/bin/../lib/gcc/arm-none-eabi/5.3.1/../../../../arm-none-eabi/lib/armv7e-m\libm.a(lib_a-w_atan2.o)
                0x00402934                atan2
 .text.sqrt     0x00402938       0xb8 c:/program files (x86)/atmel/studio/7.0/toolchain/arm/arm-gnu-toolchain/bin/../lib/gcc/arm-none-eabi/5.3.1/../../../../arm-none-eabi/lib/armv7e-m\libm.a(lib_a-w_sqrt.o)
                0x00402938                sqrt
 .text.__ieee754_atan2
                0x004029f0      0x194 c:/program files (x86)/atmel/studio/7.0/toolchain/arm/arm-gnu-toolchain/bin/../lib/gcc/arm-none-eabi/5.3.1/../../../../arm-none-eabi/lib/armv7e-m\libm.a(lib_a-e_atan2.o)
                0x004029f0                __ieee754_atan2
 .text.__ieee754_sqrt
                0x00402b84      0x180 c:/program files (x86)/atmel/studio/7.0/toolchain/arm/arm-gnu-toolchain/bin/../lib/gcc/arm-none-eabi/5.3.1/../../../../arm-none-eabi/lib/armv7e-m\libm.a(lib_a-e_sqrt.o)
                0x00402b84                __ieee754_sqrt
 .text.matherr  0x00402d04        0x4 c:/program files (x86)/atmel/studio/7.0/toolchain/arm/arm-gnu-toolchain/bin/../lib/gcc/arm-none-eabi/5.3.1/../../../../arm-none-eabi/lib/armv7e-m\libm.a(lib_a-s_matherr.o)
                0x00402d04                matherr
 .text          0x00402d08      0x370 c:/program files (x86)/atmel/studio/7.0/toolchain/arm/arm-gnu-toolchain/bin/../lib/gcc/arm-none-eabi/5.3.1/armv7e-m\libgcc.a(_arm_addsubdf3.o)
                0x00402d08                __aeabi_drsub
                0x00402d10                __aeabi_dsub
                0x00402d10                __subdf3
                0x00402d14                __aeabi_dadd
                0x00402d14                __adddf3
                0x00402f8c                __floatunsidf
                0x00402f8c                __aeabi_ui2d
                0x00402fac                __floatsidf
                0x00402fac                __aeabi_i2d
                0x00402fd0                __aeabi_f2d
                0x00402fd0                __extendsfdf2
                0x0040300c                __floatundidf
                0x0040300c                __aeabi_ul2d
                0x0040301c                __floatdidf
                0x0040301c                __aeabi_l2d
 .text          0x00403078      0x424 c:/program files (x86)/atmel/studio/7.0/toolchain/arm/arm-gnu-toolchain/bin/../lib/gcc/arm-none-eabi/5.3.1/armv7e-m\libgcc.a(_arm_muldivdf3.o)
                0x00403078                __aeabi_dmul
                0x00403078                __muldf3
                0x004032cc                __divdf3
                0x004032cc                __aeabi_ddiv
 .text          0x0040349c      0x110 c:/program files (x86)/atmel/studio/7.0/toolchain/arm/arm-gnu-toolchain/bin/../lib/gcc/arm-none-eabi/5.3.1/armv7e-m\libgcc.a(_arm_cmpdf2.o)
                0x0040349c                __gtdf2
                0x0040349c                __gedf2
                0x004034a4                __ltdf2
                0x004034a4                __ledf2
                0x004034ac                __nedf2
                0x004034ac                __eqdf2
                0x004034ac                __cmpdf2
                0x00403528                __aeabi_cdrcmple
                0x00403538                __aeabi_cdcmpeq
                0x00403538                __aeabi_cdcmple
                0x00403548                __aeabi_dcmpeq
                0x0040355c                __aeabi_dcmplt
                0x00403570                __aeabi_dcmple
                0x00403584                __aeabi_dcmpge
                0x00403598                __aeabi_dcmpgt
 .text          0x004035ac       0x2c c:/program files (x86)/atmel/studio/7.0/toolchain/arm/arm-gnu-toolchain/bin/../lib/gcc/arm-none-eabi/5.3.1/armv7e-m\libgcc.a(_arm_unorddf2.o)
                0x004035ac                __unorddf2
                0x004035ac                __aeabi_dcmpun
 .text          0x004035d8       0x50 c:/program files (x86)/atmel/studio/7.0/toolchain/arm/arm-gnu-toolchain/bin/../lib/gcc/arm-none-eabi/5.3.1/armv7e-m\libgcc.a(_arm_fixdfsi.o)
                0x004035d8                __aeabi_d2iz
                0x004035d8                __fixdfsi
 .text          0x00403628       0x40 c:/program files (x86)/atmel/studio/7.0/toolchain/arm/arm-gnu-toolchain/bin/../lib/gcc/arm-none-eabi/5.3.1/armv7e-m\libgcc.a(_arm_fixunsdfsi.o)
                0x00403628                __aeabi_d2uiz
                0x00403628                __fixunsdfsi
 .text          0x00403668       0xa0 c:/program files (x86)/atmel/studio/7.0/toolchain/arm/arm-gnu-toolchain/bin/../lib/gcc/arm-none-eabi/5.3.1/armv7e-m\libgcc.a(_arm_truncdfsf2.o)
                0x00403668                __truncdfsf2
                0x00403668                __aeabi_d2f
 .text.atof     0x00403708        0x8 c:/program files (x86)/atmel/studio/7.0/toolchain/arm/arm-gnu-toolchain/bin/../lib/gcc/arm-none-eabi/5.3.1/../../../../arm-none-eabi/lib/armv7e-m\libc.a(lib_a-atof.o)
                0x00403708                atof
 .text.__errno  0x00403710        0xc c:/program files (x86)/atmel/studio/7.0/toolchain/arm/arm-gnu-toolchain/bin/../lib/gcc/arm-none-eabi/5.3.1/../../../../arm-none-eabi/lib/armv7e-m\libc.a(lib_a-errno.o)
                0x00403710                __errno
 .text.__libc_init_array
                0x0040371c       0x50 c:/program files (x86)/atmel/studio/7.0/toolchain/arm/arm-gnu-toolchain/bin/../lib/gcc/arm-none-eabi/5.3.1/../../../../arm-none-eabi/lib/armv7e-m\libc.a(lib_a-init.o)
                0x0040371c                __libc_init_array
 .text.memset   0x0040376c       0x9c c:/program files (x86)/atmel/studio/7.0/toolchain/arm/arm-gnu-toolchain/bin/../lib/gcc/arm-none-eabi/5.3.1/../../../../arm-none-eabi/lib/armv7e-m\libc.a(lib_a-memset.o)
                0x0040376c                memset
 .text.strcat   0x00403808       0x40 c:/program files (x86)/atmel/studio/7.0/toolchain/arm/arm-gnu-toolchain/bin/../lib/gcc/arm-none-eabi/5.3.1/../../../../arm-none-eabi/lib/armv7e-m\libc.a(lib_a-strcat.o)
                0x00403808                strcat
 .text.strcpy   0x00403848       0xbc c:/program files (x86)/atmel/studio/7.0/toolchain/arm/arm-gnu-toolchain/bin/../lib/gcc/arm-none-eabi/5.3.1/../../../../arm-none-eabi/lib/armv7e-m\libc.a(lib_a-strcpy.o)
                0x00403848                strcpy
 *fill*         0x00403904       0x3c 
 .text          0x00403940       0xdc c:/program files (x86)/atmel/studio/7.0/toolchain/arm/arm-gnu-toolchain/bin/../lib/gcc/arm-none-eabi/5.3.1/../../../../arm-none-eabi/lib/armv7e-m\libc.a(lib_a-strlen.o)
                0x00403940                strlen
 .text.sulp     0x00403a1c       0x44 c:/program files (x86)/atmel/studio/7.0/toolchain/arm/arm-gnu-toolchain/bin/../lib/gcc/arm-none-eabi/5.3.1/../../../../arm-none-eabi/lib/armv7e-m\libc.a(lib_a-strtod.o)
 .text._strtod_r
                0x00403a60      0xecc c:/program files (x86)/atmel/studio/7.0/toolchain/arm/arm-gnu-toolchain/bin/../lib/gcc/arm-none-eabi/5.3.1/../../../../arm-none-eabi/lib/armv7e-m\libc.a(lib_a-strtod.o)
                0x00403a60                _strtod_r
 .text.strtod   0x0040492c       0x10 c:/program files (x86)/atmel/studio/7.0/toolchain/arm/arm-gnu-toolchain/bin/../lib/gcc/arm-none-eabi/5.3.1/../../../../arm-none-eabi/lib/armv7e-m\libc.a(lib_a-strtod.o)
                0x0040492c                strtod
 .text.startup.register_fini
                0x0040493c       0x14 c:/program files (x86)/atmel/studio/7.0/toolchain/arm/arm-gnu-toolchain/bin/../lib/gcc/arm-none-eabi/5.3.1/../../../../arm-none-eabi/lib/armv7e-m\libc.a(lib_a-__call_atexit.o)
 .text.atexit   0x00404950        0xc c:/program files (x86)/atmel/studio/7.0/toolchain/arm/arm-gnu-toolchain/bin/../lib/gcc/arm-none-eabi/5.3.1/../../../../arm-none-eabi/lib/armv7e-m\libc.a(lib_a-atexit.o)
                0x00404950                atexit
 .text.__libc_fini_array
                0x0040495c       0x28 c:/program files (x86)/atmel/studio/7.0/toolchain/arm/arm-gnu-toolchain/bin/../lib/gcc/arm-none-eabi/5.3.1/../../../../arm-none-eabi/lib/armv7e-m\libc.a(lib_a-fini.o)
                0x0040495c                __libc_fini_array
 .text.rshift   0x00404984       0xa8 c:/program files (x86)/atmel/studio/7.0/toolchain/arm/arm-gnu-toolchain/bin/../lib/gcc/arm-none-eabi/5.3.1/../../../../arm-none-eabi/lib/armv7e-m\libc.a(lib_a-gdtoa-gethex.o)
 .text.__gethex
                0x00404a2c      0x510 c:/program files (x86)/atmel/studio/7.0/toolchain/arm/arm-gnu-toolchain/bin/../lib/gcc/arm-none-eabi/5.3.1/../../../../arm-none-eabi/lib/armv7e-m\libc.a(lib_a-gdtoa-gethex.o)
                0x00404a2c                __gethex
 .text.__match  0x00404f3c       0x30 c:/program files (x86)/atmel/studio/7.0/toolchain/arm/arm-gnu-toolchain/bin/../lib/gcc/arm-none-eabi/5.3.1/../../../../arm-none-eabi/lib/armv7e-m\libc.a(lib_a-gdtoa-hexnan.o)
                0x00404f3c                __match
 .text.__hexnan
                0x00404f6c      0x180 c:/program files (x86)/atmel/studio/7.0/toolchain/arm/arm-gnu-toolchain/bin/../lib/gcc/arm-none-eabi/5.3.1/../../../../arm-none-eabi/lib/armv7e-m\libc.a(lib_a-gdtoa-hexnan.o)
                0x00404f6c                __hexnan
 .text._localeconv_r
                0x004050ec        0x8 c:/program files (x86)/atmel/studio/7.0/toolchain/arm/arm-gnu-toolchain/bin/../lib/gcc/arm-none-eabi/5.3.1/../../../../arm-none-eabi/lib/armv7e-m\libc.a(lib_a-locale.o)
                0x004050ec                _localeconv_r
 .text          0x004050f4      0x134 c:/program files (x86)/atmel/studio/7.0/toolchain/arm/arm-gnu-toolchain/bin/../lib/gcc/arm-none-eabi/5.3.1/../../../../arm-none-eabi/lib/armv7e-m\libc.a(lib_a-memcpy.o)
                0x004050f4                memcpy
 .text._Balloc  0x00405228       0x4c c:/program files (x86)/atmel/studio/7.0/toolchain/arm/arm-gnu-toolchain/bin/../lib/gcc/arm-none-eabi/5.3.1/../../../../arm-none-eabi/lib/armv7e-m\libc.a(lib_a-mprec.o)
                0x00405228                _Balloc
 .text._Bfree   0x00405274       0x14 c:/program files (x86)/atmel/studio/7.0/toolchain/arm/arm-gnu-toolchain/bin/../lib/gcc/arm-none-eabi/5.3.1/../../../../arm-none-eabi/lib/armv7e-m\libc.a(lib_a-mprec.o)
                0x00405274                _Bfree
 .text.__multadd
                0x00405288       0x80 c:/program files (x86)/atmel/studio/7.0/toolchain/arm/arm-gnu-toolchain/bin/../lib/gcc/arm-none-eabi/5.3.1/../../../../arm-none-eabi/lib/armv7e-m\libc.a(lib_a-mprec.o)
                0x00405288                __multadd
 .text.__s2b    0x00405308       0x98 c:/program files (x86)/atmel/studio/7.0/toolchain/arm/arm-gnu-toolchain/bin/../lib/gcc/arm-none-eabi/5.3.1/../../../../arm-none-eabi/lib/armv7e-m\libc.a(lib_a-mprec.o)
                0x00405308                __s2b
 .text.__hi0bits
                0x004053a0       0x40 c:/program files (x86)/atmel/studio/7.0/toolchain/arm/arm-gnu-toolchain/bin/../lib/gcc/arm-none-eabi/5.3.1/../../../../arm-none-eabi/lib/armv7e-m\libc.a(lib_a-mprec.o)
                0x004053a0                __hi0bits
 .text.__lo0bits
                0x004053e0       0x5c c:/program files (x86)/atmel/studio/7.0/toolchain/arm/arm-gnu-toolchain/bin/../lib/gcc/arm-none-eabi/5.3.1/../../../../arm-none-eabi/lib/armv7e-m\libc.a(lib_a-mprec.o)
                0x004053e0                __lo0bits
 .text.__i2b    0x0040543c       0x14 c:/program files (x86)/atmel/studio/7.0/toolchain/arm/arm-gnu-toolchain/bin/../lib/gcc/arm-none-eabi/5.3.1/../../../../arm-none-eabi/lib/armv7e-m\libc.a(lib_a-mprec.o)
                0x0040543c                __i2b
 .text.__multiply
                0x00405450      0x130 c:/program files (x86)/atmel/studio/7.0/toolchain/arm/arm-gnu-toolchain/bin/../lib/gcc/arm-none-eabi/5.3.1/../../../../arm-none-eabi/lib/armv7e-m\libc.a(lib_a-mprec.o)
                0x00405450                __multiply
 .text.__pow5mult
                0x00405580       0xa0 c:/program files (x86)/atmel/studio/7.0/toolchain/arm/arm-gnu-toolchain/bin/../lib/gcc/arm-none-eabi/5.3.1/../../../../arm-none-eabi/lib/armv7e-m\libc.a(lib_a-mprec.o)
                0x00405580                __pow5mult
 .text.__lshift
                0x00405620       0xb0 c:/program files (x86)/atmel/studio/7.0/toolchain/arm/arm-gnu-toolchain/bin/../lib/gcc/arm-none-eabi/5.3.1/../../../../arm-none-eabi/lib/armv7e-m\libc.a(lib_a-mprec.o)
                0x00405620                __lshift
 .text.__mcmp   0x004056d0       0x40 c:/program files (x86)/atmel/studio/7.0/toolchain/arm/arm-gnu-toolchain/bin/../lib/gcc/arm-none-eabi/5.3.1/../../../../arm-none-eabi/lib/armv7e-m\libc.a(lib_a-mprec.o)
                0x004056d0                __mcmp
 .text.__mdiff  0x00405710      0x114 c:/program files (x86)/atmel/studio/7.0/toolchain/arm/arm-gnu-toolchain/bin/../lib/gcc/arm-none-eabi/5.3.1/../../../../arm-none-eabi/lib/armv7e-m\libc.a(lib_a-mprec.o)
                0x00405710                __mdiff
 .text.__ulp    0x00405824       0x44 c:/program files (x86)/atmel/studio/7.0/toolchain/arm/arm-gnu-toolchain/bin/../lib/gcc/arm-none-eabi/5.3.1/../../../../arm-none-eabi/lib/armv7e-m\libc.a(lib_a-mprec.o)
                0x00405824                __ulp
 .text.__b2d    0x00405868       0xd4 c:/program files (x86)/atmel/studio/7.0/toolchain/arm/arm-gnu-toolchain/bin/../lib/gcc/arm-none-eabi/5.3.1/../../../../arm-none-eabi/lib/armv7e-m\libc.a(lib_a-mprec.o)
                0x00405868                __b2d
 .text.__d2b    0x0040593c       0xb8 c:/program files (x86)/atmel/studio/7.0/toolchain/arm/arm-gnu-toolchain/bin/../lib/gcc/arm-none-eabi/5.3.1/../../../../arm-none-eabi/lib/armv7e-m\libc.a(lib_a-mprec.o)
                0x0040593c                __d2b
 .text.__ratio  0x004059f4       0x54 c:/program files (x86)/atmel/studio/7.0/toolchain/arm/arm-gnu-toolchain/bin/../lib/gcc/arm-none-eabi/5.3.1/../../../../arm-none-eabi/lib/armv7e-m\libc.a(lib_a-mprec.o)
                0x004059f4                __ratio
 .text.__copybits
                0x00405a48       0x48 c:/program files (x86)/atmel/studio/7.0/toolchain/arm/arm-gnu-toolchain/bin/../lib/gcc/arm-none-eabi/5.3.1/../../../../arm-none-eabi/lib/armv7e-m\libc.a(lib_a-mprec.o)
                0x00405a48                __copybits
 .text.__any_on
                0x00405a90       0x5c c:/program files (x86)/atmel/studio/7.0/toolchain/arm/arm-gnu-toolchain/bin/../lib/gcc/arm-none-eabi/5.3.1/../../../../arm-none-eabi/lib/armv7e-m\libc.a(lib_a-mprec.o)
                0x00405a90                __any_on
 .text.strncmp  0x00405aec       0xa0 c:/program files (x86)/atmel/studio/7.0/toolchain/arm/arm-gnu-toolchain/bin/../lib/gcc/arm-none-eabi/5.3.1/../../../../arm-none-eabi/lib/armv7e-m\libc.a(lib_a-strncmp.o)
                0x00405aec                strncmp
 .text.__register_exitproc
                0x00405b8c       0xa4 c:/program files (x86)/atmel/studio/7.0/toolchain/arm/arm-gnu-toolchain/bin/../lib/gcc/arm-none-eabi/5.3.1/../../../../arm-none-eabi/lib/armv7e-m\libc.a(lib_a-__atexit.o)
                0x00405b8c                __register_exitproc
 .text._calloc_r
                0x00405c30       0x60 c:/program files (x86)/atmel/studio/7.0/toolchain/arm/arm-gnu-toolchain/bin/../lib/gcc/arm-none-eabi/5.3.1/../../../../arm-none-eabi/lib/armv7e-m\libc.a(lib_a-callocr.o)
                0x00405c30                _calloc_r
 .text._malloc_r
                0x00405c90      0x570 c:/program files (x86)/atmel/studio/7.0/toolchain/arm/arm-gnu-toolchain/bin/../lib/gcc/arm-none-eabi/5.3.1/../../../../arm-none-eabi/lib/armv7e-m\libc.a(lib_a-mallocr.o)
                0x00405c90                _malloc_r
 .text.__malloc_lock
                0x00406200        0x4 c:/program files (x86)/atmel/studio/7.0/toolchain/arm/arm-gnu-toolchain/bin/../lib/gcc/arm-none-eabi/5.3.1/../../../../arm-none-eabi/lib/armv7e-m\libc.a(lib_a-mlock.o)
                0x00406200                __malloc_lock
 .text.__malloc_unlock
                0x00406204        0x4 c:/program files (x86)/atmel/studio/7.0/toolchain/arm/arm-gnu-toolchain/bin/../lib/gcc/arm-none-eabi/5.3.1/../../../../arm-none-eabi/lib/armv7e-m\libc.a(lib_a-mlock.o)
                0x00406204                __malloc_unlock
 .text._sbrk_r  0x00406208       0x24 c:/program files (x86)/atmel/studio/7.0/toolchain/arm/arm-gnu-toolchain/bin/../lib/gcc/arm-none-eabi/5.3.1/../../../../arm-none-eabi/lib/armv7e-m\libc.a(lib_a-sbrkr.o)
                0x00406208                _sbrk_r
 .text._malloc_trim_r
                0x0040622c       0x9c c:/program files (x86)/atmel/studio/7.0/toolchain/arm/arm-gnu-toolchain/bin/../lib/gcc/arm-none-eabi/5.3.1/../../../../arm-none-eabi/lib/armv7e-m\libc.a(lib_a-freer.o)
                0x0040622c                _malloc_trim_r
 .text._free_r  0x004062c8      0x1d0 c:/program files (x86)/atmel/studio/7.0/toolchain/arm/arm-gnu-toolchain/bin/../lib/gcc/arm-none-eabi/5.3.1/../../../../arm-none-eabi/lib/armv7e-m\libc.a(lib_a-freer.o)
                0x004062c8                _free_r
 *(.glue_7t)
 .glue_7t       0x00406498        0x0 linker stubs
 *(.glue_7)
 .glue_7        0x00406498        0x0 linker stubs
 *(.rodata .rodata* .gnu.linkonce.r.*)
 .rodata.str1.1
                0x00406498       0xc6 main.o
                                 0xc8 (size before relaxing)
 .rodata.CSWTCH.6
                0x0040655e        0x6 src/ASF/sam/drivers/pmc/pmc.o
 .rodata        0x00406564       0x2c src/ASF/sam/drivers/pwm/pwm.o
 .rodata.atanlo
                0x00406590       0x20 c:/program files (x86)/atmel/studio/7.0/toolchain/arm/arm-gnu-toolchain/bin/../lib/gcc/arm-none-eabi/5.3.1/../../../../arm-none-eabi/lib/armv7e-m\libm.a(lib_a-s_atan.o)
 .rodata.atanhi
                0x004065b0       0x20 c:/program files (x86)/atmel/studio/7.0/toolchain/arm/arm-gnu-toolchain/bin/../lib/gcc/arm-none-eabi/5.3.1/../../../../arm-none-eabi/lib/armv7e-m\libm.a(lib_a-s_atan.o)
 .rodata.str1.4
                0x004065d0        0x5 c:/program files (x86)/atmel/studio/7.0/toolchain/arm/arm-gnu-toolchain/bin/../lib/gcc/arm-none-eabi/5.3.1/../../../../arm-none-eabi/lib/armv7e-m\libm.a(lib_a-w_sqrt.o)
 *fill*         0x004065d5        0x3 
 .rodata.str1.4
                0x004065d8        0x2 c:/program files (x86)/atmel/studio/7.0/toolchain/arm/arm-gnu-toolchain/bin/../lib/gcc/arm-none-eabi/5.3.1/../../../../arm-none-eabi/lib/armv7e-m\libc.a(lib_a-impure.o)
 *fill*         0x004065da        0x2 
 .rodata._global_impure_ptr
                0x004065dc        0x4 c:/program files (x86)/atmel/studio/7.0/toolchain/arm/arm-gnu-toolchain/bin/../lib/gcc/arm-none-eabi/5.3.1/../../../../arm-none-eabi/lib/armv7e-m\libc.a(lib_a-impure.o)
                0x004065dc                _global_impure_ptr
 .rodata.fpinan.5370
                0x004065e0       0x14 c:/program files (x86)/atmel/studio/7.0/toolchain/arm/arm-gnu-toolchain/bin/../lib/gcc/arm-none-eabi/5.3.1/../../../../arm-none-eabi/lib/armv7e-m\libc.a(lib_a-strtod.o)
 .rodata.str1.4
                0x004065f4        0xf c:/program files (x86)/atmel/studio/7.0/toolchain/arm/arm-gnu-toolchain/bin/../lib/gcc/arm-none-eabi/5.3.1/../../../../arm-none-eabi/lib/armv7e-m\libc.a(lib_a-strtod.o)
 *fill*         0x00406603        0x5 
 .rodata.tinytens
                0x00406608       0x28 c:/program files (x86)/atmel/studio/7.0/toolchain/arm/arm-gnu-toolchain/bin/../lib/gcc/arm-none-eabi/5.3.1/../../../../arm-none-eabi/lib/armv7e-m\libc.a(lib_a-strtod.o)
 .rodata.fpi.5334
                0x00406630       0x14 c:/program files (x86)/atmel/studio/7.0/toolchain/arm/arm-gnu-toolchain/bin/../lib/gcc/arm-none-eabi/5.3.1/../../../../arm-none-eabi/lib/armv7e-m\libc.a(lib_a-strtod.o)
 .rodata.__hexdig
                0x00406644      0x100 c:/program files (x86)/atmel/studio/7.0/toolchain/arm/arm-gnu-toolchain/bin/../lib/gcc/arm-none-eabi/5.3.1/../../../../arm-none-eabi/lib/armv7e-m\libc.a(lib_a-gdtoa-gethex.o)
                0x00406644                __hexdig
 .rodata.str1.4
                0x00406744        0xc c:/program files (x86)/atmel/studio/7.0/toolchain/arm/arm-gnu-toolchain/bin/../lib/gcc/arm-none-eabi/5.3.1/../../../../arm-none-eabi/lib/armv7e-m\libc.a(lib_a-locale.o)
                                 0x12 (size before relaxing)
 .rodata.__mprec_tens
                0x00406750       0xc8 c:/program files (x86)/atmel/studio/7.0/toolchain/arm/arm-gnu-toolchain/bin/../lib/gcc/arm-none-eabi/5.3.1/../../../../arm-none-eabi/lib/armv7e-m\libc.a(lib_a-mprec.o)
                0x00406750                __mprec_tens
 .rodata.__mprec_bigtens
                0x00406818       0x28 c:/program files (x86)/atmel/studio/7.0/toolchain/arm/arm-gnu-toolchain/bin/../lib/gcc/arm-none-eabi/5.3.1/../../../../arm-none-eabi/lib/armv7e-m\libc.a(lib_a-mprec.o)
                0x00406818                __mprec_bigtens
 .rodata.p05.5373
                0x00406840        0xc c:/program files (x86)/atmel/studio/7.0/toolchain/arm/arm-gnu-toolchain/bin/../lib/gcc/arm-none-eabi/5.3.1/../../../../arm-none-eabi/lib/armv7e-m\libc.a(lib_a-mprec.o)
 *(.ARM.extab* .gnu.linkonce.armextab.*)
                0x0040684c                . = ALIGN (0x4)
 *(.init)
 .init          0x0040684c        0x4 c:/program files (x86)/atmel/studio/7.0/toolchain/arm/arm-gnu-toolchain/bin/../lib/gcc/arm-none-eabi/5.3.1/armv7e-m/crti.o
                0x0040684c                _init
 .init          0x00406850        0x8 c:/program files (x86)/atmel/studio/7.0/toolchain/arm/arm-gnu-toolchain/bin/../lib/gcc/arm-none-eabi/5.3.1/armv7e-m/crtn.o
                0x00406858                . = ALIGN (0x4)
                0x00406858                __preinit_array_start = .
 *(.preinit_array)
                0x00406858                __preinit_array_end = .
                0x00406858                . = ALIGN (0x4)
                0x00406858                __init_array_start = .
 *(SORT(.init_array.*))
 .init_array.00000
                0x00406858        0x4 c:/program files (x86)/atmel/studio/7.0/toolchain/arm/arm-gnu-toolchain/bin/../lib/gcc/arm-none-eabi/5.3.1/../../../../arm-none-eabi/lib/armv7e-m\libc.a(lib_a-__call_atexit.o)
 *(.init_array)
 .init_array    0x0040685c        0x4 c:/program files (x86)/atmel/studio/7.0/toolchain/arm/arm-gnu-toolchain/bin/../lib/gcc/arm-none-eabi/5.3.1/armv7e-m/crtbegin.o
 .init_array    0x00406860        0x4 main.o
                0x00406864                __init_array_end = .
                0x00406864                . = ALIGN (0x4)
 *crtbegin.o(.ctors)
 *(EXCLUDE_FILE(*crtend.o) .ctors)
 *(SORT(.ctors.*))
 *crtend.o(.ctors)
                0x00406864                . = ALIGN (0x4)
 *(.fini)
 .fini          0x00406864        0x4 c:/program files (x86)/atmel/studio/7.0/toolchain/arm/arm-gnu-toolchain/bin/../lib/gcc/arm-none-eabi/5.3.1/armv7e-m/crti.o
                0x00406864                _fini
 .fini          0x00406868        0x8 c:/program files (x86)/atmel/studio/7.0/toolchain/arm/arm-gnu-toolchain/bin/../lib/gcc/arm-none-eabi/5.3.1/armv7e-m/crtn.o
                0x00406870                . = ALIGN (0x4)
                0x00406870                __fini_array_start = .
 *(.fini_array)
 .fini_array    0x00406870        0x4 c:/program files (x86)/atmel/studio/7.0/toolchain/arm/arm-gnu-toolchain/bin/../lib/gcc/arm-none-eabi/5.3.1/armv7e-m/crtbegin.o
 *(SORT(.fini_array.*))
                0x00406874                __fini_array_end = .
 *crtbegin.o(.dtors)
 *(EXCLUDE_FILE(*crtend.o) .dtors)
 *(SORT(.dtors.*))
 *crtend.o(.dtors)
                0x00406874                . = ALIGN (0x4)
                0x00406874                _efixed = .
                [!provide]                PROVIDE (__exidx_start, .)

.vfp11_veneer   0x00406874        0x0
 .vfp11_veneer  0x00406874        0x0 linker stubs

.v4_bx          0x00406874        0x0
 .v4_bx         0x00406874        0x0 linker stubs

.iplt           0x00406874        0x0
 .iplt          0x00406874        0x0 c:/program files (x86)/atmel/studio/7.0/toolchain/arm/arm-gnu-toolchain/bin/../lib/gcc/arm-none-eabi/5.3.1/armv7e-m/crtbegin.o

.eh_frame       0x00406874        0x0
 .eh_frame      0x00406874        0x0 c:/program files (x86)/atmel/studio/7.0/toolchain/arm/arm-gnu-toolchain/bin/../lib/gcc/arm-none-eabi/5.3.1/armv7e-m/crtbegin.o

.rel.dyn        0x00406874        0x0
 .rel.iplt      0x00406874        0x0 c:/program files (x86)/atmel/studio/7.0/toolchain/arm/arm-gnu-toolchain/bin/../lib/gcc/arm-none-eabi/5.3.1/armv7e-m/crtbegin.o

.jcr            0x00406874        0x0
 .jcr           0x00406874        0x0 c:/program files (x86)/atmel/studio/7.0/toolchain/arm/arm-gnu-toolchain/bin/../lib/gcc/arm-none-eabi/5.3.1/armv7e-m/crtbegin.o

.igot.plt       0x00406874        0x0
 .igot.plt      0x00406874        0x0 c:/program files (x86)/atmel/studio/7.0/toolchain/arm/arm-gnu-toolchain/bin/../lib/gcc/arm-none-eabi/5.3.1/armv7e-m/crtbegin.o

.ARM.exidx
 *(.ARM.exidx* .gnu.linkonce.armexidx.*)
                [!provide]                PROVIDE (__exidx_end, .)
                0x00406874                . = ALIGN (0x4)
                0x00406874                _etext = .

.relocate       0x20400000      0x884 load address 0x00406874
                0x20400000                . = ALIGN (0x4)
                0x20400000                _srelocate = .
 *(.ramfunc .ramfunc.*)
 *(.data .data.*)
 .data.g_interrupt_enabled
                0x20400000        0x1 src/ASF/common/utils/interrupt/interrupt_sam_nvic.o
                0x20400000                g_interrupt_enabled
 *fill*         0x20400001        0x3 
 .data.SystemCoreClock
                0x20400004        0x4 src/ASF/sam/utils/cmsis/same70/source/templates/system_same70.o
                0x20400004                SystemCoreClock
 .data.__fdlib_version
                0x20400008        0x1 c:/program files (x86)/atmel/studio/7.0/toolchain/arm/arm-gnu-toolchain/bin/../lib/gcc/arm-none-eabi/5.3.1/../../../../arm-none-eabi/lib/armv7e-m\libm.a(lib_a-s_lib_ver.o)
                0x20400008                __fdlib_version
 *fill*         0x20400009        0x7 
 .data.impure_data
                0x20400010      0x428 c:/program files (x86)/atmel/studio/7.0/toolchain/arm/arm-gnu-toolchain/bin/../lib/gcc/arm-none-eabi/5.3.1/../../../../arm-none-eabi/lib/armv7e-m\libc.a(lib_a-impure.o)
 .data._impure_ptr
                0x20400438        0x4 c:/program files (x86)/atmel/studio/7.0/toolchain/arm/arm-gnu-toolchain/bin/../lib/gcc/arm-none-eabi/5.3.1/../../../../arm-none-eabi/lib/armv7e-m\libc.a(lib_a-impure.o)
                0x20400438                _impure_ptr
 .data.lconv    0x2040043c       0x38 c:/program files (x86)/atmel/studio/7.0/toolchain/arm/arm-gnu-toolchain/bin/../lib/gcc/arm-none-eabi/5.3.1/../../../../arm-none-eabi/lib/armv7e-m\libc.a(lib_a-locale.o)
 .data.__malloc_av_
                0x20400474      0x408 c:/program files (x86)/atmel/studio/7.0/toolchain/arm/arm-gnu-toolchain/bin/../lib/gcc/arm-none-eabi/5.3.1/../../../../arm-none-eabi/lib/armv7e-m\libc.a(lib_a-mallocr.o)
                0x20400474                __malloc_av_
 .data.__malloc_trim_threshold
                0x2040087c        0x4 c:/program files (x86)/atmel/studio/7.0/toolchain/arm/arm-gnu-toolchain/bin/../lib/gcc/arm-none-eabi/5.3.1/../../../../arm-none-eabi/lib/armv7e-m\libc.a(lib_a-mallocr.o)
                0x2040087c                __malloc_trim_threshold
 .data.__malloc_sbrk_base
                0x20400880        0x4 c:/program files (x86)/atmel/studio/7.0/toolchain/arm/arm-gnu-toolchain/bin/../lib/gcc/arm-none-eabi/5.3.1/../../../../arm-none-eabi/lib/armv7e-m\libc.a(lib_a-mallocr.o)
                0x20400880                __malloc_sbrk_base
                0x20400884                . = ALIGN (0x4)
                0x20400884                _erelocate = .

.bss            0x20400888      0x508 load address 0x00407100
                0x20400888                . = ALIGN (0x4)
                0x20400888                _sbss = .
                0x20400888                _szero = .
 *(.bss .bss.*)
 .bss           0x20400888       0x1c c:/program files (x86)/atmel/studio/7.0/toolchain/arm/arm-gnu-toolchain/bin/../lib/gcc/arm-none-eabi/5.3.1/armv7e-m/crtbegin.o
 *fill*         0x204008a4        0x4 
 .bss._ZL6ITermX
                0x204008a8        0x8 main.o
 .bss._ZL15task1_timestamp
                0x204008b0        0x4 main.o
 *fill*         0x204008b4        0x4 
 .bss._ZL6ITermY
                0x204008b8        0x8 main.o
 .bss._ZL11TinkerUart0
                0x204008c0       0x18 main.o
 .bss._ZL7pidAngX
                0x204008d8        0x8 main.o
 .bss._ZL1c     0x204008e0        0x1 main.o
 *fill*         0x204008e1        0x7 
 .bss._ZL9_reqYaw_z
                0x204008e8        0x8 main.o
 .bss._ZL11_data_index
                0x204008f0        0x4 main.o
 .bss._ZL6motorD
                0x204008f4        0x4 main.o
 .bss._ZL2kd    0x204008f8        0x8 main.o
 .bss._ZL15task0_timestamp
                0x20400900        0x4 main.o
 .bss._ZL6motor3
                0x20400904        0x4 main.o
 .bss._ZL6motor4
                0x20400908        0x4 main.o
 .bss._ZL6motorB
                0x2040090c        0x4 main.o
 .bss._ZL11_data_start
                0x20400910        0x1 main.o
 *fill*         0x20400911        0x7 
 .bss.droniAtt  0x20400918      0x170 main.o
                0x20400918                droniAtt
 .bss._ZL11_reqPitch_y
                0x20400a88        0x8 main.o
 .bss._ZL10_reqRoll_x
                0x20400a90        0x8 main.o
 .bss._ZL10lastInputY
                0x20400a98        0x8 main.o
 .bss._ZL2ki    0x20400aa0        0x8 main.o
 .bss._ZL11estimAngleX
                0x20400aa8        0x8 main.o
 .bss._ZL11estimAngleY
                0x20400ab0        0x8 main.o
 .bss._ZL10targetAngX
                0x20400ab8        0x8 main.o
 .bss._ZL10targetAngY
                0x20400ac0        0x8 main.o
 .bss._ZL6motorC
                0x20400ac8        0x4 main.o
 *fill*         0x20400acc        0x4 
 .bss._ZL10lastInputX
                0x20400ad0        0x8 main.o
 .bss._ZL15task2_timestamp
                0x20400ad8        0x4 main.o
 .bss._ZL19main_loop_timestamp
                0x20400adc        0x4 main.o
 .bss._ZL5_data
                0x20400ae0      0x100 main.o
 .bss._ZL12_reqThrottle
                0x20400be0        0x8 main.o
 .bss._ZL7pidAngY
                0x20400be8        0x8 main.o
 .bss._ZL6motor1
                0x20400bf0        0x4 main.o
 .bss._ZL6motor2
                0x20400bf4        0x4 main.o
 .bss._ZL14task1_duration
                0x20400bf8        0x4 main.o
 .bss.g_ul_us_ticks
                0x20400bfc        0x4 src/misc/Helper.o
                0x20400bfc                g_ul_us_ticks
 .bss.twihs1_packet_write
                0x20400c00       0x14 src/hw-interfaces/pcbtop_stabilizer.o
 .bss.pwm_channel_instance
                0x20400c14       0x3c src/hw-interfaces/pcbtop_stabilizer.o
 .bss.twihs1_packet_read
                0x20400c50       0x14 src/hw-interfaces/pcbtop_stabilizer.o
 .bss.gs_interrupt_sources
                0x20400c64       0x70 src/ASF/sam/drivers/pio/pio_handler.o
 .bss.heap.5289
                0x20400cd4        0x4 src/ASF/sam/utils/syscalls/gcc/syscalls.o
 .bss.__malloc_max_total_mem
                0x20400cd8        0x4 c:/program files (x86)/atmel/studio/7.0/toolchain/arm/arm-gnu-toolchain/bin/../lib/gcc/arm-none-eabi/5.3.1/../../../../arm-none-eabi/lib/armv7e-m\libc.a(lib_a-mallocr.o)
                0x20400cd8                __malloc_max_total_mem
 .bss.__malloc_max_sbrked_mem
                0x20400cdc        0x4 c:/program files (x86)/atmel/studio/7.0/toolchain/arm/arm-gnu-toolchain/bin/../lib/gcc/arm-none-eabi/5.3.1/../../../../arm-none-eabi/lib/armv7e-m\libc.a(lib_a-mallocr.o)
                0x20400cdc                __malloc_max_sbrked_mem
 .bss.__malloc_top_pad
                0x20400ce0        0x4 c:/program files (x86)/atmel/studio/7.0/toolchain/arm/arm-gnu-toolchain/bin/../lib/gcc/arm-none-eabi/5.3.1/../../../../arm-none-eabi/lib/armv7e-m\libc.a(lib_a-mallocr.o)
                0x20400ce0                __malloc_top_pad
 .bss.__malloc_current_mallinfo
                0x20400ce4       0x28 c:/program files (x86)/atmel/studio/7.0/toolchain/arm/arm-gnu-toolchain/bin/../lib/gcc/arm-none-eabi/5.3.1/../../../../arm-none-eabi/lib/armv7e-m\libc.a(lib_a-mallocr.o)
                0x20400ce4                __malloc_current_mallinfo
 *(COMMON)
 COMMON         0x20400d0c       0x80 src/ASF/sam/drivers/afec/afec.o
                0x20400d0c                afec_callback_pointer
 COMMON         0x20400d8c        0x4 c:/program files (x86)/atmel/studio/7.0/toolchain/arm/arm-gnu-toolchain/bin/../lib/gcc/arm-none-eabi/5.3.1/../../../../arm-none-eabi/lib/armv7e-m\libc.a(lib_a-reent.o)
                0x20400d8c                errno
                0x20400d90                . = ALIGN (0x4)
                0x20400d90                _ebss = .
                0x20400d90                _ezero = .

.stack          0x20400d90      0x400 load address 0x00407608
                0x20400d90                . = ALIGN (0x8)
                0x20400d90                _sstack = .
                0x20401190                . = (. + STACK_SIZE)
 *fill*         0x20400d90      0x400 
                0x20401190                . = ALIGN (0x8)
                0x20401190                _estack = .

.heap           0x20401190      0x200 load address 0x00407a08
                0x20401190                . = ALIGN (0x8)
                0x20401190                _sheap = .
                0x20401390                . = (. + HEAP_SIZE)
 *fill*         0x20401190      0x200 
                0x20401390                . = ALIGN (0x8)
                0x20401390                _eheap = .
                0x20401390                . = ALIGN (0x4)
                0x20401390                _end = .
                0x2045ffff                _ram_end_ = ((ORIGIN (ram) + LENGTH (ram)) - 0x1)
OUTPUT(DRONI-1.1-STABILIZER.elf elf32-littlearm)

.ARM.attributes
                0x00000000       0x2e
 .ARM.attributes
                0x00000000       0x1e c:/program files (x86)/atmel/studio/7.0/toolchain/arm/arm-gnu-toolchain/bin/../lib/gcc/arm-none-eabi/5.3.1/armv7e-m/crti.o
 .ARM.attributes
                0x0000001e       0x2e c:/program files (x86)/atmel/studio/7.0/toolchain/arm/arm-gnu-toolchain/bin/../lib/gcc/arm-none-eabi/5.3.1/armv7e-m/crtbegin.o
 .ARM.attributes
                0x0000004c       0x37 Device_Startup/startup_same70n20.o
 .ARM.attributes
                0x00000083       0x37 main.o
 .ARM.attributes
                0x000000ba       0x37 src/ASF/sam/drivers/afec/afec.o
 .ARM.attributes
                0x000000f1       0x37 src/misc/Helper.o
 .ARM.attributes
                0x00000128       0x37 src/misc/Kalman.o
 .ARM.attributes
                0x0000015f       0x37 src/ASF/sam/drivers/twihs/twihs.o
 .ARM.attributes
                0x00000196       0x37 src/ASF/sam/drivers/wdt/wdt.o
 .ARM.attributes
                0x000001cd       0x37 src/hw-interfaces/pcbtop_stabilizer.o
 .ARM.attributes
                0x00000204       0x37 src/ASF/common/services/clock/same70/sysclk.o
 .ARM.attributes
                0x0000023b       0x37 src/ASF/sam/drivers/pio/pio_handler.o
 .ARM.attributes
                0x00000272       0x37 src/ASF/sam/drivers/pio/pio.o
 .ARM.attributes
                0x000002a9       0x37 src/ASF/sam/drivers/pmc/pmc.o
 .ARM.attributes
                0x000002e0       0x37 src/ASF/sam/drivers/pwm/pwm.o
 .ARM.attributes
                0x00000317       0x37 src/ASF/sam/drivers/uart/uart.o
 .ARM.attributes
                0x0000034e       0x37 src/ASF/common/boards/user_board/init.o
 .ARM.attributes
                0x00000385       0x37 src/ASF/common/utils/interrupt/interrupt_sam_nvic.o
 .ARM.attributes
                0x000003bc       0x37 src/ASF/sam/utils/cmsis/same70/source/templates/system_same70.o
 .ARM.attributes
                0x000003f3       0x37 src/ASF/sam/utils/syscalls/gcc/syscalls.o
 .ARM.attributes
                0x0000042a       0x2e c:/program files (x86)/atmel/studio/7.0/toolchain/arm/arm-gnu-toolchain/bin/../lib/gcc/arm-none-eabi/5.3.1/../../../../arm-none-eabi/lib/armv7e-m\libm.a(lib_a-s_atan.o)
 .ARM.attributes
                0x00000458       0x2e c:/program files (x86)/atmel/studio/7.0/toolchain/arm/arm-gnu-toolchain/bin/../lib/gcc/arm-none-eabi/5.3.1/../../../../arm-none-eabi/lib/armv7e-m\libm.a(lib_a-s_fabs.o)
 .ARM.attributes
                0x00000486       0x2e c:/program files (x86)/atmel/studio/7.0/toolchain/arm/arm-gnu-toolchain/bin/../lib/gcc/arm-none-eabi/5.3.1/../../../../arm-none-eabi/lib/armv7e-m\libm.a(lib_a-w_atan2.o)
 .ARM.attributes
                0x000004b4       0x2e c:/program files (x86)/atmel/studio/7.0/toolchain/arm/arm-gnu-toolchain/bin/../lib/gcc/arm-none-eabi/5.3.1/../../../../arm-none-eabi/lib/armv7e-m\libm.a(lib_a-w_sqrt.o)
 .ARM.attributes
                0x000004e2       0x2e c:/program files (x86)/atmel/studio/7.0/toolchain/arm/arm-gnu-toolchain/bin/../lib/gcc/arm-none-eabi/5.3.1/../../../../arm-none-eabi/lib/armv7e-m\libm.a(lib_a-e_atan2.o)
 .ARM.attributes
                0x00000510       0x2e c:/program files (x86)/atmel/studio/7.0/toolchain/arm/arm-gnu-toolchain/bin/../lib/gcc/arm-none-eabi/5.3.1/../../../../arm-none-eabi/lib/armv7e-m\libm.a(lib_a-e_sqrt.o)
 .ARM.attributes
                0x0000053e       0x2e c:/program files (x86)/atmel/studio/7.0/toolchain/arm/arm-gnu-toolchain/bin/../lib/gcc/arm-none-eabi/5.3.1/../../../../arm-none-eabi/lib/armv7e-m\libm.a(lib_a-s_lib_ver.o)
 .ARM.attributes
                0x0000056c       0x2e c:/program files (x86)/atmel/studio/7.0/toolchain/arm/arm-gnu-toolchain/bin/../lib/gcc/arm-none-eabi/5.3.1/../../../../arm-none-eabi/lib/armv7e-m\libm.a(lib_a-s_matherr.o)
 .ARM.attributes
                0x0000059a       0x1e c:/program files (x86)/atmel/studio/7.0/toolchain/arm/arm-gnu-toolchain/bin/../lib/gcc/arm-none-eabi/5.3.1/armv7e-m\libgcc.a(_arm_addsubdf3.o)
 .ARM.attributes
                0x000005b8       0x1e c:/program files (x86)/atmel/studio/7.0/toolchain/arm/arm-gnu-toolchain/bin/../lib/gcc/arm-none-eabi/5.3.1/armv7e-m\libgcc.a(_arm_muldivdf3.o)
 .ARM.attributes
                0x000005d6       0x1e c:/program files (x86)/atmel/studio/7.0/toolchain/arm/arm-gnu-toolchain/bin/../lib/gcc/arm-none-eabi/5.3.1/armv7e-m\libgcc.a(_arm_cmpdf2.o)
 .ARM.attributes
                0x000005f4       0x1e c:/program files (x86)/atmel/studio/7.0/toolchain/arm/arm-gnu-toolchain/bin/../lib/gcc/arm-none-eabi/5.3.1/armv7e-m\libgcc.a(_arm_unorddf2.o)
 .ARM.attributes
                0x00000612       0x1e c:/program files (x86)/atmel/studio/7.0/toolchain/arm/arm-gnu-toolchain/bin/../lib/gcc/arm-none-eabi/5.3.1/armv7e-m\libgcc.a(_arm_fixdfsi.o)
 .ARM.attributes
                0x00000630       0x1e c:/program files (x86)/atmel/studio/7.0/toolchain/arm/arm-gnu-toolchain/bin/../lib/gcc/arm-none-eabi/5.3.1/armv7e-m\libgcc.a(_arm_fixunsdfsi.o)
 .ARM.attributes
                0x0000064e       0x1e c:/program files (x86)/atmel/studio/7.0/toolchain/arm/arm-gnu-toolchain/bin/../lib/gcc/arm-none-eabi/5.3.1/armv7e-m\libgcc.a(_arm_truncdfsf2.o)
 .ARM.attributes
                0x0000066c       0x2e c:/program files (x86)/atmel/studio/7.0/toolchain/arm/arm-gnu-toolchain/bin/../lib/gcc/arm-none-eabi/5.3.1/../../../../arm-none-eabi/lib/armv7e-m\libc.a(lib_a-atof.o)
 .ARM.attributes
                0x0000069a       0x2e c:/program files (x86)/atmel/studio/7.0/toolchain/arm/arm-gnu-toolchain/bin/../lib/gcc/arm-none-eabi/5.3.1/../../../../arm-none-eabi/lib/armv7e-m\libc.a(lib_a-errno.o)
 .ARM.attributes
                0x000006c8       0x2e c:/program files (x86)/atmel/studio/7.0/toolchain/arm/arm-gnu-toolchain/bin/../lib/gcc/arm-none-eabi/5.3.1/../../../../arm-none-eabi/lib/armv7e-m\libc.a(lib_a-impure.o)
 .ARM.attributes
                0x000006f6       0x2e c:/program files (x86)/atmel/studio/7.0/toolchain/arm/arm-gnu-toolchain/bin/../lib/gcc/arm-none-eabi/5.3.1/../../../../arm-none-eabi/lib/armv7e-m\libc.a(lib_a-init.o)
 .ARM.attributes
                0x00000724       0x2e c:/program files (x86)/atmel/studio/7.0/toolchain/arm/arm-gnu-toolchain/bin/../lib/gcc/arm-none-eabi/5.3.1/../../../../arm-none-eabi/lib/armv7e-m\libc.a(lib_a-memset.o)
 .ARM.attributes
                0x00000752       0x2e c:/program files (x86)/atmel/studio/7.0/toolchain/arm/arm-gnu-toolchain/bin/../lib/gcc/arm-none-eabi/5.3.1/../../../../arm-none-eabi/lib/armv7e-m\libc.a(lib_a-strcat.o)
 .ARM.attributes
                0x00000780       0x2e c:/program files (x86)/atmel/studio/7.0/toolchain/arm/arm-gnu-toolchain/bin/../lib/gcc/arm-none-eabi/5.3.1/../../../../arm-none-eabi/lib/armv7e-m\libc.a(lib_a-strcpy.o)
 .ARM.attributes
                0x000007ae       0x1c c:/program files (x86)/atmel/studio/7.0/toolchain/arm/arm-gnu-toolchain/bin/../lib/gcc/arm-none-eabi/5.3.1/../../../../arm-none-eabi/lib/armv7e-m\libc.a(lib_a-strlen.o)
 .ARM.attributes
                0x000007ca       0x2e c:/program files (x86)/atmel/studio/7.0/toolchain/arm/arm-gnu-toolchain/bin/../lib/gcc/arm-none-eabi/5.3.1/../../../../arm-none-eabi/lib/armv7e-m\libc.a(lib_a-strtod.o)
 .ARM.attributes
                0x000007f8       0x2e c:/program files (x86)/atmel/studio/7.0/toolchain/arm/arm-gnu-toolchain/bin/../lib/gcc/arm-none-eabi/5.3.1/../../../../arm-none-eabi/lib/armv7e-m\libc.a(lib_a-__call_atexit.o)
 .ARM.attributes
                0x00000826       0x2e c:/program files (x86)/atmel/studio/7.0/toolchain/arm/arm-gnu-toolchain/bin/../lib/gcc/arm-none-eabi/5.3.1/../../../../arm-none-eabi/lib/armv7e-m\libc.a(lib_a-atexit.o)
 .ARM.attributes
                0x00000854       0x2e c:/program files (x86)/atmel/studio/7.0/toolchain/arm/arm-gnu-toolchain/bin/../lib/gcc/arm-none-eabi/5.3.1/../../../../arm-none-eabi/lib/armv7e-m\libc.a(lib_a-fini.o)
 .ARM.attributes
                0x00000882       0x2e c:/program files (x86)/atmel/studio/7.0/toolchain/arm/arm-gnu-toolchain/bin/../lib/gcc/arm-none-eabi/5.3.1/../../../../arm-none-eabi/lib/armv7e-m\libc.a(lib_a-gdtoa-gethex.o)
 .ARM.attributes
                0x000008b0       0x2e c:/program files (x86)/atmel/studio/7.0/toolchain/arm/arm-gnu-toolchain/bin/../lib/gcc/arm-none-eabi/5.3.1/../../../../arm-none-eabi/lib/armv7e-m\libc.a(lib_a-gdtoa-hexnan.o)
 .ARM.attributes
                0x000008de       0x2e c:/program files (x86)/atmel/studio/7.0/toolchain/arm/arm-gnu-toolchain/bin/../lib/gcc/arm-none-eabi/5.3.1/../../../../arm-none-eabi/lib/armv7e-m\libc.a(lib_a-locale.o)
 .ARM.attributes
                0x0000090c       0x1c c:/program files (x86)/atmel/studio/7.0/toolchain/arm/arm-gnu-toolchain/bin/../lib/gcc/arm-none-eabi/5.3.1/../../../../arm-none-eabi/lib/armv7e-m\libc.a(lib_a-memcpy.o)
 .ARM.attributes
                0x00000928       0x2e c:/program files (x86)/atmel/studio/7.0/toolchain/arm/arm-gnu-toolchain/bin/../lib/gcc/arm-none-eabi/5.3.1/../../../../arm-none-eabi/lib/armv7e-m\libc.a(lib_a-mprec.o)
 .ARM.attributes
                0x00000956       0x2e c:/program files (x86)/atmel/studio/7.0/toolchain/arm/arm-gnu-toolchain/bin/../lib/gcc/arm-none-eabi/5.3.1/../../../../arm-none-eabi/lib/armv7e-m\libc.a(lib_a-strncmp.o)
 .ARM.attributes
                0x00000984       0x2e c:/program files (x86)/atmel/studio/7.0/toolchain/arm/arm-gnu-toolchain/bin/../lib/gcc/arm-none-eabi/5.3.1/../../../../arm-none-eabi/lib/armv7e-m\libc.a(lib_a-__atexit.o)
 .ARM.attributes
                0x000009b2       0x2e c:/program files (x86)/atmel/studio/7.0/toolchain/arm/arm-gnu-toolchain/bin/../lib/gcc/arm-none-eabi/5.3.1/../../../../arm-none-eabi/lib/armv7e-m\libc.a(lib_a-callocr.o)
 .ARM.attributes
                0x000009e0       0x2e c:/program files (x86)/atmel/studio/7.0/toolchain/arm/arm-gnu-toolchain/bin/../lib/gcc/arm-none-eabi/5.3.1/../../../../arm-none-eabi/lib/armv7e-m\libc.a(lib_a-mallocr.o)
 .ARM.attributes
                0x00000a0e       0x2e c:/program files (x86)/atmel/studio/7.0/toolchain/arm/arm-gnu-toolchain/bin/../lib/gcc/arm-none-eabi/5.3.1/../../../../arm-none-eabi/lib/armv7e-m\libc.a(lib_a-mlock.o)
 .ARM.attributes
                0x00000a3c       0x2e c:/program files (x86)/atmel/studio/7.0/toolchain/arm/arm-gnu-toolchain/bin/../lib/gcc/arm-none-eabi/5.3.1/../../../../arm-none-eabi/lib/armv7e-m\libc.a(lib_a-sbrkr.o)
 .ARM.attributes
                0x00000a6a       0x2e c:/program files (x86)/atmel/studio/7.0/toolchain/arm/arm-gnu-toolchain/bin/../lib/gcc/arm-none-eabi/5.3.1/../../../../arm-none-eabi/lib/armv7e-m\libc.a(lib_a-freer.o)
 .ARM.attributes
                0x00000a98       0x2e c:/program files (x86)/atmel/studio/7.0/toolchain/arm/arm-gnu-toolchain/bin/../lib/gcc/arm-none-eabi/5.3.1/../../../../arm-none-eabi/lib/armv7e-m\libc.a(lib_a-reent.o)
 .ARM.attributes
                0x00000ac6       0x1e c:/program files (x86)/atmel/studio/7.0/toolchain/arm/arm-gnu-toolchain/bin/../lib/gcc/arm-none-eabi/5.3.1/armv7e-m/crtn.o

.comment        0x00000000       0x59
 .comment       0x00000000       0x59 Device_Startup/startup_same70n20.o
                                 0x5a (size before relaxing)
 .comment       0x00000059       0x5a main.o
 .comment       0x00000059       0x5a src/ASF/sam/drivers/afec/afec.o
 .comment       0x00000059       0x5a src/misc/Helper.o
 .comment       0x00000059       0x5a src/misc/Kalman.o
 .comment       0x00000059       0x5a src/ASF/sam/drivers/twihs/twihs.o
 .comment       0x00000059       0x5a src/ASF/sam/drivers/wdt/wdt.o
 .comment       0x00000059       0x5a src/hw-interfaces/pcbtop_stabilizer.o
 .comment       0x00000059       0x5a src/ASF/common/services/clock/same70/sysclk.o
 .comment       0x00000059       0x5a src/ASF/sam/drivers/pio/pio_handler.o
 .comment       0x00000059       0x5a src/ASF/sam/drivers/pio/pio.o
 .comment       0x00000059       0x5a src/ASF/sam/drivers/pmc/pmc.o
 .comment       0x00000059       0x5a src/ASF/sam/drivers/pwm/pwm.o
 .comment       0x00000059       0x5a src/ASF/sam/drivers/uart/uart.o
 .comment       0x00000059       0x5a src/ASF/common/boards/user_board/init.o
 .comment       0x00000059       0x5a src/ASF/common/utils/interrupt/interrupt_sam_nvic.o
 .comment       0x00000059       0x5a src/ASF/sam/utils/cmsis/same70/source/templates/system_same70.o
 .comment       0x00000059       0x5a src/ASF/sam/utils/syscalls/gcc/syscalls.o

.debug_frame    0x00000000      0x99c
 .debug_frame   0x00000000       0x38 c:/program files (x86)/atmel/studio/7.0/toolchain/arm/arm-gnu-toolchain/bin/../lib/gcc/arm-none-eabi/5.3.1/../../../../arm-none-eabi/lib/armv7e-m\libm.a(lib_a-s_atan.o)
 .debug_frame   0x00000038       0x20 c:/program files (x86)/atmel/studio/7.0/toolchain/arm/arm-gnu-toolchain/bin/../lib/gcc/arm-none-eabi/5.3.1/../../../../arm-none-eabi/lib/armv7e-m\libm.a(lib_a-s_fabs.o)
 .debug_frame   0x00000058       0x20 c:/program files (x86)/atmel/studio/7.0/toolchain/arm/arm-gnu-toolchain/bin/../lib/gcc/arm-none-eabi/5.3.1/../../../../arm-none-eabi/lib/armv7e-m\libm.a(lib_a-w_atan2.o)
 .debug_frame   0x00000078       0x44 c:/program files (x86)/atmel/studio/7.0/toolchain/arm/arm-gnu-toolchain/bin/../lib/gcc/arm-none-eabi/5.3.1/../../../../arm-none-eabi/lib/armv7e-m\libm.a(lib_a-w_sqrt.o)
 .debug_frame   0x000000bc       0x48 c:/program files (x86)/atmel/studio/7.0/toolchain/arm/arm-gnu-toolchain/bin/../lib/gcc/arm-none-eabi/5.3.1/../../../../arm-none-eabi/lib/armv7e-m\libm.a(lib_a-e_atan2.o)
 .debug_frame   0x00000104       0x34 c:/program files (x86)/atmel/studio/7.0/toolchain/arm/arm-gnu-toolchain/bin/../lib/gcc/arm-none-eabi/5.3.1/../../../../arm-none-eabi/lib/armv7e-m\libm.a(lib_a-e_sqrt.o)
 .debug_frame   0x00000138       0x20 c:/program files (x86)/atmel/studio/7.0/toolchain/arm/arm-gnu-toolchain/bin/../lib/gcc/arm-none-eabi/5.3.1/../../../../arm-none-eabi/lib/armv7e-m\libm.a(lib_a-s_matherr.o)
 .debug_frame   0x00000158       0x20 c:/program files (x86)/atmel/studio/7.0/toolchain/arm/arm-gnu-toolchain/bin/../lib/gcc/arm-none-eabi/5.3.1/../../../../arm-none-eabi/lib/armv7e-m\libc.a(lib_a-atof.o)
 .debug_frame   0x00000178       0x20 c:/program files (x86)/atmel/studio/7.0/toolchain/arm/arm-gnu-toolchain/bin/../lib/gcc/arm-none-eabi/5.3.1/../../../../arm-none-eabi/lib/armv7e-m\libc.a(lib_a-errno.o)
 .debug_frame   0x00000198       0x2c c:/program files (x86)/atmel/studio/7.0/toolchain/arm/arm-gnu-toolchain/bin/../lib/gcc/arm-none-eabi/5.3.1/../../../../arm-none-eabi/lib/armv7e-m\libc.a(lib_a-init.o)
 .debug_frame   0x000001c4       0x34 c:/program files (x86)/atmel/studio/7.0/toolchain/arm/arm-gnu-toolchain/bin/../lib/gcc/arm-none-eabi/5.3.1/../../../../arm-none-eabi/lib/armv7e-m\libc.a(lib_a-memset.o)
 .debug_frame   0x000001f8       0x28 c:/program files (x86)/atmel/studio/7.0/toolchain/arm/arm-gnu-toolchain/bin/../lib/gcc/arm-none-eabi/5.3.1/../../../../arm-none-eabi/lib/armv7e-m\libc.a(lib_a-strcat.o)
 .debug_frame   0x00000220       0x20 c:/program files (x86)/atmel/studio/7.0/toolchain/arm/arm-gnu-toolchain/bin/../lib/gcc/arm-none-eabi/5.3.1/../../../../arm-none-eabi/lib/armv7e-m\libc.a(lib_a-strcpy.o)
 .debug_frame   0x00000240       0x94 c:/program files (x86)/atmel/studio/7.0/toolchain/arm/arm-gnu-toolchain/bin/../lib/gcc/arm-none-eabi/5.3.1/../../../../arm-none-eabi/lib/armv7e-m\libc.a(lib_a-strtod.o)
 .debug_frame   0x000002d4       0x50 c:/program files (x86)/atmel/studio/7.0/toolchain/arm/arm-gnu-toolchain/bin/../lib/gcc/arm-none-eabi/5.3.1/../../../../arm-none-eabi/lib/armv7e-m\libc.a(lib_a-__call_atexit.o)
 .debug_frame   0x00000324       0x20 c:/program files (x86)/atmel/studio/7.0/toolchain/arm/arm-gnu-toolchain/bin/../lib/gcc/arm-none-eabi/5.3.1/../../../../arm-none-eabi/lib/armv7e-m\libc.a(lib_a-atexit.o)
 .debug_frame   0x00000344       0x34 c:/program files (x86)/atmel/studio/7.0/toolchain/arm/arm-gnu-toolchain/bin/../lib/gcc/arm-none-eabi/5.3.1/../../../../arm-none-eabi/lib/armv7e-m\libc.a(lib_a-fini.o)
 .debug_frame   0x00000378       0x84 c:/program files (x86)/atmel/studio/7.0/toolchain/arm/arm-gnu-toolchain/bin/../lib/gcc/arm-none-eabi/5.3.1/../../../../arm-none-eabi/lib/armv7e-m\libc.a(lib_a-gdtoa-gethex.o)
 .debug_frame   0x000003fc       0x70 c:/program files (x86)/atmel/studio/7.0/toolchain/arm/arm-gnu-toolchain/bin/../lib/gcc/arm-none-eabi/5.3.1/../../../../arm-none-eabi/lib/armv7e-m\libc.a(lib_a-gdtoa-hexnan.o)
 .debug_frame   0x0000046c       0x9c c:/program files (x86)/atmel/studio/7.0/toolchain/arm/arm-gnu-toolchain/bin/../lib/gcc/arm-none-eabi/5.3.1/../../../../arm-none-eabi/lib/armv7e-m\libc.a(lib_a-locale.o)
 .debug_frame   0x00000508      0x264 c:/program files (x86)/atmel/studio/7.0/toolchain/arm/arm-gnu-toolchain/bin/../lib/gcc/arm-none-eabi/5.3.1/../../../../arm-none-eabi/lib/armv7e-m\libc.a(lib_a-mprec.o)
 .debug_frame   0x0000076c       0x54 c:/program files (x86)/atmel/studio/7.0/toolchain/arm/arm-gnu-toolchain/bin/../lib/gcc/arm-none-eabi/5.3.1/../../../../arm-none-eabi/lib/armv7e-m\libc.a(lib_a-strncmp.o)
 .debug_frame   0x000007c0       0x34 c:/program files (x86)/atmel/studio/7.0/toolchain/arm/arm-gnu-toolchain/bin/../lib/gcc/arm-none-eabi/5.3.1/../../../../arm-none-eabi/lib/armv7e-m\libc.a(lib_a-__atexit.o)
 .debug_frame   0x000007f4       0x28 c:/program files (x86)/atmel/studio/7.0/toolchain/arm/arm-gnu-toolchain/bin/../lib/gcc/arm-none-eabi/5.3.1/../../../../arm-none-eabi/lib/armv7e-m\libc.a(lib_a-callocr.o)
 .debug_frame   0x0000081c       0x58 c:/program files (x86)/atmel/studio/7.0/toolchain/arm/arm-gnu-toolchain/bin/../lib/gcc/arm-none-eabi/5.3.1/../../../../arm-none-eabi/lib/armv7e-m\libc.a(lib_a-mallocr.o)
 .debug_frame   0x00000874       0x30 c:/program files (x86)/atmel/studio/7.0/toolchain/arm/arm-gnu-toolchain/bin/../lib/gcc/arm-none-eabi/5.3.1/../../../../arm-none-eabi/lib/armv7e-m\libc.a(lib_a-mlock.o)
 .debug_frame   0x000008a4       0x2c c:/program files (x86)/atmel/studio/7.0/toolchain/arm/arm-gnu-toolchain/bin/../lib/gcc/arm-none-eabi/5.3.1/../../../../arm-none-eabi/lib/armv7e-m\libc.a(lib_a-sbrkr.o)
 .debug_frame   0x000008d0       0x74 c:/program files (x86)/atmel/studio/7.0/toolchain/arm/arm-gnu-toolchain/bin/../lib/gcc/arm-none-eabi/5.3.1/../../../../arm-none-eabi/lib/armv7e-m\libc.a(lib_a-freer.o)
 .debug_frame   0x00000944       0x58 c:/program files (x86)/atmel/studio/7.0/toolchain/arm/arm-gnu-toolchain/bin/../lib/gcc/arm-none-eabi/5.3.1/../../../../arm-none-eabi/lib/armv7e-m\libc.a(lib_a-reent.o)
