Archive member included to satisfy reference by file (symbol)

c:/program files (x86)/atmel/studio/7.0/toolchain/arm/arm-gnu-toolchain/bin/../lib/gcc/arm-none-eabi/5.3.1/../../../../arm-none-eabi/lib/armv7e-m\libm.a(lib_a-s_atan.o)
                              main.o (atan)
c:/program files (x86)/atmel/studio/7.0/toolchain/arm/arm-gnu-toolchain/bin/../lib/gcc/arm-none-eabi/5.3.1/../../../../arm-none-eabi/lib/armv7e-m\libm.a(lib_a-s_fabs.o)
                              c:/program files (x86)/atmel/studio/7.0/toolchain/arm/arm-gnu-toolchain/bin/../lib/gcc/arm-none-eabi/5.3.1/../../../../arm-none-eabi/lib/armv7e-m\libm.a(lib_a-s_atan.o) (fabs)
c:/program files (x86)/atmel/studio/7.0/toolchain/arm/arm-gnu-toolchain/bin/../lib/gcc/arm-none-eabi/5.3.1/../../../../arm-none-eabi/lib/armv7e-m\libm.a(lib_a-w_atan2.o)
                              main.o (atan2)
c:/program files (x86)/atmel/studio/7.0/toolchain/arm/arm-gnu-toolchain/bin/../lib/gcc/arm-none-eabi/5.3.1/../../../../arm-none-eabi/lib/armv7e-m\libm.a(lib_a-w_sqrt.o)
                              main.o (sqrt)
c:/program files (x86)/atmel/studio/7.0/toolchain/arm/arm-gnu-toolchain/bin/../lib/gcc/arm-none-eabi/5.3.1/../../../../arm-none-eabi/lib/armv7e-m\libm.a(lib_a-e_atan2.o)
                              c:/program files (x86)/atmel/studio/7.0/toolchain/arm/arm-gnu-toolchain/bin/../lib/gcc/arm-none-eabi/5.3.1/../../../../arm-none-eabi/lib/armv7e-m\libm.a(lib_a-w_atan2.o) (__ieee754_atan2)
c:/program files (x86)/atmel/studio/7.0/toolchain/arm/arm-gnu-toolchain/bin/../lib/gcc/arm-none-eabi/5.3.1/../../../../arm-none-eabi/lib/armv7e-m\libm.a(lib_a-e_sqrt.o)
                              c:/program files (x86)/atmel/studio/7.0/toolchain/arm/arm-gnu-toolchain/bin/../lib/gcc/arm-none-eabi/5.3.1/../../../../arm-none-eabi/lib/armv7e-m\libm.a(lib_a-w_sqrt.o) (__ieee754_sqrt)
c:/program files (x86)/atmel/studio/7.0/toolchain/arm/arm-gnu-toolchain/bin/../lib/gcc/arm-none-eabi/5.3.1/../../../../arm-none-eabi/lib/armv7e-m\libm.a(lib_a-s_lib_ver.o)
                              c:/program files (x86)/atmel/studio/7.0/toolchain/arm/arm-gnu-toolchain/bin/../lib/gcc/arm-none-eabi/5.3.1/../../../../arm-none-eabi/lib/armv7e-m\libm.a(lib_a-w_sqrt.o) (__fdlib_version)
c:/program files (x86)/atmel/studio/7.0/toolchain/arm/arm-gnu-toolchain/bin/../lib/gcc/arm-none-eabi/5.3.1/../../../../arm-none-eabi/lib/armv7e-m\libm.a(lib_a-s_matherr.o)
                              c:/program files (x86)/atmel/studio/7.0/toolchain/arm/arm-gnu-toolchain/bin/../lib/gcc/arm-none-eabi/5.3.1/../../../../arm-none-eabi/lib/armv7e-m\libm.a(lib_a-w_sqrt.o) (matherr)
c:/program files (x86)/atmel/studio/7.0/toolchain/arm/arm-gnu-toolchain/bin/../lib/gcc/arm-none-eabi/5.3.1/armv7e-m\libgcc.a(_arm_addsubdf3.o)
                              main.o (__aeabi_dsub)
c:/program files (x86)/atmel/studio/7.0/toolchain/arm/arm-gnu-toolchain/bin/../lib/gcc/arm-none-eabi/5.3.1/armv7e-m\libgcc.a(_arm_muldivdf3.o)
                              main.o (__aeabi_dmul)
c:/program files (x86)/atmel/studio/7.0/toolchain/arm/arm-gnu-toolchain/bin/../lib/gcc/arm-none-eabi/5.3.1/armv7e-m\libgcc.a(_arm_cmpdf2.o)
                              main.o (__aeabi_dcmplt)
c:/program files (x86)/atmel/studio/7.0/toolchain/arm/arm-gnu-toolchain/bin/../lib/gcc/arm-none-eabi/5.3.1/armv7e-m\libgcc.a(_arm_unorddf2.o)
                              c:/program files (x86)/atmel/studio/7.0/toolchain/arm/arm-gnu-toolchain/bin/../lib/gcc/arm-none-eabi/5.3.1/../../../../arm-none-eabi/lib/armv7e-m\libm.a(lib_a-w_sqrt.o) (__aeabi_dcmpun)
c:/program files (x86)/atmel/studio/7.0/toolchain/arm/arm-gnu-toolchain/bin/../lib/gcc/arm-none-eabi/5.3.1/armv7e-m\libgcc.a(_arm_fixdfsi.o)
                              main.o (__aeabi_d2iz)
c:/program files (x86)/atmel/studio/7.0/toolchain/arm/arm-gnu-toolchain/bin/../lib/gcc/arm-none-eabi/5.3.1/armv7e-m\libgcc.a(_arm_fixunsdfsi.o)
                              main.o (__aeabi_d2uiz)
c:/program files (x86)/atmel/studio/7.0/toolchain/arm/arm-gnu-toolchain/bin/../lib/gcc/arm-none-eabi/5.3.1/armv7e-m\libgcc.a(_arm_truncdfsf2.o)
                              main.o (__aeabi_d2f)
c:/program files (x86)/atmel/studio/7.0/toolchain/arm/arm-gnu-toolchain/bin/../lib/gcc/arm-none-eabi/5.3.1/armv7e-m\libgcc.a(_arm_addsubsf3.o)
                              src/misc/Kalman.o (__aeabi_fsub)
c:/program files (x86)/atmel/studio/7.0/toolchain/arm/arm-gnu-toolchain/bin/../lib/gcc/arm-none-eabi/5.3.1/armv7e-m\libgcc.a(_arm_muldivsf3.o)
                              src/misc/Kalman.o (__aeabi_fmul)
c:/program files (x86)/atmel/studio/7.0/toolchain/arm/arm-gnu-toolchain/bin/../lib/gcc/arm-none-eabi/5.3.1/../../../../arm-none-eabi/lib/armv7e-m\libc.a(lib_a-errno.o)
                              c:/program files (x86)/atmel/studio/7.0/toolchain/arm/arm-gnu-toolchain/bin/../lib/gcc/arm-none-eabi/5.3.1/../../../../arm-none-eabi/lib/armv7e-m\libm.a(lib_a-w_sqrt.o) (__errno)
[...]
Memory Configuration

Name             Origin             Length             Attributes
rom              0x00400000         0x00100000         xr
ram              0x20400000         0x00060000         xrw
*default*        0x00000000         0xffffffff

Linker script and memory map

LOAD c:/program files (x86)/atmel/studio/7.0/toolchain/arm/arm-gnu-toolchain/bin/../lib/gcc/arm-none-eabi/5.3.1/armv7e-m/crti.o
LOAD c:/program files (x86)/atmel/studio/7.0/toolchain/arm/arm-gnu-toolchain/bin/../lib/gcc/arm-none-eabi/5.3.1/armv7e-m/crtbegin.o
LOAD c:/program files (x86)/atmel/studio/7.0/toolchain/arm/arm-gnu-toolchain/bin/../lib/gcc/arm-none-eabi/5.3.1/../../../../arm-none-eabi/lib/armv7e-m/crt0.o
LOAD Device_Startup/startup_same70n20.o
LOAD main.o
LOAD src/misc/Helper.o
LOAD src/misc/Kalman.o
LOAD src/misc/PID_v1.o
LOAD src/ASF/sam/drivers/twihs/twihs.o
LOAD src/ASF/sam/drivers/wdt/wdt.o
LOAD src/hw-interfaces/pcbtop_stabilizer.o
LOAD src/ASF/sam/drivers/tc/tc.o
LOAD src/ASF/sam/drivers/usart/usart.o
LOAD src/ASF/common/services/serial/usart_serial.o
LOAD src/ASF/common/services/clock/same70/sysclk.o
LOAD src/ASF/sam/drivers/pio/pio_handler.o
LOAD src/ASF/sam/drivers/matrix/matrix.o
LOAD src/ASF/sam/drivers/pio/pio.o
LOAD src/ASF/sam/drivers/pmc/pmc.o
LOAD src/ASF/sam/drivers/pwm/pwm.o
LOAD src/ASF/sam/drivers/rtc/rtc.o
LOAD src/ASF/sam/drivers/uart/uart.o
LOAD src/ASF/sam/drivers/pmc/sleep.o
LOAD src/ASF/common/boards/user_board/init.o
LOAD src/ASF/common/utils/interrupt/interrupt_sam_nvic.o
LOAD src/ASF/sam/utils/cmsis/same70/source/templates/system_same70.o
LOAD src/ASF/sam/utils/syscalls/gcc/syscalls.o
START GROUP
LOAD ..\src\ASF\thirdparty\CMSIS\Lib\GCC\libarm_cortexM7lfsp_math_softfp.a
END GROUP
LOAD c:/program files (x86)/atmel/studio/7.0/toolchain/arm/arm-gnu-toolchain/bin/../lib/gcc/arm-none-eabi/5.3.1/../../../../arm-none-eabi/lib/armv7e-m\libstdc++.a
LOAD c:/program files (x86)/atmel/studio/7.0/toolchain/arm/arm-gnu-toolchain/bin/../lib/gcc/arm-none-eabi/5.3.1/../../../../arm-none-eabi/lib/armv7e-m\libm.a
START GROUP
LOAD c:/program files (x86)/atmel/studio/7.0/toolchain/arm/arm-gnu-toolchain/bin/../lib/gcc/arm-none-eabi/5.3.1/armv7e-m\libgcc.a
LOAD c:/program files (x86)/atmel/studio/7.0/toolchain/arm/arm-gnu-toolchain/bin/../lib/gcc/arm-none-eabi/5.3.1/../../../../arm-none-eabi/lib/armv7e-m\libc.a
END GROUP
LOAD c:/program files (x86)/atmel/studio/7.0/toolchain/arm/arm-gnu-toolchain/bin/../lib/gcc/arm-none-eabi/5.3.1/armv7e-m/crtend.o
LOAD c:/program files (x86)/atmel/studio/7.0/toolchain/arm/arm-gnu-toolchain/bin/../lib/gcc/arm-none-eabi/5.3.1/armv7e-m/crtn.o
                0x00000400                STACK_SIZE = DEFINED (STACK_SIZE)?STACK_SIZE:DEFINED (__stack_size__)?__stack_size__:0x400
                0x00000200                HEAP_SIZE = DEFINED (HEAP_SIZE)?HEAP_SIZE:DEFINED (__heap_size__)?__heap_size__:0x200

.text           0x00400000     0x4764
                0x00400000                . = ALIGN (0x4)
                0x00400000                _sfixed = .
 *(.vectors .vectors.*)
 .vectors       0x00400000      0x140 Device_Startup/startup_same70n20.o
                0x00400000                exception_table
 *(.text .text.* .gnu.linkonce.t.*)
 .text          0x00400140       0x5c c:/program files (x86)/atmel/studio/7.0/toolchain/arm/arm-gnu-toolchain/bin/../lib/gcc/arm-none-eabi/5.3.1/armv7e-m/crtbegin.o
 .text.Dummy_Handler
                0x0040019c        0x4 Device_Startup/startup_same70n20.o
                0x0040019c                DACC_Handler
                0x0040019c                DebugMon_Handler
                0x0040019c                UART3_Handler
                0x0040019c                UART2_Handler
                0x0040019c                TRNG_Handler
                0x0040019c                HardFault_Handler
                0x0040019c                TC2_Handler
                0x0040019c                AFEC1_Handler
                0x0040019c                PendSV_Handler
                0x0040019c                NMI_Handler
                0x0040019c                QSPI_Handler
                0x0040019c                ISI_Handler
                0x0040019c                TC9_Handler
                0x0040019c                RSWDT_Handler
                0x0040019c                MCAN1_Handler
                0x0040019c                USART0_Handler
                0x0040019c                RTT_Handler
                0x0040019c                USBHS_Handler
                0x0040019c                RTC_Handler
                0x0040019c                UsageFault_Handler
                0x0040019c                WDT_Handler
                0x0040019c                TC1_Handler
                0x0040019c                HSMCI_Handler
                0x0040019c                UART1_Handler
                0x0040019c                Dummy_Handler
                0x0040019c                TWIHS1_Handler
                0x0040019c                XDMAC_Handler
                0x0040019c                UART4_Handler
                0x0040019c                PWM1_Handler
                0x0040019c                USART1_Handler
                0x0040019c                PWM0_Handler
                0x0040019c                AFEC0_Handler
                0x0040019c                SSC_Handler
                0x0040019c                TC11_Handler
                0x0040019c                ACC_Handler
                0x0040019c                PMC_Handler
                0x0040019c                GMAC_Handler
                0x0040019c                MemManage_Handler
                0x0040019c                SUPC_Handler
                0x0040019c                SVC_Handler
                0x0040019c                EFC_Handler
                0x0040019c                USART2_Handler
                0x0040019c                SPI1_Handler
                0x0040019c                MCAN0_Handler
                0x0040019c                TC10_Handler
                0x0040019c                TWIHS2_Handler
                0x0040019c                BusFault_Handler
                0x0040019c                RSTC_Handler
                0x0040019c                TC0_Handler
                0x0040019c                ICM_Handler
                0x0040019c                AES_Handler
                0x0040019c                TWIHS0_Handler
                0x0040019c                SPI0_Handler
 .text.Reset_Handler
                0x004001a0       0x98 Device_Startup/startup_same70n20.o
                0x004001a0                Reset_Handler
 .text._Z11parseAnglesPc
                0x00400238       0xf0 main.o
                0x00400238                parseAngles(char*)
 .text.UART0_Handler
                0x00400328       0xcc main.o
                0x00400328                UART0_Handler
 .text._ZN13DroniAttitudeC2Ev
                0x004003f4       0xa0 main.o
                0x004003f4                DroniAttitude::DroniAttitude()
                0x004003f4                DroniAttitude::DroniAttitude()
 *fill*         0x00400494        0x4 
 .text._Z22task1_estimateAttitudev
                0x00400498      0x7ac main.o
                0x00400498                task1_estimateAttitude()
 .text._Z26task4_update_target_anglesv
                0x00400c44       0x70 main.o
                0x00400c44                task4_update_target_angles()
 .text._Z12task0_tracesv
                0x00400cb4      0x1f0 main.o
                0x00400cb4                task0_traces()
 .text._Z13task2_computev
                0x00400ea4      0x25c main.o
                0x00400ea4                task2_compute()
 .text._Z20task3_control_motorsv
                0x00401100       0xec main.o
                0x00401100                task3_control_motors()
 *fill*         0x004011ec        0x4 
 .text.main     0x004011f0      0x810 main.o
                0x004011f0                main
 .text._GLOBAL__sub_I__Z11parseAnglesPc
                0x00401a00       0x54 main.o
 .text.SysTick_Handler
                0x00401a54       0x10 src/misc/Helper.o
                0x00401a54                SysTick_Handler
 .text._Z6mdelaym
                0x00401a64       0x14 src/misc/Helper.o
                0x00401a64                mdelay(unsigned long)
 .text._Z6microsv
                0x00401a78        0xc src/misc/Helper.o
                0x00401a78                micros()
 .text._Z5_itoaPcl
                0x00401a84       0x68 src/misc/Helper.o
                0x00401a84                _itoa(char*, long)
 .text._Z5_atofPc
                0x00401aec      0x140 src/misc/Helper.o
                0x00401aec                _atof(char*)
 .text._ZN6KalmanC2Ev
                0x00401c2c       0x28 src/misc/Kalman.o
                0x00401c2c                Kalman::Kalman()
                0x00401c2c                Kalman::Kalman()
 .text._ZN6Kalman8getAngleEfff
                0x00401c54       0xfc src/misc/Kalman.o
                0x00401c54                Kalman::getAngle(float, float, float)
 .text._ZN6Kalman8setAngleEf
                0x00401d50        0x4 src/misc/Kalman.o
                0x00401d50                Kalman::setAngle(float)
 .text.twihs_set_speed
                0x00401d54       0xb0 src/ASF/sam/drivers/twihs/twihs.o
                0x00401d54                twihs_set_speed
 .text.twihs_master_init
                0x00401e04       0x34 src/ASF/sam/drivers/twihs/twihs.o
                0x00401e04                twihs_master_init
 .text.twihs_master_read
                0x00401e38       0xb4 src/ASF/sam/drivers/twihs/twihs.o
                0x00401e38                twihs_master_read
 .text.twihs_master_write
                0x00401eec       0xa4 src/ASF/sam/drivers/twihs/twihs.o
                0x00401eec                twihs_master_write
 .text.wdt_restart
                0x00401f90       0x14 src/ASF/sam/drivers/wdt/wdt.o
                0x00401f90                wdt_restart
 .text.tinkerPwmInit
                0x00401fa4      0x140 src/hw-interfaces/pcbtop_stabilizer.o
                0x00401fa4                tinkerPwmInit
 .text.tinkerPwmWrite
                0x004020e4       0x54 src/hw-interfaces/pcbtop_stabilizer.o
                0x004020e4                tinkerPwmWrite
 .text.tinkerUartInit
                0x00402138       0x5c src/hw-interfaces/pcbtop_stabilizer.o
                0x00402138                tinkerUartInit
 .text.tinkerUartGetChar
                0x00402194       0x64 src/hw-interfaces/pcbtop_stabilizer.o
                0x00402194                tinkerUartGetChar
 .text.tinkerUartPutChar
                0x004021f8       0x64 src/hw-interfaces/pcbtop_stabilizer.o
                0x004021f8                tinkerUartPutChar
 .text.tinkerUartPutBuffer
                0x0040225c       0x20 src/hw-interfaces/pcbtop_stabilizer.o
                0x0040225c                tinkerUartPutBuffer
 .text.tinkerUartPutString
                0x0040227c       0x24 src/hw-interfaces/pcbtop_stabilizer.o
                0x0040227c                tinkerUartPutString
 .text.tinkerInitI2C
                0x004022a0       0x84 src/hw-interfaces/pcbtop_stabilizer.o
                0x004022a0                tinkerInitI2C
 .text.tinkerReadI2C
                0x00402324       0x34 src/hw-interfaces/pcbtop_stabilizer.o
                0x00402324                tinkerReadI2C
 .text.tinkerWriteI2C
                0x00402358       0x2c src/hw-interfaces/pcbtop_stabilizer.o
                0x00402358                tinkerWriteI2C
 .text.sysclk_init
                0x00402384       0x70 src/ASF/common/services/clock/same70/sysclk.o
                0x00402384                sysclk_init
 .text.pio_handler_process
                0x004023f4       0x50 src/ASF/sam/drivers/pio/pio_handler.o
                0x004023f4                pio_handler_process
 .text.PIOA_Handler
                0x00402444       0x14 src/ASF/sam/drivers/pio/pio_handler.o
                0x00402444                PIOA_Handler
 .text.PIOB_Handler
                0x00402458       0x14 src/ASF/sam/drivers/pio/pio_handler.o
                0x00402458                PIOB_Handler
 .text.PIOD_Handler
                0x0040246c       0x14 src/ASF/sam/drivers/pio/pio_handler.o
                0x0040246c                PIOD_Handler
 .text.pio_set_peripheral
                0x00402480       0x90 src/ASF/sam/drivers/pio/pio.o
                0x00402480                pio_set_peripheral
 .text.pio_set_input
                0x00402510       0x38 src/ASF/sam/drivers/pio/pio.o
                0x00402510                pio_set_input
 .text.pio_set_output
                0x00402548       0x28 src/ASF/sam/drivers/pio/pio.o
                0x00402548                pio_set_output
 .text.pio_get_interrupt_status
                0x00402570        0x4 src/ASF/sam/drivers/pio/pio.o
                0x00402570                pio_get_interrupt_status
 .text.pio_get_interrupt_mask
                0x00402574        0x4 src/ASF/sam/drivers/pio/pio.o
                0x00402574                pio_get_interrupt_mask
 .text.pio_configure_pin
                0x00402578      0x134 src/ASF/sam/drivers/pio/pio.o
                0x00402578                pio_configure_pin
 .text.pmc_mck_set_division
                0x004026ac       0x3c src/ASF/sam/drivers/pmc/pmc.o
                0x004026ac                pmc_mck_set_division
 .text.pmc_switch_mck_to_pllack
                0x004026e8       0x68 src/ASF/sam/drivers/pmc/pmc.o
                0x004026e8                pmc_switch_mck_to_pllack
 .text.pmc_switch_mainck_to_xtal
                0x00402750       0x54 src/ASF/sam/drivers/pmc/pmc.o
                0x00402750                pmc_switch_mainck_to_xtal
 .text.pmc_osc_is_ready_mainck
                0x004027a4       0x10 src/ASF/sam/drivers/pmc/pmc.o
                0x004027a4                pmc_osc_is_ready_mainck
 .text.pmc_disable_pllack
                0x004027b4       0x10 src/ASF/sam/drivers/pmc/pmc.o
                0x004027b4                pmc_disable_pllack
 .text.pmc_is_locked_pllack
                0x004027c4       0x10 src/ASF/sam/drivers/pmc/pmc.o
                0x004027c4                pmc_is_locked_pllack
 .text.pmc_enable_periph_clk
                0x004027d4       0x54 src/ASF/sam/drivers/pmc/pmc.o
                0x004027d4                pmc_enable_periph_clk
 .text.pwm_clocks_generate
                0x00402828       0x54 src/ASF/sam/drivers/pwm/pwm.o
 .text.pwm_init
                0x0040287c       0x4c src/ASF/sam/drivers/pwm/pwm.o
                0x0040287c                pwm_init
 .text.pwm_channel_init
                0x004028c8      0x164 src/ASF/sam/drivers/pwm/pwm.o
                0x004028c8                pwm_channel_init
 .text.pwm_channel_enable
                0x00402a2c        0xc src/ASF/sam/drivers/pwm/pwm.o
                0x00402a2c                pwm_channel_enable
 .text.pwm_channel_disable
                0x00402a38        0xc src/ASF/sam/drivers/pwm/pwm.o
                0x00402a38                pwm_channel_disable
 .text.uart_init
                0x00402a44       0x30 src/ASF/sam/drivers/uart/uart.o
                0x00402a44                uart_init
 .text.uart_enable_interrupt
                0x00402a74        0x4 src/ASF/sam/drivers/uart/uart.o
                0x00402a74                uart_enable_interrupt
 .text.uart_is_rx_ready
                0x00402a78        0x8 src/ASF/sam/drivers/uart/uart.o
                0x00402a78                uart_is_rx_ready
 .text.uart_write
                0x00402a80       0x14 src/ASF/sam/drivers/uart/uart.o
                0x00402a80                uart_write
 .text.uart_read
                0x00402a94       0x14 src/ASF/sam/drivers/uart/uart.o
                0x00402a94                uart_read
 .text.board_init
                0x00402aa8        0x4 src/ASF/common/boards/user_board/init.o
                0x00402aa8                board_init
 .text.SystemCoreClockUpdate
                0x00402aac      0x110 src/ASF/sam/utils/cmsis/same70/source/templates/system_same70.o
                0x00402aac                SystemCoreClockUpdate
 .text.system_init_flash
                0x00402bbc       0x74 src/ASF/sam/utils/cmsis/same70/source/templates/system_same70.o
                0x00402bbc                system_init_flash
 .text.atan     0x00402c30      0x33c c:/program files (x86)/atmel/studio/7.0/toolchain/arm/arm-gnu-toolchain/bin/../lib/gcc/arm-none-eabi/5.3.1/../../../../arm-none-eabi/lib/armv7e-m\libm.a(lib_a-s_atan.o)
                0x00402c30                atan
 .text.fabs     0x00402f6c        0x8 c:/program files (x86)/atmel/studio/7.0/toolchain/arm/arm-gnu-toolchain/bin/../lib/gcc/arm-none-eabi/5.3.1/../../../../arm-none-eabi/lib/armv7e-m\libm.a(lib_a-s_fabs.o)
                0x00402f6c                fabs
 .text.atan2    0x00402f74        0x4 c:/program files (x86)/atmel/studio/7.0/toolchain/arm/arm-gnu-toolchain/bin/../lib/gcc/arm-none-eabi/5.3.1/../../../../arm-none-eabi/lib/armv7e-m\libm.a(lib_a-w_atan2.o)
                0x00402f74                atan2
 .text.sqrt     0x00402f78       0xb8 c:/program files (x86)/atmel/studio/7.0/toolchain/arm/arm-gnu-toolchain/bin/../lib/gcc/arm-none-eabi/5.3.1/../../../../arm-none-eabi/lib/armv7e-m\libm.a(lib_a-w_sqrt.o)
                0x00402f78                sqrt
 .text.__ieee754_atan2
                0x00403030      0x194 c:/program files (x86)/atmel/studio/7.0/toolchain/arm/arm-gnu-toolchain/bin/../lib/gcc/arm-none-eabi/5.3.1/../../../../arm-none-eabi/lib/armv7e-m\libm.a(lib_a-e_atan2.o)
                0x00403030                __ieee754_atan2
 .text.__ieee754_sqrt
                0x004031c4      0x180 c:/program files (x86)/atmel/studio/7.0/toolchain/arm/arm-gnu-toolchain/bin/../lib/gcc/arm-none-eabi/5.3.1/../../../../arm-none-eabi/lib/armv7e-m\libm.a(lib_a-e_sqrt.o)
                0x004031c4                __ieee754_sqrt
 .text.matherr  0x00403344        0x4 c:/program files (x86)/atmel/studio/7.0/toolchain/arm/arm-gnu-toolchain/bin/../lib/gcc/arm-none-eabi/5.3.1/../../../../arm-none-eabi/lib/armv7e-m\libm.a(lib_a-s_matherr.o)
                0x00403344                matherr
 .text          0x00403348      0x370 c:/program files (x86)/atmel/studio/7.0/toolchain/arm/arm-gnu-toolchain/bin/../lib/gcc/arm-none-eabi/5.3.1/armv7e-m\libgcc.a(_arm_addsubdf3.o)
                0x00403348                __aeabi_drsub
                0x00403350                __aeabi_dsub
                0x00403350                __subdf3
                0x00403354                __aeabi_dadd
                0x00403354                __adddf3
                0x004035cc                __floatunsidf
                0x004035cc                __aeabi_ui2d
                0x004035ec                __floatsidf
                0x004035ec                __aeabi_i2d
                0x00403610                __aeabi_f2d
                0x00403610                __extendsfdf2
                0x0040364c                __floatundidf
                0x0040364c                __aeabi_ul2d
                0x0040365c                __floatdidf
                0x0040365c                __aeabi_l2d
 .text          0x004036b8      0x424 c:/program files (x86)/atmel/studio/7.0/toolchain/arm/arm-gnu-toolchain/bin/../lib/gcc/arm-none-eabi/5.3.1/armv7e-m\libgcc.a(_arm_muldivdf3.o)
                0x004036b8                __aeabi_dmul
                0x004036b8                __muldf3
                0x0040390c                __divdf3
                0x0040390c                __aeabi_ddiv
 .text          0x00403adc      0x110 c:/program files (x86)/atmel/studio/7.0/toolchain/arm/arm-gnu-toolchain/bin/../lib/gcc/arm-none-eabi/5.3.1/armv7e-m\libgcc.a(_arm_cmpdf2.o)
                0x00403adc                __gtdf2
                0x00403adc                __gedf2
                0x00403ae4                __ltdf2
                0x00403ae4                __ledf2
                0x00403aec                __nedf2
                0x00403aec                __eqdf2
                0x00403aec                __cmpdf2
                0x00403b68                __aeabi_cdrcmple
                0x00403b78                __aeabi_cdcmpeq
                0x00403b78                __aeabi_cdcmple
                0x00403b88                __aeabi_dcmpeq
                0x00403b9c                __aeabi_dcmplt
                0x00403bb0                __aeabi_dcmple
                0x00403bc4                __aeabi_dcmpge
                0x00403bd8                __aeabi_dcmpgt
 .text          0x00403bec       0x2c c:/program files (x86)/atmel/studio/7.0/toolchain/arm/arm-gnu-toolchain/bin/../lib/gcc/arm-none-eabi/5.3.1/armv7e-m\libgcc.a(_arm_unorddf2.o)
                0x00403bec                __unorddf2
                0x00403bec                __aeabi_dcmpun
 .text          0x00403c18       0x50 c:/program files (x86)/atmel/studio/7.0/toolchain/arm/arm-gnu-toolchain/bin/../lib/gcc/arm-none-eabi/5.3.1/armv7e-m\libgcc.a(_arm_fixdfsi.o)
                0x00403c18                __aeabi_d2iz
                0x00403c18                __fixdfsi
 .text          0x00403c68       0x40 c:/program files (x86)/atmel/studio/7.0/toolchain/arm/arm-gnu-toolchain/bin/../lib/gcc/arm-none-eabi/5.3.1/armv7e-m\libgcc.a(_arm_fixunsdfsi.o)
                0x00403c68                __aeabi_d2uiz
                0x00403c68                __fixunsdfsi
 .text          0x00403ca8       0xa0 c:/program files (x86)/atmel/studio/7.0/toolchain/arm/arm-gnu-toolchain/bin/../lib/gcc/arm-none-eabi/5.3.1/armv7e-m\libgcc.a(_arm_truncdfsf2.o)
                0x00403ca8                __truncdfsf2
                0x00403ca8                __aeabi_d2f
 .text          0x00403d48      0x21c c:/program files (x86)/atmel/studio/7.0/toolchain/arm/arm-gnu-toolchain/bin/../lib/gcc/arm-none-eabi/5.3.1/armv7e-m\libgcc.a(_arm_addsubsf3.o)
                0x00403d48                __aeabi_frsub
                0x00403d50                __subsf3
                0x00403d50                __aeabi_fsub
                0x00403d54                __aeabi_fadd
                0x00403d54                __addsf3
                0x00403eb4                __aeabi_ui2f
                0x00403eb4                __floatunsisf
                0x00403ebc                __aeabi_i2f
                0x00403ebc                __floatsisf
                0x00403ed8                __aeabi_ul2f
                0x00403ed8                __floatundisf
                0x00403ee8                __aeabi_l2f
                0x00403ee8                __floatdisf
 .text          0x00403f64      0x2a0 c:/program files (x86)/atmel/studio/7.0/toolchain/arm/arm-gnu-toolchain/bin/../lib/gcc/arm-none-eabi/5.3.1/armv7e-m\libgcc.a(_arm_muldivsf3.o)
                0x00403f64                __mulsf3
                0x00403f64                __aeabi_fmul
                0x004040cc                __aeabi_fdiv
                0x004040cc                __divsf3
 .text.__errno  0x00404204        0xc c:/program files (x86)/atmel/studio/7.0/toolchain/arm/arm-gnu-toolchain/bin/../lib/gcc/arm-none-eabi/5.3.1/../../../../arm-none-eabi/lib/armv7e-m\libc.a(lib_a-errno.o)
                0x00404204                __errno
 .text.__libc_init_array
                0x00404210       0x50 c:/program files (x86)/atmel/studio/7.0/toolchain/arm/arm-gnu-toolchain/bin/../lib/gcc/arm-none-eabi/5.3.1/../../../../arm-none-eabi/lib/armv7e-m\libc.a(lib_a-init.o)
                0x00404210                __libc_init_array
 .text.isspace  0x00404260       0x14 c:/program files (x86)/atmel/studio/7.0/toolchain/arm/arm-gnu-toolchain/bin/../lib/gcc/arm-none-eabi/5.3.1/../../../../arm-none-eabi/lib/armv7e-m\libc.a(lib_a-isspace.o)
                0x00404260                isspace
 .text.strcat   0x00404274       0x40 c:/program files (x86)/atmel/studio/7.0/toolchain/arm/arm-gnu-toolchain/bin/../lib/gcc/arm-none-eabi/5.3.1/../../../../arm-none-eabi/lib/armv7e-m\libc.a(lib_a-strcat.o)
                0x00404274                strcat
 .text.strcpy   0x004042b4       0xbc c:/program files (x86)/atmel/studio/7.0/toolchain/arm/arm-gnu-toolchain/bin/../lib/gcc/arm-none-eabi/5.3.1/../../../../arm-none-eabi/lib/armv7e-m\libc.a(lib_a-strcpy.o)
                0x004042b4                strcpy
 *fill*         0x00404370       0x10 
 .text          0x00404380       0xdc c:/program files (x86)/atmel/studio/7.0/toolchain/arm/arm-gnu-toolchain/bin/../lib/gcc/arm-none-eabi/5.3.1/../../../../arm-none-eabi/lib/armv7e-m\libc.a(lib_a-strlen.o)
                0x00404380                strlen
 .text.startup.register_fini
                0x0040445c       0x14 c:/program files (x86)/atmel/studio/7.0/toolchain/arm/arm-gnu-toolchain/bin/../lib/gcc/arm-none-eabi/5.3.1/../../../../arm-none-eabi/lib/armv7e-m\libc.a(lib_a-__call_atexit.o)
 .text.atexit   0x00404470        0xc c:/program files (x86)/atmel/studio/7.0/toolchain/arm/arm-gnu-toolchain/bin/../lib/gcc/arm-none-eabi/5.3.1/../../../../arm-none-eabi/lib/armv7e-m\libc.a(lib_a-atexit.o)
                0x00404470                atexit
 .text.__libc_fini_array
                0x0040447c       0x28 c:/program files (x86)/atmel/studio/7.0/toolchain/arm/arm-gnu-toolchain/bin/../lib/gcc/arm-none-eabi/5.3.1/../../../../arm-none-eabi/lib/armv7e-m\libc.a(lib_a-fini.o)
                0x0040447c                __libc_fini_array
 .text.__register_exitproc
                0x004044a4       0xa4 c:/program files (x86)/atmel/studio/7.0/toolchain/arm/arm-gnu-toolchain/bin/../lib/gcc/arm-none-eabi/5.3.1/../../../../arm-none-eabi/lib/armv7e-m\libc.a(lib_a-__atexit.o)
                0x004044a4                __register_exitproc
 *(.glue_7t)
 .glue_7t       0x00404548        0x0 linker stubs
 *(.glue_7)
 .glue_7        0x00404548        0x0 linker stubs
 *(.rodata .rodata* .gnu.linkonce.r.*)
 .rodata.str1.4
                0x00404548       0x6d main.o
                                 0x71 (size before relaxing)
 *fill*         0x004045b5        0x3 
 .rodata        0x004045b8       0x2c src/ASF/sam/drivers/pwm/pwm.o
 *fill*         0x004045e4        0x4 
 .rodata.atanlo
                0x004045e8       0x20 c:/program files (x86)/atmel/studio/7.0/toolchain/arm/arm-gnu-toolchain/bin/../lib/gcc/arm-none-eabi/5.3.1/../../../../arm-none-eabi/lib/armv7e-m\libm.a(lib_a-s_atan.o)
 .rodata.atanhi
                0x00404608       0x20 c:/program files (x86)/atmel/studio/7.0/toolchain/arm/arm-gnu-toolchain/bin/../lib/gcc/arm-none-eabi/5.3.1/../../../../arm-none-eabi/lib/armv7e-m\libm.a(lib_a-s_atan.o)
 .rodata.str1.4
                0x00404628        0x5 c:/program files (x86)/atmel/studio/7.0/toolchain/arm/arm-gnu-toolchain/bin/../lib/gcc/arm-none-eabi/5.3.1/../../../../arm-none-eabi/lib/armv7e-m\libm.a(lib_a-w_sqrt.o)
 *fill*         0x0040462d        0x3 
 .rodata.str1.4
                0x00404630        0x4 c:/program files (x86)/atmel/studio/7.0/toolchain/arm/arm-gnu-toolchain/bin/../lib/gcc/arm-none-eabi/5.3.1/../../../../arm-none-eabi/lib/armv7e-m\libc.a(lib_a-impure.o)
                                  0x2 (size before relaxing)
 .rodata._global_impure_ptr
                0x00404634        0x4 c:/program files (x86)/atmel/studio/7.0/toolchain/arm/arm-gnu-toolchain/bin/../lib/gcc/arm-none-eabi/5.3.1/../../../../arm-none-eabi/lib/armv7e-m\libc.a(lib_a-impure.o)
                0x00404634                _global_impure_ptr
 .rodata._ctype_
                0x00404638      0x101 c:/program files (x86)/atmel/studio/7.0/toolchain/arm/arm-gnu-toolchain/bin/../lib/gcc/arm-none-eabi/5.3.1/../../../../arm-none-eabi/lib/armv7e-m\libc.a(lib_a-ctype_.o)
                0x00404638                _ctype_
 *(.ARM.extab* .gnu.linkonce.armextab.*)
                0x0040473c                . = ALIGN (0x4)
 *fill*         0x00404739        0x3 
 *(.init)
 .init          0x0040473c        0x4 c:/program files (x86)/atmel/studio/7.0/toolchain/arm/arm-gnu-toolchain/bin/../lib/gcc/arm-none-eabi/5.3.1/armv7e-m/crti.o
                0x0040473c                _init
 .init          0x00404740        0x8 c:/program files (x86)/atmel/studio/7.0/toolchain/arm/arm-gnu-toolchain/bin/../lib/gcc/arm-none-eabi/5.3.1/armv7e-m/crtn.o
                0x00404748                . = ALIGN (0x4)
                0x00404748                __preinit_array_start = .
 *(.preinit_array)
                0x00404748                __preinit_array_end = .
                0x00404748                . = ALIGN (0x4)
                0x00404748                __init_array_start = .
 *(SORT(.init_array.*))
 .init_array.00000
                0x00404748        0x4 c:/program files (x86)/atmel/studio/7.0/toolchain/arm/arm-gnu-toolchain/bin/../lib/gcc/arm-none-eabi/5.3.1/../../../../arm-none-eabi/lib/armv7e-m\libc.a(lib_a-__call_atexit.o)
 *(.init_array)
 .init_array    0x0040474c        0x4 c:/program files (x86)/atmel/studio/7.0/toolchain/arm/arm-gnu-toolchain/bin/../lib/gcc/arm-none-eabi/5.3.1/armv7e-m/crtbegin.o
 .init_array    0x00404750        0x4 main.o
                0x00404754                __init_array_end = .
                0x00404754                . = ALIGN (0x4)
 *crtbegin.o(.ctors)
 *(EXCLUDE_FILE(*crtend.o) .ctors)
 *(SORT(.ctors.*))
 *crtend.o(.ctors)
                0x00404754                . = ALIGN (0x4)
 *(.fini)
 .fini          0x00404754        0x4 c:/program files (x86)/atmel/studio/7.0/toolchain/arm/arm-gnu-toolchain/bin/../lib/gcc/arm-none-eabi/5.3.1/armv7e-m/crti.o
                0x00404754                _fini
 .fini          0x00404758        0x8 c:/program files (x86)/atmel/studio/7.0/toolchain/arm/arm-gnu-toolchain/bin/../lib/gcc/arm-none-eabi/5.3.1/armv7e-m/crtn.o
                0x00404760                . = ALIGN (0x4)
                0x00404760                __fini_array_start = .
 *(.fini_array)
 .fini_array    0x00404760        0x4 c:/program files (x86)/atmel/studio/7.0/toolchain/arm/arm-gnu-toolchain/bin/../lib/gcc/arm-none-eabi/5.3.1/armv7e-m/crtbegin.o
 *(SORT(.fini_array.*))
                0x00404764                __fini_array_end = .
 *crtbegin.o(.dtors)
 *(EXCLUDE_FILE(*crtend.o) .dtors)
 *(SORT(.dtors.*))
 *crtend.o(.dtors)
                0x00404764                . = ALIGN (0x4)
                0x00404764                _efixed = .
                [!provide]                PROVIDE (__exidx_start, .)

.vfp11_veneer   0x00404764        0x0
 .vfp11_veneer  0x00404764        0x0 linker stubs

.v4_bx          0x00404764        0x0
 .v4_bx         0x00404764        0x0 linker stubs

.iplt           0x00404764        0x0
 .iplt          0x00404764        0x0 c:/program files (x86)/atmel/studio/7.0/toolchain/arm/arm-gnu-toolchain/bin/../lib/gcc/arm-none-eabi/5.3.1/armv7e-m/crtbegin.o

.eh_frame       0x00404764        0x0
 .eh_frame      0x00404764        0x0 c:/program files (x86)/atmel/studio/7.0/toolchain/arm/arm-gnu-toolchain/bin/../lib/gcc/arm-none-eabi/5.3.1/armv7e-m/crtbegin.o

.rel.dyn        0x00404764        0x0
 .rel.iplt      0x00404764        0x0 c:/program files (x86)/atmel/studio/7.0/toolchain/arm/arm-gnu-toolchain/bin/../lib/gcc/arm-none-eabi/5.3.1/armv7e-m/crtbegin.o

.jcr            0x00404764        0x0
 .jcr           0x00404764        0x0 c:/program files (x86)/atmel/studio/7.0/toolchain/arm/arm-gnu-toolchain/bin/../lib/gcc/arm-none-eabi/5.3.1/armv7e-m/crtbegin.o

.igot.plt       0x00404764        0x0
 .igot.plt      0x00404764        0x0 c:/program files (x86)/atmel/studio/7.0/toolchain/arm/arm-gnu-toolchain/bin/../lib/gcc/arm-none-eabi/5.3.1/armv7e-m/crtbegin.o

.ARM.exidx
 *(.ARM.exidx* .gnu.linkonce.armexidx.*)
                [!provide]                PROVIDE (__exidx_end, .)
                0x00404764                . = ALIGN (0x4)
                0x00404764                _etext = .

.relocate       0x20400000      0x438 load address 0x00404764
                0x20400000                . = ALIGN (0x4)
                0x20400000                _srelocate = .
 *(.ramfunc .ramfunc.*)
 *(.data .data.*)
 .data.SystemCoreClock
                0x20400000        0x4 src/ASF/sam/utils/cmsis/same70/source/templates/system_same70.o
                0x20400000                SystemCoreClock
 .data.__fdlib_version
                0x20400004        0x1 c:/program files (x86)/atmel/studio/7.0/toolchain/arm/arm-gnu-toolchain/bin/../lib/gcc/arm-none-eabi/5.3.1/../../../../arm-none-eabi/lib/armv7e-m\libm.a(lib_a-s_lib_ver.o)
                0x20400004                __fdlib_version
 *fill*         0x20400005        0x3 
 .data.impure_data
                0x20400008      0x428 c:/program files (x86)/atmel/studio/7.0/toolchain/arm/arm-gnu-toolchain/bin/../lib/gcc/arm-none-eabi/5.3.1/../../../../arm-none-eabi/lib/armv7e-m\libc.a(lib_a-impure.o)
 .data._impure_ptr
                0x20400430        0x4 c:/program files (x86)/atmel/studio/7.0/toolchain/arm/arm-gnu-toolchain/bin/../lib/gcc/arm-none-eabi/5.3.1/../../../../arm-none-eabi/lib/armv7e-m\libc.a(lib_a-impure.o)
                0x20400430                _impure_ptr
 .data.__ctype_ptr__
                0x20400434        0x4 c:/program files (x86)/atmel/studio/7.0/toolchain/arm/arm-gnu-toolchain/bin/../lib/gcc/arm-none-eabi/5.3.1/../../../../arm-none-eabi/lib/armv7e-m\libc.a(lib_a-ctype_.o)
                0x20400434                __ctype_ptr__
                0x20400438                . = ALIGN (0x4)
                0x20400438                _erelocate = .

.bss            0x20400438      0x450 load address 0x00404ba0
                0x20400438                . = ALIGN (0x4)
                0x20400438                _sbss = .
                0x20400438                _szero = .
 *(.bss .bss.*)
 .bss           0x20400438       0x1c c:/program files (x86)/atmel/studio/7.0/toolchain/arm/arm-gnu-toolchain/bin/../lib/gcc/arm-none-eabi/5.3.1/armv7e-m/crtbegin.o
 *fill*         0x20400454        0x4 
 .bss           0x20400458      0x350 main.o
                0x20400478                c
                0x20400494                _data_index
                0x20400498                _data_start
                0x2040049c                _data
                0x204005a0                droniAtt
 .bss           0x204007a8        0xc src/misc/Helper.o
                0x204007a8                g_ul_us_ticks
 .bss.twihs1_packet_write
                0x204007b4       0x14 src/hw-interfaces/pcbtop_stabilizer.o
 .bss.pwm_channel_instance
                0x204007c8       0x3c src/hw-interfaces/pcbtop_stabilizer.o
 .bss.twihs1_packet_read
                0x20400804       0x14 src/hw-interfaces/pcbtop_stabilizer.o
 .bss.gs_interrupt_sources
                0x20400818       0x70 src/ASF/sam/drivers/pio/pio_handler.o
 *(COMMON)
                0x20400888                . = ALIGN (0x4)
                0x20400888                _ebss = .
                0x20400888                _ezero = .

.heap           0x20400888      0x200 load address 0x00404ff0
                0x20400888                . = ALIGN (0x8)
                0x20400888                _sheap = .
                0x20400a88                . = (. + HEAP_SIZE)
 *fill*         0x20400888      0x200 
                0x20400a88                . = ALIGN (0x8)
                0x20400a88                _eheap = .

.stack          0x20400a88      0x400 load address 0x004051f0
                0x20400a88                . = ALIGN (0x8)
                0x20400a88                _sstack = .
                0x20400e88                . = (. + STACK_SIZE)
 *fill*         0x20400a88      0x400 
                0x20400e88                . = ALIGN (0x8)
                0x20400e88                _estack = .
                0x20400e88                . = ALIGN (0x4)
                0x20400e88                _end = .
                0x2045ffff                _ram_end_ = ((ORIGIN (ram) + LENGTH (ram)) - 0x1)
OUTPUT(DRONI-1.1-STABILIZER.elf elf32-littlearm)

.ARM.attributes
                0x00000000       0x2a
 .ARM.attributes
                0x00000000       0x1e c:/program files (x86)/atmel/studio/7.0/toolchain/arm/arm-gnu-toolchain/bin/../lib/gcc/arm-none-eabi/5.3.1/armv7e-m/crti.o
 .ARM.attributes
                0x0000001e       0x2e c:/program files (x86)/atmel/studio/7.0/toolchain/arm/arm-gnu-toolchain/bin/../lib/gcc/arm-none-eabi/5.3.1/armv7e-m/crtbegin.o
 .ARM.attributes
                0x0000004c       0x33 Device_Startup/startup_same70n20.o
 .ARM.attributes
                0x0000007f       0x33 main.o
 .ARM.attributes
                0x000000b2       0x33 src/misc/Helper.o
 .ARM.attributes
                0x000000e5       0x33 src/misc/Kalman.o
 .ARM.attributes
                0x00000118       0x33 src/ASF/sam/drivers/twihs/twihs.o
 .ARM.attributes
                0x0000014b       0x33 src/ASF/sam/drivers/wdt/wdt.o
 .ARM.attributes
                0x0000017e       0x33 src/hw-interfaces/pcbtop_stabilizer.o
 .ARM.attributes
                0x000001b1       0x33 src/ASF/common/services/clock/same70/sysclk.o
 .ARM.attributes
                0x000001e4       0x33 src/ASF/sam/drivers/pio/pio_handler.o
 .ARM.attributes
                0x00000217       0x33 src/ASF/sam/drivers/pio/pio.o
 .ARM.attributes
                0x0000024a       0x33 src/ASF/sam/drivers/pmc/pmc.o
 .ARM.attributes
                0x0000027d       0x33 src/ASF/sam/drivers/pwm/pwm.o
 .ARM.attributes
                0x000002b0       0x33 src/ASF/sam/drivers/uart/uart.o
 .ARM.attributes
                0x000002e3       0x33 src/ASF/common/boards/user_board/init.o
 .ARM.attributes
                0x00000316       0x33 src/ASF/sam/utils/cmsis/same70/source/templates/system_same70.o
 .ARM.attributes
                0x00000349       0x2e c:/program files (x86)/atmel/studio/7.0/toolchain/arm/arm-gnu-toolchain/bin/../lib/gcc/arm-none-eabi/5.3.1/../../../../arm-none-eabi/lib/armv7e-m\libm.a(lib_a-s_atan.o)
 .ARM.attributes
                0x00000377       0x2e c:/program files (x86)/atmel/studio/7.0/toolchain/arm/arm-gnu-toolchain/bin/../lib/gcc/arm-none-eabi/5.3.1/../../../../arm-none-eabi/lib/armv7e-m\libm.a(lib_a-s_fabs.o)
 .ARM.attributes
                0x000003a5       0x2e c:/program files (x86)/atmel/studio/7.0/toolchain/arm/arm-gnu-toolchain/bin/../lib/gcc/arm-none-eabi/5.3.1/../../../../arm-none-eabi/lib/armv7e-m\libm.a(lib_a-w_atan2.o)
 .ARM.attributes
                0x000003d3       0x2e c:/program files (x86)/atmel/studio/7.0/toolchain/arm/arm-gnu-toolchain/bin/../lib/gcc/arm-none-eabi/5.3.1/../../../../arm-none-eabi/lib/armv7e-m\libm.a(lib_a-w_sqrt.o)
 .ARM.attributes
                0x00000401       0x2e c:/program files (x86)/atmel/studio/7.0/toolchain/arm/arm-gnu-toolchain/bin/../lib/gcc/arm-none-eabi/5.3.1/../../../../arm-none-eabi/lib/armv7e-m\libm.a(lib_a-e_atan2.o)
 .ARM.attributes
                0x0000042f       0x2e c:/program files (x86)/atmel/studio/7.0/toolchain/arm/arm-gnu-toolchain/bin/../lib/gcc/arm-none-eabi/5.3.1/../../../../arm-none-eabi/lib/armv7e-m\libm.a(lib_a-e_sqrt.o)
 .ARM.attributes
                0x0000045d       0x2e c:/program files (x86)/atmel/studio/7.0/toolchain/arm/arm-gnu-toolchain/bin/../lib/gcc/arm-none-eabi/5.3.1/../../../../arm-none-eabi/lib/armv7e-m\libm.a(lib_a-s_lib_ver.o)
 .ARM.attributes
                0x0000048b       0x2e c:/program files (x86)/atmel/studio/7.0/toolchain/arm/arm-gnu-toolchain/bin/../lib/gcc/arm-none-eabi/5.3.1/../../../../arm-none-eabi/lib/armv7e-m\libm.a(lib_a-s_matherr.o)
 .ARM.attributes
                0x000004b9       0x1e c:/program files (x86)/atmel/studio/7.0/toolchain/arm/arm-gnu-toolchain/bin/../lib/gcc/arm-none-eabi/5.3.1/armv7e-m\libgcc.a(_arm_addsubdf3.o)
 .ARM.attributes
                0x000004d7       0x1e c:/program files (x86)/atmel/studio/7.0/toolchain/arm/arm-gnu-toolchain/bin/../lib/gcc/arm-none-eabi/5.3.1/armv7e-m\libgcc.a(_arm_muldivdf3.o)
 .ARM.attributes
                0x000004f5       0x1e c:/program files (x86)/atmel/studio/7.0/toolchain/arm/arm-gnu-toolchain/bin/../lib/gcc/arm-none-eabi/5.3.1/armv7e-m\libgcc.a(_arm_cmpdf2.o)
 .ARM.attributes
                0x00000513       0x1e c:/program files (x86)/atmel/studio/7.0/toolchain/arm/arm-gnu-toolchain/bin/../lib/gcc/arm-none-eabi/5.3.1/armv7e-m\libgcc.a(_arm_unorddf2.o)
 .ARM.attributes
                0x00000531       0x1e c:/program files (x86)/atmel/studio/7.0/toolchain/arm/arm-gnu-toolchain/bin/../lib/gcc/arm-none-eabi/5.3.1/armv7e-m\libgcc.a(_arm_fixdfsi.o)
 .ARM.attributes
                0x0000054f       0x1e c:/program files (x86)/atmel/studio/7.0/toolchain/arm/arm-gnu-toolchain/bin/../lib/gcc/arm-none-eabi/5.3.1/armv7e-m\libgcc.a(_arm_fixunsdfsi.o)
 .ARM.attributes
                0x0000056d       0x1e c:/program files (x86)/atmel/studio/7.0/toolchain/arm/arm-gnu-toolchain/bin/../lib/gcc/arm-none-eabi/5.3.1/armv7e-m\libgcc.a(_arm_truncdfsf2.o)
 .ARM.attributes
                0x0000058b       0x1e c:/program files (x86)/atmel/studio/7.0/toolchain/arm/arm-gnu-toolchain/bin/../lib/gcc/arm-none-eabi/5.3.1/armv7e-m\libgcc.a(_arm_addsubsf3.o)
 .ARM.attributes
                0x000005a9       0x1e c:/program files (x86)/atmel/studio/7.0/toolchain/arm/arm-gnu-toolchain/bin/../lib/gcc/arm-none-eabi/5.3.1/armv7e-m\libgcc.a(_arm_muldivsf3.o)
 .ARM.attributes
                0x000005c7       0x2e c:/program files (x86)/atmel/studio/7.0/toolchain/arm/arm-gnu-toolchain/bin/../lib/gcc/arm-none-eabi/5.3.1/../../../../arm-none-eabi/lib/armv7e-m\libc.a(lib_a-errno.o)
 .ARM.attributes
                0x000005f5       0x2e c:/program files (x86)/atmel/studio/7.0/toolchain/arm/arm-gnu-toolchain/bin/../lib/gcc/arm-none-eabi/5.3.1/../../../../arm-none-eabi/lib/armv7e-m\libc.a(lib_a-impure.o)
 .ARM.attributes
                0x00000623       0x2e c:/program files (x86)/atmel/studio/7.0/toolchain/arm/arm-gnu-toolchain/bin/../lib/gcc/arm-none-eabi/5.3.1/../../../../arm-none-eabi/lib/armv7e-m\libc.a(lib_a-init.o)
 .ARM.attributes
                0x00000651       0x2e c:/program files (x86)/atmel/studio/7.0/toolchain/arm/arm-gnu-toolchain/bin/../lib/gcc/arm-none-eabi/5.3.1/../../../../arm-none-eabi/lib/armv7e-m\libc.a(lib_a-isspace.o)
 .ARM.attributes
                0x0000067f       0x2e c:/program files (x86)/atmel/studio/7.0/toolchain/arm/arm-gnu-toolchain/bin/../lib/gcc/arm-none-eabi/5.3.1/../../../../arm-none-eabi/lib/armv7e-m\libc.a(lib_a-strcat.o)
 .ARM.attributes
                0x000006ad       0x2e c:/program files (x86)/atmel/studio/7.0/toolchain/arm/arm-gnu-toolchain/bin/../lib/gcc/arm-none-eabi/5.3.1/../../../../arm-none-eabi/lib/armv7e-m\libc.a(lib_a-strcpy.o)
 .ARM.attributes
                0x000006db       0x1c c:/program files (x86)/atmel/studio/7.0/toolchain/arm/arm-gnu-toolchain/bin/../lib/gcc/arm-none-eabi/5.3.1/../../../../arm-none-eabi/lib/armv7e-m\libc.a(lib_a-strlen.o)
 .ARM.attributes
                0x000006f7       0x2e c:/program files (x86)/atmel/studio/7.0/toolchain/arm/arm-gnu-toolchain/bin/../lib/gcc/arm-none-eabi/5.3.1/../../../../arm-none-eabi/lib/armv7e-m\libc.a(lib_a-__call_atexit.o)
 .ARM.attributes
                0x00000725       0x2e c:/program files (x86)/atmel/studio/7.0/toolchain/arm/arm-gnu-toolchain/bin/../lib/gcc/arm-none-eabi/5.3.1/../../../../arm-none-eabi/lib/armv7e-m\libc.a(lib_a-atexit.o)
 .ARM.attributes
                0x00000753       0x2e c:/program files (x86)/atmel/studio/7.0/toolchain/arm/arm-gnu-toolchain/bin/../lib/gcc/arm-none-eabi/5.3.1/../../../../arm-none-eabi/lib/armv7e-m\libc.a(lib_a-ctype_.o)
 .ARM.attributes
                0x00000781       0x2e c:/program files (x86)/atmel/studio/7.0/toolchain/arm/arm-gnu-toolchain/bin/../lib/gcc/arm-none-eabi/5.3.1/../../../../arm-none-eabi/lib/armv7e-m\libc.a(lib_a-fini.o)
 .ARM.attributes
                0x000007af       0x2e c:/program files (x86)/atmel/studio/7.0/toolchain/arm/arm-gnu-toolchain/bin/../lib/gcc/arm-none-eabi/5.3.1/../../../../arm-none-eabi/lib/armv7e-m\libc.a(lib_a-__atexit.o)
 .ARM.attributes
                0x000007dd       0x1e c:/program files (x86)/atmel/studio/7.0/toolchain/arm/arm-gnu-toolchain/bin/../lib/gcc/arm-none-eabi/5.3.1/armv7e-m/crtn.o

.comment        0x00000000       0x59
 .comment       0x00000000       0x59 Device_Startup/startup_same70n20.o
                                 0x5a (size before relaxing)
 .comment       0x00000059       0x5a main.o
 .comment       0x00000059       0x5a src/misc/Helper.o
 .comment       0x00000059       0x5a src/misc/Kalman.o
 .comment       0x00000059       0x5a src/ASF/sam/drivers/twihs/twihs.o
 .comment       0x00000059       0x5a src/ASF/sam/drivers/wdt/wdt.o
 .comment       0x00000059       0x5a src/hw-interfaces/pcbtop_stabilizer.o
 .comment       0x00000059       0x5a src/ASF/common/services/clock/same70/sysclk.o
 .comment       0x00000059       0x5a src/ASF/sam/drivers/pio/pio_handler.o
 .comment       0x00000059       0x5a src/ASF/sam/drivers/pio/pio.o
 .comment       0x00000059       0x5a src/ASF/sam/drivers/pmc/pmc.o
 .comment       0x00000059       0x5a src/ASF/sam/drivers/pwm/pwm.o
 .comment       0x00000059       0x5a src/ASF/sam/drivers/uart/uart.o
 .comment       0x00000059       0x5a src/ASF/common/boards/user_board/init.o
 .comment       0x00000059       0x5a src/ASF/sam/utils/cmsis/same70/source/templates/system_same70.o

.debug_info     0x00000000     0xf2a9
 .debug_info    0x00000000      0xa21 Device_Startup/startup_same70n20.o
 .debug_info    0x00000a21     0x3fa4 main.o
 .debug_info    0x000049c5      0x313 src/misc/Helper.o
 .debug_info    0x00004cd8      0x56c src/misc/Kalman.o
 .debug_info    0x00005244      0xc35 src/ASF/sam/drivers/twihs/twihs.o
 .debug_info    0x00005e79      0x2dd src/ASF/sam/drivers/wdt/wdt.o
 .debug_info    0x00006156     0x243c src/hw-interfaces/pcbtop_stabilizer.o
 .debug_info    0x00008592      0x84d src/ASF/common/services/clock/same70/sysclk.o
 .debug_info    0x00008ddf     0x114c src/ASF/sam/drivers/pio/pio_handler.o
 .debug_info    0x00009f2b     0x188f src/ASF/sam/drivers/pio/pio.o
 .debug_info    0x0000b7ba     0x1502 src/ASF/sam/drivers/pmc/pmc.o
 .debug_info    0x0000ccbc     0x1829 src/ASF/sam/drivers/pwm/pwm.o
 .debug_info    0x0000e4e5      0x72d src/ASF/sam/drivers/uart/uart.o
 .debug_info    0x0000ec12      0x12b src/ASF/common/boards/user_board/init.o
 .debug_info    0x0000ed3d      0x56c src/ASF/sam/utils/cmsis/same70/source/templates/system_same70.o

.debug_abbrev   0x00000000     0x21ab
 .debug_abbrev  0x00000000      0x145 Device_Startup/startup_same70n20.o
 .debug_abbrev  0x00000145      0x5be main.o
 .debug_abbrev  0x00000703      0x1e7 src/misc/Helper.o
 .debug_abbrev  0x000008ea      0x1be src/misc/Kalman.o
 .debug_abbrev  0x00000aa8      0x2a5 src/ASF/sam/drivers/twihs/twihs.o
 .debug_abbrev  0x00000d4d      0x12a src/ASF/sam/drivers/wdt/wdt.o
 .debug_abbrev  0x00000e77      0x358 src/hw-interfaces/pcbtop_stabilizer.o
 .debug_abbrev  0x000011cf      0x230 src/ASF/common/services/clock/same70/sysclk.o
 .debug_abbrev  0x000013ff      0x25d src/ASF/sam/drivers/pio/pio_handler.o
 .debug_abbrev  0x0000165c      0x31a src/ASF/sam/drivers/pio/pio.o
 .debug_abbrev  0x00001976      0x2bd src/ASF/sam/drivers/pmc/pmc.o
 .debug_abbrev  0x00001c33      0x254 src/ASF/sam/drivers/pwm/pwm.o
 .debug_abbrev  0x00001e87      0x1a3 src/ASF/sam/drivers/uart/uart.o
 .debug_abbrev  0x0000202a       0x8c src/ASF/common/boards/user_board/init.o
 .debug_abbrev  0x000020b6       0xf5 src/ASF/sam/utils/cmsis/same70/source/templates/system_same70.o

.debug_loc      0x00000000     0x61c6
 .debug_loc     0x00000000       0x5e Device_Startup/startup_same70n20.o
 .debug_loc     0x0000005e     0x11aa main.o
 .debug_loc     0x00001208      0x33f src/misc/Helper.o
 .debug_loc     0x00001547      0x261 src/misc/Kalman.o
 .debug_loc     0x000017a8      0xa96 src/ASF/sam/drivers/twihs/twihs.o
 .debug_loc     0x0000223e      0x14d src/ASF/sam/drivers/wdt/wdt.o
 .debug_loc     0x0000238b      0x8e8 src/hw-interfaces/pcbtop_stabilizer.o
 .debug_loc     0x00002c73      0x183 src/ASF/common/services/clock/same70/sysclk.o
 .debug_loc     0x00002df6      0x515 src/ASF/sam/drivers/pio/pio_handler.o
 .debug_loc     0x0000330b      0xf53 src/ASF/sam/drivers/pio/pio.o
 .debug_loc     0x0000425e      0xec0 src/ASF/sam/drivers/pmc/pmc.o
 .debug_loc     0x0000511e      0xe04 src/ASF/sam/drivers/pwm/pwm.o
 .debug_loc     0x00005f22      0x2a4 src/ASF/sam/drivers/uart/uart.o

.debug_aranges  0x00000000      0x9e0
 .debug_aranges
                0x00000000       0x28 Device_Startup/startup_same70n20.o
 .debug_aranges
                0x00000028       0x68 main.o
 .debug_aranges
                0x00000090       0x40 src/misc/Helper.o
 .debug_aranges
                0x000000d0       0x68 src/misc/Kalman.o
 .debug_aranges
                0x00000138       0xe8 src/ASF/sam/drivers/twihs/twihs.o
 .debug_aranges
                0x00000220       0x48 src/ASF/sam/drivers/wdt/wdt.o
 .debug_aranges
                0x00000268       0x68 src/hw-interfaces/pcbtop_stabilizer.o
 .debug_aranges
                0x000002d0       0x40 src/ASF/common/services/clock/same70/sysclk.o
 .debug_aranges
                0x00000310       0x50 src/ASF/sam/drivers/pio/pio_handler.o
 .debug_aranges
                0x00000360      0x1a8 src/ASF/sam/drivers/pio/pio.o
 .debug_aranges
                0x00000508      0x250 src/ASF/sam/drivers/pmc/pmc.o
 .debug_aranges
                0x00000758      0x160 src/ASF/sam/drivers/pwm/pwm.o
 .debug_aranges
                0x000008b8       0xd8 src/ASF/sam/drivers/uart/uart.o
 .debug_aranges
                0x00000990       0x20 src/ASF/common/boards/user_board/init.o
 .debug_aranges
                0x000009b0       0x30 src/ASF/sam/utils/cmsis/same70/source/templates/system_same70.o

.debug_ranges   0x00000000      0xa50
 .debug_ranges  0x00000000       0x18 Device_Startup/startup_same70n20.o
 .debug_ranges  0x00000018       0xe0 main.o
 .debug_ranges  0x000000f8       0x30 src/misc/Helper.o
 .debug_ranges  0x00000128       0x58 src/misc/Kalman.o
 .debug_ranges  0x00000180       0xd8 src/ASF/sam/drivers/twihs/twihs.o
 .debug_ranges  0x00000258       0x38 src/ASF/sam/drivers/wdt/wdt.o
 .debug_ranges  0x00000290       0x58 src/hw-interfaces/pcbtop_stabilizer.o
 .debug_ranges  0x000002e8       0x30 src/ASF/common/services/clock/same70/sysclk.o
 .debug_ranges  0x00000318       0x40 src/ASF/sam/drivers/pio/pio_handler.o
 .debug_ranges  0x00000358      0x270 src/ASF/sam/drivers/pio/pio.o
 .debug_ranges  0x000005c8      0x240 src/ASF/sam/drivers/pmc/pmc.o
 .debug_ranges  0x00000808      0x150 src/ASF/sam/drivers/pwm/pwm.o
 .debug_ranges  0x00000958       0xc8 src/ASF/sam/drivers/uart/uart.o
 .debug_ranges  0x00000a20       0x10 src/ASF/common/boards/user_board/init.o
 .debug_ranges  0x00000a30       0x20 src/ASF/sam/utils/cmsis/same70/source/templates/system_same70.o

.debug_macro    0x00000000    0x1ed1c
 .debug_macro   0x00000000      0x3e9 Device_Startup/startup_same70n20.o
 .debug_macro   0x000003e9      0x898 Device_Startup/startup_same70n20.o
 .debug_macro   0x00000c81       0x22 Device_Startup/startup_same70n20.o
 .debug_macro   0x00000ca3       0x87 Device_Startup/startup_same70n20.o
 .debug_macro   0x00000d2a       0x44 Device_Startup/startup_same70n20.o
 .debug_macro   0x00000d6e       0xfd Device_Startup/startup_same70n20.o
 .debug_macro   0x00000e6b       0x22 Device_Startup/startup_same70n20.o
 .debug_macro   0x00000e8d      0x1df Device_Startup/startup_same70n20.o
 .debug_macro   0x0000106c       0x4a Device_Startup/startup_same70n20.o
 .debug_macro   0x000010b6       0x3b Device_Startup/startup_same70n20.o
 .debug_macro   0x000010f1       0x2d Device_Startup/startup_same70n20.o
 .debug_macro   0x0000111e       0x26 Device_Startup/startup_same70n20.o
 .debug_macro   0x00001144      0xf9a Device_Startup/startup_same70n20.o
 .debug_macro   0x000020de      0x175 Device_Startup/startup_same70n20.o
 .debug_macro   0x00002253      0x257 Device_Startup/startup_same70n20.o
 .debug_macro   0x000024aa      0xa0f Device_Startup/startup_same70n20.o
 .debug_macro   0x00002eb9      0x1b9 Device_Startup/startup_same70n20.o
 .debug_macro   0x00003072      0x336 Device_Startup/startup_same70n20.o
 .debug_macro   0x000033a8      0x15b Device_Startup/startup_same70n20.o
 .debug_macro   0x00003503     0x1851 Device_Startup/startup_same70n20.o
 .debug_macro   0x00004d54       0x1c Device_Startup/startup_same70n20.o
 .debug_macro   0x00004d70      0x68d Device_Startup/startup_same70n20.o
 .debug_macro   0x000053fd      0x31e Device_Startup/startup_same70n20.o
 .debug_macro   0x0000571b      0x4d4 Device_Startup/startup_same70n20.o
 .debug_macro   0x00005bef      0x56e Device_Startup/startup_same70n20.o
 .debug_macro   0x0000615d     0x1332 Device_Startup/startup_same70n20.o
 .debug_macro   0x0000748f     0x278d Device_Startup/startup_same70n20.o
 .debug_macro   0x00009c1c     0x102b Device_Startup/startup_same70n20.o
 .debug_macro   0x0000ac47      0xe01 Device_Startup/startup_same70n20.o
 .debug_macro   0x0000ba48      0x3b1 Device_Startup/startup_same70n20.o
 .debug_macro   0x0000bdf9       0xa0 Device_Startup/startup_same70n20.o
 .debug_macro   0x0000be99       0x76 Device_Startup/startup_same70n20.o
 .debug_macro   0x0000bf0f      0x409 Device_Startup/startup_same70n20.o
 .debug_macro   0x0000c318       0x64 Device_Startup/startup_same70n20.o
 .debug_macro   0x0000c37c      0x248 Device_Startup/startup_same70n20.o
 .debug_macro   0x0000c5c4      0x524 Device_Startup/startup_same70n20.o
 .debug_macro   0x0000cae8      0x63b Device_Startup/startup_same70n20.o
 .debug_macro   0x0000d123      0x6b8 Device_Startup/startup_same70n20.o
 .debug_macro   0x0000d7db       0x4c Device_Startup/startup_same70n20.o
 .debug_macro   0x0000d827      0x468 Device_Startup/startup_same70n20.o
 .debug_macro   0x0000dc8f      0x207 Device_Startup/startup_same70n20.o
 .debug_macro   0x0000de96      0x866 Device_Startup/startup_same70n20.o
 .debug_macro   0x0000e6fc     0x1547 Device_Startup/startup_same70n20.o
 .debug_macro   0x0000fc43       0x40 Device_Startup/startup_same70n20.o
 .debug_macro   0x0000fc83       0x76 Device_Startup/startup_same70n20.o
 .debug_macro   0x0000fcf9      0xdaf Device_Startup/startup_same70n20.o
 .debug_macro   0x00010aa8       0x82 Device_Startup/startup_same70n20.o
 .debug_macro   0x00010b2a       0x76 Device_Startup/startup_same70n20.o
 .debug_macro   0x00010ba0       0x4c Device_Startup/startup_same70n20.o
 .debug_macro   0x00010bec      0x135 Device_Startup/startup_same70n20.o
 .debug_macro   0x00010d21       0x6a Device_Startup/startup_same70n20.o
 .debug_macro   0x00010d8b       0x6a Device_Startup/startup_same70n20.o
 .debug_macro   0x00010df5      0x313 Device_Startup/startup_same70n20.o
 .debug_macro   0x00011108       0xb2 Device_Startup/startup_same70n20.o
 .debug_macro   0x000111ba       0xb2 Device_Startup/startup_same70n20.o
 .debug_macro   0x0001126c       0xb2 Device_Startup/startup_same70n20.o
 .debug_macro   0x0001131e      0x11d Device_Startup/startup_same70n20.o
 .debug_macro   0x0001143b      0x11d Device_Startup/startup_same70n20.o
 .debug_macro   0x00011558      0x2cd Device_Startup/startup_same70n20.o
 .debug_macro   0x00011825       0xb8 Device_Startup/startup_same70n20.o
 .debug_macro   0x000118dd       0x5e Device_Startup/startup_same70n20.o
 .debug_macro   0x0001193b       0x40 Device_Startup/startup_same70n20.o
 .debug_macro   0x0001197b       0x4c Device_Startup/startup_same70n20.o
 .debug_macro   0x000119c7       0xa0 Device_Startup/startup_same70n20.o
 .debug_macro   0x00011a67      0x494 Device_Startup/startup_same70n20.o
 .debug_macro   0x00011efb      0x135 Device_Startup/startup_same70n20.o
 .debug_macro   0x00012030       0x4c Device_Startup/startup_same70n20.o
 .debug_macro   0x0001207c      0x313 Device_Startup/startup_same70n20.o
 .debug_macro   0x0001238f       0x6a Device_Startup/startup_same70n20.o
 .debug_macro   0x000123f9       0xb8 Device_Startup/startup_same70n20.o
 .debug_macro   0x000124b1       0x6a Device_Startup/startup_same70n20.o
 .debug_macro   0x0001251b       0x2e Device_Startup/startup_same70n20.o
 .debug_macro   0x00012549      0x9b1 Device_Startup/startup_same70n20.o
 .debug_macro   0x00012efa       0x6a Device_Startup/startup_same70n20.o
 .debug_macro   0x00012f64       0xe2 Device_Startup/startup_same70n20.o
 .debug_macro   0x00013046       0x16 Device_Startup/startup_same70n20.o
 .debug_macro   0x0001305c       0xe2 Device_Startup/startup_same70n20.o
 .debug_macro   0x0001313e       0x4c Device_Startup/startup_same70n20.o
 .debug_macro   0x0001318a       0x16 Device_Startup/startup_same70n20.o
 .debug_macro   0x000131a0       0x4c Device_Startup/startup_same70n20.o
 .debug_macro   0x000131ec       0x2e Device_Startup/startup_same70n20.o
 .debug_macro   0x0001321a      0x1b5 Device_Startup/startup_same70n20.o
 .debug_macro   0x000133cf      0x1b5 Device_Startup/startup_same70n20.o
 .debug_macro   0x00013584      0x1b5 Device_Startup/startup_same70n20.o
 .debug_macro   0x00013739       0x1c Device_Startup/startup_same70n20.o
 .debug_macro   0x00013755       0x2e Device_Startup/startup_same70n20.o
 .debug_macro   0x00013783       0x22 Device_Startup/startup_same70n20.o
 .debug_macro   0x000137a5       0x1c Device_Startup/startup_same70n20.o
 .debug_macro   0x000137c1       0x52 Device_Startup/startup_same70n20.o
 .debug_macro   0x00013813       0x10 Device_Startup/startup_same70n20.o
 .debug_macro   0x00013823       0x1c Device_Startup/startup_same70n20.o
 .debug_macro   0x0001383f       0x4c Device_Startup/startup_same70n20.o
 .debug_macro   0x0001388b       0x4c Device_Startup/startup_same70n20.o
 .debug_macro   0x000138d7       0x4c Device_Startup/startup_same70n20.o
 .debug_macro   0x00013923      0x2ab Device_Startup/startup_same70n20.o
 .debug_macro   0x00013bce      0xb7d Device_Startup/startup_same70n20.o
 .debug_macro   0x0001474b      0x100 Device_Startup/startup_same70n20.o
 .debug_macro   0x0001484b      0x850 main.o
 .debug_macro   0x0001509b      0x8b6 main.o
 .debug_macro   0x00015951       0x4c main.o
 .debug_macro   0x0001599d       0x8d main.o
 .debug_macro   0x00015a2a       0x35 main.o
 .debug_macro   0x00015a5f       0x9c main.o
 .debug_macro   0x00015afb       0x4a main.o
 .debug_macro   0x00015b45      0x16d main.o
 .debug_macro   0x00015cb2      0x330 main.o
 .debug_macro   0x00015fe2       0x40 main.o
 .debug_macro   0x00016022      0xf9a main.o
 .debug_macro   0x00016fbc       0x28 main.o
 .debug_macro   0x00016fe4      0x652 main.o
 .debug_macro   0x00017636       0x76 main.o
 .debug_macro   0x000176ac       0x16 main.o
 .debug_macro   0x000176c2      0x6e4 main.o
 .debug_macro   0x00017da6       0x1c main.o
 .debug_macro   0x00017dc2       0x35 main.o
 .debug_macro   0x00017df7       0x10 main.o
 .debug_macro   0x00017e07       0x52 main.o
 .debug_macro   0x00017e59       0x16 main.o
 .debug_macro   0x00017e6f       0x43 main.o
 .debug_macro   0x00017eb2      0x187 main.o
 .debug_macro   0x00018039       0x22 main.o
 .debug_macro   0x0001805b       0x3a main.o
 .debug_macro   0x00018095       0x10 main.o
 .debug_macro   0x000180a5       0x40 main.o
 .debug_macro   0x000180e5       0x6c main.o
 .debug_macro   0x00018151       0x16 main.o
 .debug_macro   0x00018167      0x182 main.o
 .debug_macro   0x000182e9       0x28 main.o
 .debug_macro   0x00018311       0x16 main.o
 .debug_macro   0x00018327       0x16 main.o
 .debug_macro   0x0001833d       0x29 main.o
 .debug_macro   0x00018366       0x75 main.o
 .debug_macro   0x000183db       0x3f main.o
 .debug_macro   0x0001841a      0x3ca main.o
 .debug_macro   0x000187e4       0x12 main.o
 .debug_macro   0x000187f6       0x16 main.o
 .debug_macro   0x0001880c      0x1da main.o
 .debug_macro   0x000189e6       0xd6 main.o
 .debug_macro   0x00018abc       0x52 main.o
 .debug_macro   0x00018b0e       0x94 main.o
 .debug_macro   0x00018ba2       0x40 main.o
 .debug_macro   0x00018be2      0x2bf main.o
 .debug_macro   0x00018ea1       0x3a main.o
 .debug_macro   0x00018edb       0x70 main.o
 .debug_macro   0x00018f4b       0x82 main.o
 .debug_macro   0x00018fcd       0x5f main.o
 .debug_macro   0x0001902c       0xac main.o
 .debug_macro   0x000190d8       0x82 main.o
 .debug_macro   0x0001915a       0x10 main.o
 .debug_macro   0x0001916a       0x34 main.o
 .debug_macro   0x0001919e       0x10 main.o
 .debug_macro   0x000191ae       0x16 main.o
 .debug_macro   0x000191c4       0x4c main.o
 .debug_macro   0x00019210       0x16 main.o
 .debug_macro   0x00019226       0x16 main.o
 .debug_macro   0x0001923c       0x1c main.o
 .debug_macro   0x00019258       0x3a main.o
 .debug_macro   0x00019292       0x10 main.o
 .debug_macro   0x000192a2       0x52 main.o
 .debug_macro   0x000192f4       0x64 main.o
 .debug_macro   0x00019358       0x88 main.o
 .debug_macro   0x000193e0       0x10 main.o
 .debug_macro   0x000193f0      0x7d2 src/misc/Helper.o
 .debug_macro   0x00019bc2       0x87 src/misc/Helper.o
 .debug_macro   0x00019c49       0x52 src/misc/Helper.o
 .debug_macro   0x00019c9b       0x1b src/misc/Kalman.o
 .debug_macro   0x00019cb6      0x603 src/ASF/sam/drivers/twihs/twihs.o
 .debug_macro   0x0001a2b9      0x174 src/ASF/sam/drivers/twihs/twihs.o
 .debug_macro   0x0001a42d       0x9c src/ASF/sam/drivers/twihs/twihs.o
 .debug_macro   0x0001a4c9       0x16 src/ASF/sam/drivers/twihs/twihs.o
 .debug_macro   0x0001a4df       0x35 src/ASF/sam/drivers/twihs/twihs.o
 .debug_macro   0x0001a514      0x30d src/ASF/sam/drivers/twihs/twihs.o
 .debug_macro   0x0001a821       0x43 src/ASF/sam/drivers/twihs/twihs.o
 .debug_macro   0x0001a864       0x22 src/ASF/sam/drivers/twihs/twihs.o
 .debug_macro   0x0001a886       0x46 src/ASF/sam/drivers/twihs/twihs.o
 .debug_macro   0x0001a8cc      0x5f2 src/ASF/sam/drivers/wdt/wdt.o
 .debug_macro   0x0001aebe      0x7d2 src/hw-interfaces/pcbtop_stabilizer.o
 .debug_macro   0x0001b690      0x1e1 src/hw-interfaces/pcbtop_stabilizer.o
 .debug_macro   0x0001b871       0xac src/hw-interfaces/pcbtop_stabilizer.o
 .debug_macro   0x0001b91d      0x6a5 src/ASF/common/services/clock/same70/sysclk.o
 .debug_macro   0x0001bfc2       0x50 src/ASF/common/services/clock/same70/sysclk.o
 .debug_macro   0x0001c012      0x2b9 src/ASF/common/services/clock/same70/sysclk.o
 .debug_macro   0x0001c2cb      0x5f0 src/ASF/sam/drivers/pio/pio_handler.o
 .debug_macro   0x0001c8bb       0x8e src/ASF/sam/drivers/pio/pio_handler.o
 .debug_macro   0x0001c949      0x5e5 src/ASF/sam/drivers/pio/pio.o
 .debug_macro   0x0001cf2e      0x5e5 src/ASF/sam/drivers/pmc/pmc.o
 .debug_macro   0x0001d513       0x6a src/ASF/sam/drivers/pmc/pmc.o
 .debug_macro   0x0001d57d      0x5ec src/ASF/sam/drivers/pwm/pwm.o
 .debug_macro   0x0001db69      0x5df src/ASF/sam/drivers/uart/uart.o
 .debug_macro   0x0001e148       0x16 src/ASF/sam/drivers/uart/uart.o
 .debug_macro   0x0001e15e      0x7b9 src/ASF/common/boards/user_board/init.o
 .debug_macro   0x0001e917      0x405 src/ASF/sam/utils/cmsis/same70/source/templates/system_same70.o

.debug_line     0x00000000     0xb0aa
 .debug_line    0x00000000      0x730 Device_Startup/startup_same70n20.o
 .debug_line    0x00000730     0x131f main.o
 .debug_line    0x00001a4f      0xed0 src/misc/Helper.o
 .debug_line    0x0000291f      0x105 src/misc/Kalman.o
 .debug_line    0x00002a24      0xc08 src/ASF/sam/drivers/twihs/twihs.o
 .debug_line    0x0000362c      0x9b2 src/ASF/sam/drivers/wdt/wdt.o
 .debug_line    0x00003fde      0xfdc src/hw-interfaces/pcbtop_stabilizer.o
 .debug_line    0x00004fba      0xb08 src/ASF/common/services/clock/same70/sysclk.o
 .debug_line    0x00005ac2      0xa18 src/ASF/sam/drivers/pio/pio_handler.o
 .debug_line    0x000064da      0xe3a src/ASF/sam/drivers/pio/pio.o
 .debug_line    0x00007314     0x1002 src/ASF/sam/drivers/pmc/pmc.o
 .debug_line    0x00008316      0xd00 src/ASF/sam/drivers/pwm/pwm.o
 .debug_line    0x00009016      0xaff src/ASF/sam/drivers/uart/uart.o
 .debug_line    0x00009b15      0xe13 src/ASF/common/boards/user_board/init.o
 .debug_line    0x0000a928      0x782 src/ASF/sam/utils/cmsis/same70/source/templates/system_same70.o

.debug_str      0x00000000    0x838be
 .debug_str     0x00000000    0x6c9b4 Device_Startup/startup_same70n20.o
                              0x6ce7a (size before relaxing)
 .debug_str     0x0006c9b4    0x13e85 main.o
                              0x80933 (size before relaxing)
 .debug_str     0x00080839       0xae src/misc/Helper.o
                              0x7eadf (size before relaxing)
 .debug_str     0x000808e7       0x49 src/misc/Kalman.o
                               0x2713 (size before relaxing)
 .debug_str     0x00080930      0x5da src/ASF/sam/drivers/twihs/twihs.o
                              0x7be56 (size before relaxing)
 .debug_str     0x00080f0a       0xf1 src/ASF/sam/drivers/wdt/wdt.o
                              0x7b94d (size before relaxing)
 .debug_str     0x00080ffb      0xcfd src/hw-interfaces/pcbtop_stabilizer.o
                              0x80097 (size before relaxing)
 .debug_str     0x00081cf8      0x2c4 src/ASF/common/services/clock/same70/sysclk.o
                              0x7de7d (size before relaxing)
 .debug_str     0x00081fbc      0x126 src/ASF/sam/drivers/pio/pio_handler.o
                              0x7c3f9 (size before relaxing)
 .debug_str     0x000820e2      0x56e src/ASF/sam/drivers/pio/pio.o
                              0x7c3f8 (size before relaxing)
 .debug_str     0x00082650      0x7b7 src/ASF/sam/drivers/pmc/pmc.o
                              0x7c54d (size before relaxing)
 .debug_str     0x00082e07      0x6d1 src/ASF/sam/drivers/pwm/pwm.o
                              0x7c780 (size before relaxing)
 .debug_str     0x000834d8      0x206 src/ASF/sam/drivers/uart/uart.o
                              0x7bb52 (size before relaxing)
 .debug_str     0x000836de       0x36 src/ASF/common/boards/user_board/init.o
                              0x7e8c7 (size before relaxing)
 .debug_str     0x00083714      0x1aa src/ASF/sam/utils/cmsis/same70/source/templates/system_same70.o
                              0x6cb11 (size before relaxing)

.debug_frame    0x00000000     0x18f4
 .debug_frame   0x00000000       0x38 Device_Startup/startup_same70n20.o
 .debug_frame   0x00000038      0x18c main.o
 .debug_frame   0x000001c4       0x8c src/misc/Helper.o
 .debug_frame   0x00000250       0xcc src/misc/Kalman.o
 .debug_frame   0x0000031c      0x220 src/ASF/sam/drivers/twihs/twihs.o
 .debug_frame   0x0000053c       0x7c src/ASF/sam/drivers/wdt/wdt.o
 .debug_frame   0x000005b8      0x14c src/hw-interfaces/pcbtop_stabilizer.o
 .debug_frame   0x00000704       0x88 src/ASF/common/services/clock/same70/sysclk.o
 .debug_frame   0x0000078c       0xe0 src/ASF/sam/drivers/pio/pio_handler.o
 .debug_frame   0x0000086c      0x398 src/ASF/sam/drivers/pio/pio.o
 .debug_frame   0x00000c04      0x4f8 src/ASF/sam/drivers/pmc/pmc.o
 .debug_frame   0x000010fc      0x318 src/ASF/sam/drivers/pwm/pwm.o
 .debug_frame   0x00001414      0x19c src/ASF/sam/drivers/uart/uart.o
 .debug_frame   0x000015b0       0x20 src/ASF/common/boards/user_board/init.o
 .debug_frame   0x000015d0       0x40 src/ASF/sam/utils/cmsis/same70/source/templates/system_same70.o
 .debug_frame   0x00001610       0x38 c:/program files (x86)/atmel/studio/7.0/toolchain/arm/arm-gnu-toolchain/bin/../lib/gcc/arm-none-eabi/5.3.1/../../../../arm-none-eabi/lib/armv7e-m\libm.a(lib_a-s_atan.o)
 .debug_frame   0x00001648       0x20 c:/program files (x86)/atmel/studio/7.0/toolchain/arm/arm-gnu-toolchain/bin/../lib/gcc/arm-none-eabi/5.3.1/../../../../arm-none-eabi/lib/armv7e-m\libm.a(lib_a-s_fabs.o)
 .debug_frame   0x00001668       0x20 c:/program files (x86)/atmel/studio/7.0/toolchain/arm/arm-gnu-toolchain/bin/../lib/gcc/arm-none-eabi/5.3.1/../../../../arm-none-eabi/lib/armv7e-m\libm.a(lib_a-w_atan2.o)
 .debug_frame   0x00001688       0x44 c:/program files (x86)/atmel/studio/7.0/toolchain/arm/arm-gnu-toolchain/bin/../lib/gcc/arm-none-eabi/5.3.1/../../../../arm-none-eabi/lib/armv7e-m\libm.a(lib_a-w_sqrt.o)
 .debug_frame   0x000016cc       0x48 c:/program files (x86)/atmel/studio/7.0/toolchain/arm/arm-gnu-toolchain/bin/../lib/gcc/arm-none-eabi/5.3.1/../../../../arm-none-eabi/lib/armv7e-m\libm.a(lib_a-e_atan2.o)
 .debug_frame   0x00001714       0x34 c:/program files (x86)/atmel/studio/7.0/toolchain/arm/arm-gnu-toolchain/bin/../lib/gcc/arm-none-eabi/5.3.1/../../../../arm-none-eabi/lib/armv7e-m\libm.a(lib_a-e_sqrt.o)
 .debug_frame   0x00001748       0x20 c:/program files (x86)/atmel/studio/7.0/toolchain/arm/arm-gnu-toolchain/bin/../lib/gcc/arm-none-eabi/5.3.1/../../../../arm-none-eabi/lib/armv7e-m\libm.a(lib_a-s_matherr.o)
 .debug_frame   0x00001768       0x20 c:/program files (x86)/atmel/studio/7.0/toolchain/arm/arm-gnu-toolchain/bin/../lib/gcc/arm-none-eabi/5.3.1/../../../../arm-none-eabi/lib/armv7e-m\libc.a(lib_a-errno.o)
 .debug_frame   0x00001788       0x2c c:/program files (x86)/atmel/studio/7.0/toolchain/arm/arm-gnu-toolchain/bin/../lib/gcc/arm-none-eabi/5.3.1/../../../../arm-none-eabi/lib/armv7e-m\libc.a(lib_a-init.o)
 .debug_frame   0x000017b4       0x20 c:/program files (x86)/atmel/studio/7.0/toolchain/arm/arm-gnu-toolchain/bin/../lib/gcc/arm-none-eabi/5.3.1/../../../../arm-none-eabi/lib/armv7e-m\libc.a(lib_a-isspace.o)
 .debug_frame   0x000017d4       0x28 c:/program files (x86)/atmel/studio/7.0/toolchain/arm/arm-gnu-toolchain/bin/../lib/gcc/arm-none-eabi/5.3.1/../../../../arm-none-eabi/lib/armv7e-m\libc.a(lib_a-strcat.o)
 .debug_frame   0x000017fc       0x20 c:/program files (x86)/atmel/studio/7.0/toolchain/arm/arm-gnu-toolchain/bin/../lib/gcc/arm-none-eabi/5.3.1/../../../../arm-none-eabi/lib/armv7e-m\libc.a(lib_a-strcpy.o)
 .debug_frame   0x0000181c       0x50 c:/program files (x86)/atmel/studio/7.0/toolchain/arm/arm-gnu-toolchain/bin/../lib/gcc/arm-none-eabi/5.3.1/../../../../arm-none-eabi/lib/armv7e-m\libc.a(lib_a-__call_atexit.o)
 .debug_frame   0x0000186c       0x20 c:/program files (x86)/atmel/studio/7.0/toolchain/arm/arm-gnu-toolchain/bin/../lib/gcc/arm-none-eabi/5.3.1/../../../../arm-none-eabi/lib/armv7e-m\libc.a(lib_a-atexit.o)
 .debug_frame   0x0000188c       0x34 c:/program files (x86)/atmel/studio/7.0/toolchain/arm/arm-gnu-toolchain/bin/../lib/gcc/arm-none-eabi/5.3.1/../../../../arm-none-eabi/lib/armv7e-m\libc.a(lib_a-fini.o)
 .debug_frame   0x000018c0       0x34 c:/program files (x86)/atmel/studio/7.0/toolchain/arm/arm-gnu-toolchain/bin/../lib/gcc/arm-none-eabi/5.3.1/../../../../arm-none-eabi/lib/armv7e-m\libc.a(lib_a-__atexit.o)
